Downloading [1/1] artifacts (0 B / 0 B)
Downloading [2/2] artifacts (0 B / 0 B)
Downloading [3/3] artifacts (0 B / 0 B)
Downloading [4/4] artifacts (0 B / 0 B)
Downloading [5/5] artifacts (0 B / 0 B)
Downloading [6/6] artifacts (0 B / 0 B)
Downloading [6/6] artifacts (0 B / 75.8 KiB)
Downloading [6/6] artifacts (0 B / 90.5 KiB)
Downloading [6/6] artifacts (0 B / 94.1 KiB)
Downloading [6/6] artifacts (3.7 KiB / 94.1 KiB)
Downloading [6/6] artifacts (12.0 KiB / 94.1 KiB)
Downloading [6/6] artifacts (26.7 KiB / 94.1 KiB)
Downloading [6/6] artifacts (42.7 KiB / 94.1 KiB)
Downloading [6/6] artifacts (46.3 KiB / 94.1 KiB)
Downloading [6/6] artifacts (46.3 KiB / 94.1 KiB)
Downloading [6/6] artifacts (62.3 KiB / 94.1 KiB)
Downloading [7/7] artifacts (62.3 KiB / 94.1 KiB)
Downloading [7/7] artifacts (62.3 KiB / 94.1 KiB)
Downloading [8/8] artifacts (62.3 KiB / 94.1 KiB)
Downloading [8/8] artifacts (78.3 KiB / 94.1 KiB)
Downloading [8/8] artifacts (94.1 KiB / 94.1 KiB)
Downloading [8/8] artifacts (94.1 KiB / 94.1 KiB)
Downloading [9/9] artifacts (94.1 KiB / 94.1 KiB)
Downloading [9/9] artifacts (94.1 KiB / 101.6 KiB)
Downloading [9/9] artifacts (94.1 KiB / 106.1 KiB)
Downloading [9/9] artifacts (101.6 KiB / 106.1 KiB)
Downloading [9/9] artifacts (101.6 KiB / 106.1 KiB)
Downloading [10/10] artifacts (101.6 KiB / 106.1 KiB)
Downloading [10/10] artifacts (106.1 KiB / 106.1 KiB)
Downloading [10/10] artifacts (106.1 KiB / 106.1 KiB)
Downloading [11/11] artifacts (106.1 KiB / 106.1 KiB)
Downloading [11/11] artifacts (106.1 KiB / 126.2 KiB)
Downloading [11/11] artifacts (106.1 KiB / 146.0 KiB)
Downloading [11/11] artifacts (106.1 KiB / 422.6 KiB)
Downloading [11/11] artifacts (106.1 KiB / 2.2 MiB)
Downloading [11/11] artifacts (113.7 KiB / 2.2 MiB)
Downloading [11/11] artifacts (121.7 KiB / 2.2 MiB)
Downloading [11/11] artifacts (134.2 KiB / 2.2 MiB)
Downloading [11/11] artifacts (146.0 KiB / 2.2 MiB)
Downloading [11/11] artifacts (146.0 KiB / 2.2 MiB)
Downloading [12/12] artifacts (146.0 KiB / 2.2 MiB)
Downloading [12/12] artifacts (146.0 KiB / 2.2 MiB)
Downloading [13/13] artifacts (146.0 KiB / 2.2 MiB)
Downloading [13/13] artifacts (154.0 KiB / 2.2 MiB)
Downloading [13/13] artifacts (154.9 KiB / 2.2 MiB)
Downloading [13/13] artifacts (156.3 KiB / 2.2 MiB)
Downloading [13/13] artifacts (172.3 KiB / 2.2 MiB)
Downloading [13/13] artifacts (173.6 KiB / 2.2 MiB)
Downloading [13/13] artifacts (174.9 KiB / 2.2 MiB)
Downloading [13/13] artifacts (176.3 KiB / 2.2 MiB)
Downloading [13/13] artifacts (177.6 KiB / 2.2 MiB)
Downloading [13/13] artifacts (178.9 KiB / 2.2 MiB)
Downloading [13/13] artifacts (180.3 KiB / 2.2 MiB)
Downloading [13/13] artifacts (181.6 KiB / 2.2 MiB)
Downloading [13/13] artifacts (197.6 KiB / 2.2 MiB)
Downloading [13/13] artifacts (198.0 KiB / 2.2 MiB)
Downloading [13/13] artifacts (199.4 KiB / 2.2 MiB)
Downloading [13/13] artifacts (200.7 KiB / 2.2 MiB)
Downloading [13/13] artifacts (202.1 KiB / 2.2 MiB)
Downloading [13/13] artifacts (203.4 KiB / 2.2 MiB)
Downloading [13/13] artifacts (204.7 KiB / 2.2 MiB)
Downloading [13/13] artifacts (220.7 KiB / 2.2 MiB)
Downloading [13/13] artifacts (222.1 KiB / 2.2 MiB)
Downloading [13/13] artifacts (223.4 KiB / 2.2 MiB)
Downloading [13/13] artifacts (224.7 KiB / 2.2 MiB)
Downloading [13/13] artifacts (226.1 KiB / 2.2 MiB)
Downloading [13/13] artifacts (227.4 KiB / 2.2 MiB)
Downloading [13/13] artifacts (228.8 KiB / 2.2 MiB)
Downloading [13/13] artifacts (230.1 KiB / 2.2 MiB)
Downloading [13/13] artifacts (246.1 KiB / 2.2 MiB)
Downloading [13/13] artifacts (247.4 KiB / 2.2 MiB)
Downloading [13/13] artifacts (248.8 KiB / 2.2 MiB)
Downloading [13/13] artifacts (250.0 KiB / 2.2 MiB)
Downloading [13/13] artifacts (251.4 KiB / 2.2 MiB)
Downloading [13/13] artifacts (252.7 KiB / 2.2 MiB)
Downloading [13/13] artifacts (254.1 KiB / 2.2 MiB)
Downloading [13/13] artifacts (255.4 KiB / 2.2 MiB)
Downloading [13/13] artifacts (256.7 KiB / 2.2 MiB)
Downloading [13/13] artifacts (258.1 KiB / 2.2 MiB)
Downloading [13/13] artifacts (259.4 KiB / 2.2 MiB)
Downloading [13/13] artifacts (260.7 KiB / 2.2 MiB)
Downloading [13/13] artifacts (262.1 KiB / 2.2 MiB)
Downloading [13/13] artifacts (263.4 KiB / 2.2 MiB)
Downloading [13/13] artifacts (264.8 KiB / 2.2 MiB)
Downloading [13/13] artifacts (266.0 KiB / 2.2 MiB)
Downloading [13/13] artifacts (267.4 KiB / 2.2 MiB)
Downloading [13/13] artifacts (268.7 KiB / 2.2 MiB)
Downloading [13/13] artifacts (270.1 KiB / 2.2 MiB)
Downloading [13/13] artifacts (271.4 KiB / 2.2 MiB)
Downloading [13/13] artifacts (275.5 KiB / 2.2 MiB)
Downloading [13/13] artifacts (291.5 KiB / 2.2 MiB)
Downloading [13/13] artifacts (307.5 KiB / 2.2 MiB)
Downloading [13/13] artifacts (323.5 KiB / 2.2 MiB)
Downloading [13/13] artifacts (339.5 KiB / 2.2 MiB)
Downloading [13/13] artifacts (355.5 KiB / 2.2 MiB)
Downloading [13/13] artifacts (371.5 KiB / 2.2 MiB)
Downloading [13/13] artifacts (387.5 KiB / 2.2 MiB)
Downloading [13/13] artifacts (403.5 KiB / 2.2 MiB)
Downloading [13/13] artifacts (407.7 KiB / 2.2 MiB)
Downloading [13/13] artifacts (423.7 KiB / 2.2 MiB)
Downloading [13/13] artifacts (427.8 KiB / 2.2 MiB)
Downloading [13/13] artifacts (431.9 KiB / 2.2 MiB)
Downloading [13/13] artifacts (436.0 KiB / 2.2 MiB)
Downloading [13/13] artifacts (452.0 KiB / 2.2 MiB)
Downloading [13/13] artifacts (456.2 KiB / 2.2 MiB)
Downloading [13/13] artifacts (458.0 KiB / 2.2 MiB)
Downloading [13/13] artifacts (474.0 KiB / 2.2 MiB)
Downloading [13/13] artifacts (478.2 KiB / 2.2 MiB)
Downloading [13/13] artifacts (482.3 KiB / 2.2 MiB)
Downloading [13/13] artifacts (486.4 KiB / 2.2 MiB)
Downloading [13/13] artifacts (502.4 KiB / 2.2 MiB)
Downloading [13/13] artifacts (515.0 KiB / 2.2 MiB)
Downloading [13/13] artifacts (515.0 KiB / 2.2 MiB)
Downloading [14/14] artifacts (515.0 KiB / 2.2 MiB)
Downloading [14/14] artifacts (515.0 KiB / 2.2 MiB)
Downloading [14/14] artifacts (515.0 KiB / 2.2 MiB)
Downloading [14/14] artifacts (530.3 KiB / 2.2 MiB)
Downloading [14/14] artifacts (532.2 KiB / 2.2 MiB)
Downloading [14/14] artifacts (548.2 KiB / 2.2 MiB)
Downloading [14/14] artifacts (548.2 KiB / 2.2 MiB)
Downloading [15/15] artifacts (548.2 KiB / 2.2 MiB)
Downloading [15/15] artifacts (564.2 KiB / 2.2 MiB)
Downloading [15/15] artifacts (575.6 KiB / 2.2 MiB)
Downloading [15/15] artifacts (575.6 KiB / 2.2 MiB)
Downloading [16/16] artifacts (575.6 KiB / 2.2 MiB)
Downloading [16/16] artifacts (575.6 KiB / 2.2 MiB)
Downloading [16/16] artifacts (579.7 KiB / 2.2 MiB)
Downloading [16/16] artifacts (582.0 KiB / 2.2 MiB)
Downloading [16/16] artifacts (582.0 KiB / 2.2 MiB)
Downloading [17/17] artifacts (582.0 KiB / 2.2 MiB)
Downloading [17/17] artifacts (586.2 KiB / 2.2 MiB)
Downloading [17/17] artifacts (590.3 KiB / 2.2 MiB)
Downloading [17/17] artifacts (594.4 KiB / 2.2 MiB)
Downloading [17/17] artifacts (597.5 KiB / 2.2 MiB)
Downloading [17/17] artifacts (601.7 KiB / 2.2 MiB)
Downloading [17/17] artifacts (605.8 KiB / 2.2 MiB)
Downloading [17/17] artifacts (609.9 KiB / 2.2 MiB)
Downloading [17/17] artifacts (609.9 KiB / 2.3 MiB)
Downloading [17/17] artifacts (613.5 KiB / 2.3 MiB)
Downloading [17/17] artifacts (617.7 KiB / 2.3 MiB)
Downloading [17/17] artifacts (621.8 KiB / 2.3 MiB)
Downloading [17/17] artifacts (625.9 KiB / 2.3 MiB)
Downloading [17/17] artifacts (629.5 KiB / 2.3 MiB)
Downloading [17/17] artifacts (633.7 KiB / 2.3 MiB)
Downloading [17/17] artifacts (637.8 KiB / 2.3 MiB)
Downloading [17/17] artifacts (644.4 KiB / 2.3 MiB)
Downloading [17/17] artifacts (644.4 KiB / 2.3 MiB)
Downloading [18/18] artifacts (644.4 KiB / 2.3 MiB)
Downloading [18/18] artifacts (648.5 KiB / 2.3 MiB)
Downloading [18/18] artifacts (652.7 KiB / 2.3 MiB)
Downloading [18/18] artifacts (656.8 KiB / 2.3 MiB)
Downloading [18/18] artifacts (660.9 KiB / 2.3 MiB)
Downloading [18/18] artifacts (665.0 KiB / 2.3 MiB)
Downloading [18/18] artifacts (669.2 KiB / 2.3 MiB)
Downloading [18/18] artifacts (673.3 KiB / 2.3 MiB)
Downloading [18/18] artifacts (677.4 KiB / 2.3 MiB)
Downloading [18/18] artifacts (681.6 KiB / 2.3 MiB)
Downloading [18/18] artifacts (685.7 KiB / 2.3 MiB)
Downloading [18/18] artifacts (689.8 KiB / 2.3 MiB)
Downloading [18/18] artifacts (694.0 KiB / 2.3 MiB)
Downloading [18/18] artifacts (698.1 KiB / 2.3 MiB)
Downloading [18/18] artifacts (702.2 KiB / 2.3 MiB)
Downloading [18/18] artifacts (706.3 KiB / 2.3 MiB)
Downloading [18/18] artifacts (706.3 KiB / 2.3 MiB)
Downloading [18/18] artifacts (722.3 KiB / 2.3 MiB)
Downloading [18/18] artifacts (738.3 KiB / 2.3 MiB)
Downloading [18/18] artifacts (754.3 KiB / 2.3 MiB)
Downloading [18/18] artifacts (764.1 KiB / 2.3 MiB)
Downloading [18/18] artifacts (780.1 KiB / 2.3 MiB)
Downloading [18/18] artifacts (793.5 KiB / 2.3 MiB)
Downloading [18/18] artifacts (793.5 KiB / 2.3 MiB)
Downloading [19/19] artifacts (793.5 KiB / 2.3 MiB)
Downloading [19/19] artifacts (809.5 KiB / 2.3 MiB)
Downloading [19/19] artifacts (825.5 KiB / 2.3 MiB)
Downloading [19/19] artifacts (825.5 KiB / 2.3 MiB)
Downloading [19/19] artifacts (841.5 KiB / 2.3 MiB)
Downloading [19/19] artifacts (857.5 KiB / 2.3 MiB)
Downloading [19/19] artifacts (857.5 KiB / 2.3 MiB)
Downloading [19/19] artifacts (873.5 KiB / 2.3 MiB)
Downloading [19/19] artifacts (875.2 KiB / 2.3 MiB)
Downloading [19/19] artifacts (875.2 KiB / 2.3 MiB)
Downloading [20/20] artifacts (875.2 KiB / 2.3 MiB)
Downloading [20/20] artifacts (883.4 KiB / 2.3 MiB)
Downloading [20/20] artifacts (883.4 KiB / 2.3 MiB)
Downloading [21/21] artifacts (883.4 KiB / 2.3 MiB)
Downloading [21/21] artifacts (899.4 KiB / 2.3 MiB)
Downloading [21/21] artifacts (915.4 KiB / 2.3 MiB)
Downloading [21/21] artifacts (931.4 KiB / 2.3 MiB)
Downloading [21/21] artifacts (947.4 KiB / 2.3 MiB)
Downloading [21/21] artifacts (963.4 KiB / 2.3 MiB)
Downloading [21/21] artifacts (979.4 KiB / 2.3 MiB)
Downloading [21/21] artifacts (995.4 KiB / 2.3 MiB)
Downloading [21/21] artifacts (1011.4 KiB / 2.3 MiB)
Downloading [21/21] artifacts (1.0 MiB / 2.3 MiB)
Downloading [21/21] artifacts (1.0 MiB / 2.3 MiB)
Downloading [21/21] artifacts (1.0 MiB / 2.3 MiB)
Downloading [21/21] artifacts (1.1 MiB / 2.3 MiB)
Downloading [21/21] artifacts (1.1 MiB / 2.3 MiB)
Downloading [21/21] artifacts (1.1 MiB / 2.3 MiB)
Downloading [21/21] artifacts (1.1 MiB / 2.3 MiB)
Downloading [21/21] artifacts (1.1 MiB / 2.3 MiB)
Downloading [21/21] artifacts (1.1 MiB / 2.3 MiB)
Downloading [21/21] artifacts (1.1 MiB / 2.3 MiB)
Downloading [21/21] artifacts (1.1 MiB / 2.3 MiB)
Downloading [21/21] artifacts (1.2 MiB / 2.3 MiB)
Downloading [21/21] artifacts (1.2 MiB / 2.3 MiB)
Downloading [21/21] artifacts (1.2 MiB / 2.3 MiB)
Downloading [21/21] artifacts (1.2 MiB / 2.3 MiB)
Downloading [21/21] artifacts (1.2 MiB / 2.3 MiB)
Downloading [21/21] artifacts (1.2 MiB / 2.3 MiB)
Downloading [21/21] artifacts (1.2 MiB / 2.3 MiB)
Downloading [21/21] artifacts (1.2 MiB / 2.3 MiB)
Downloading [21/21] artifacts (1.2 MiB / 2.3 MiB)
Downloading [22/22] artifacts (1.2 MiB / 2.3 MiB)
Downloading [22/22] artifacts (1.3 MiB / 2.3 MiB)
Downloading [22/22] artifacts (1.3 MiB / 2.3 MiB)
Downloading [22/22] artifacts (1.3 MiB / 2.3 MiB)
Downloading [22/22] artifacts (1.3 MiB / 2.3 MiB)
Downloading [22/22] artifacts (1.3 MiB / 2.3 MiB)
Downloading [22/22] artifacts (1.3 MiB / 2.3 MiB)
Downloading [22/22] artifacts (1.4 MiB / 2.3 MiB)
Downloading [22/22] artifacts (1.4 MiB / 2.3 MiB)
Downloading [22/22] artifacts (1.4 MiB / 2.3 MiB)
Downloading [22/22] artifacts (1.4 MiB / 2.3 MiB)
Downloading [22/22] artifacts (1.4 MiB / 2.3 MiB)
Downloading [22/22] artifacts (1.4 MiB / 2.3 MiB)
Downloading [22/22] artifacts (1.4 MiB / 2.3 MiB)
Downloading [22/22] artifacts (1.4 MiB / 2.3 MiB)
Downloading [22/22] artifacts (1.5 MiB / 2.3 MiB)
Downloading [22/22] artifacts (1.5 MiB / 2.3 MiB)
Downloading [22/22] artifacts (1.5 MiB / 2.3 MiB)
Downloading [22/22] artifacts (1.5 MiB / 2.3 MiB)
Downloading [22/22] artifacts (1.5 MiB / 2.3 MiB)
Downloading [22/22] artifacts (1.5 MiB / 2.3 MiB)
Downloading [22/22] artifacts (1.5 MiB / 2.3 MiB)
Downloading [23/23] artifacts (1.5 MiB / 2.3 MiB)
Downloading [23/23] artifacts (1.5 MiB / 2.3 MiB)
Downloading [23/23] artifacts (1.6 MiB / 2.3 MiB)
Downloading [23/23] artifacts (1.6 MiB / 2.3 MiB)
Downloading [23/23] artifacts (1.6 MiB / 2.3 MiB)
Downloading [23/23] artifacts (1.6 MiB / 2.3 MiB)
Downloading [23/23] artifacts (1.6 MiB / 2.3 MiB)
Downloading [23/23] artifacts (1.6 MiB / 2.3 MiB)
Downloading [23/23] artifacts (1.6 MiB / 2.3 MiB)
Downloading [23/23] artifacts (1.7 MiB / 2.3 MiB)
Downloading [23/23] artifacts (1.7 MiB / 2.3 MiB)
Downloading [23/23] artifacts (1.7 MiB / 2.3 MiB)
Downloading [23/23] artifacts (1.7 MiB / 2.3 MiB)
Downloading [23/23] artifacts (1.7 MiB / 2.3 MiB)
Downloading [23/23] artifacts (1.7 MiB / 2.3 MiB)
Downloading [23/23] artifacts (1.8 MiB / 2.3 MiB)
Downloading [23/23] artifacts (1.8 MiB / 2.3 MiB)
Downloading [23/23] artifacts (1.8 MiB / 2.3 MiB)
Downloading [23/23] artifacts (1.8 MiB / 2.3 MiB)
Downloading [23/23] artifacts (1.8 MiB / 2.3 MiB)
Downloading [23/23] artifacts (1.8 MiB / 2.3 MiB)
Downloading [23/23] artifacts (1.8 MiB / 2.3 MiB)
Downloading [23/23] artifacts (1.8 MiB / 2.3 MiB)
Downloading [23/23] artifacts (1.8 MiB / 2.3 MiB)
Downloading [23/23] artifacts (1.9 MiB / 2.3 MiB)
Downloading [23/23] artifacts (1.9 MiB / 2.3 MiB)
Downloading [23/23] artifacts (1.9 MiB / 2.3 MiB)
Downloading [23/23] artifacts (1.9 MiB / 2.3 MiB)
Downloading [23/23] artifacts (1.9 MiB / 2.3 MiB)
Downloading [23/23] artifacts (1.9 MiB / 2.3 MiB)
Downloading [23/23] artifacts (1.9 MiB / 2.3 MiB)
Downloading [24/24] artifacts (1.9 MiB / 2.3 MiB)
Downloading [24/24] artifacts (1.9 MiB / 2.3 MiB)
Downloading [24/24] artifacts (1.9 MiB / 2.3 MiB)
Downloading [24/24] artifacts (2.0 MiB / 2.3 MiB)
Downloading [24/24] artifacts (2.0 MiB / 2.3 MiB)
Downloading [24/24] artifacts (2.0 MiB / 2.3 MiB)
Downloading [24/24] artifacts (2.0 MiB / 2.3 MiB)
Downloading [24/24] artifacts (2.0 MiB / 2.3 MiB)
Downloading [24/24] artifacts (2.0 MiB / 2.3 MiB)
Downloading [25/25] artifacts (2.0 MiB / 2.3 MiB)
Downloading [25/25] artifacts (2.0 MiB / 2.3 MiB)
Downloading [25/25] artifacts (2.0 MiB / 2.3 MiB)
Downloading [25/25] artifacts (2.0 MiB / 2.3 MiB)
Downloading [25/25] artifacts (2.1 MiB / 2.3 MiB)
Downloading [25/25] artifacts (2.1 MiB / 2.3 MiB)
Downloading [25/25] artifacts (2.1 MiB / 2.3 MiB)
Downloading [25/25] artifacts (2.1 MiB / 2.3 MiB)
Downloading [25/25] artifacts (2.1 MiB / 2.3 MiB)
Downloading [25/25] artifacts (2.1 MiB / 2.3 MiB)
Downloading [25/25] artifacts (2.2 MiB / 2.3 MiB)
Downloading [25/25] artifacts (2.2 MiB / 2.3 MiB)
Downloading [25/25] artifacts (2.2 MiB / 2.3 MiB)
Downloading [25/25] artifacts (2.2 MiB / 2.3 MiB)
Downloading [25/25] artifacts (2.2 MiB / 2.3 MiB)
Downloading [25/25] artifacts (2.2 MiB / 2.3 MiB)
Downloading [25/25] artifacts (2.2 MiB / 2.3 MiB)
Downloading [25/25] artifacts (2.3 MiB / 2.3 MiB)
Downloading [25/25] artifacts (2.3 MiB / 2.3 MiB)
Downloading [25/25] artifacts (2.3 MiB / 2.3 MiB)
Downloading [25/25] artifacts (2.3 MiB / 2.3 MiB)
Downloading [25/25] artifacts (2.3 MiB / 2.3 MiB)
Downloading [25/25] artifacts (2.3 MiB / 2.3 MiB)
Downloading [25/25] artifacts (2.3 MiB / 2.3 MiB)
Downloading [26/26] artifacts (2.3 MiB / 2.3 MiB)
Downloading [26/26] artifacts (2.3 MiB / 2.4 MiB)
Downloading [26/26] artifacts (2.3 MiB / 2.6 MiB)
Downloading [26/26] artifacts (2.3 MiB / 2.6 MiB)
Downloading [26/26] artifacts (2.4 MiB / 2.6 MiB)
Downloading [26/26] artifacts (2.4 MiB / 2.6 MiB)
Downloading [26/26] artifacts (2.4 MiB / 2.6 MiB)
Downloading [26/26] artifacts (2.4 MiB / 2.6 MiB)
Downloading [26/26] artifacts (2.4 MiB / 2.6 MiB)
Downloading [26/26] artifacts (2.4 MiB / 2.6 MiB)
Downloading [26/26] artifacts (2.4 MiB / 2.6 MiB)
Downloading [26/26] artifacts (2.4 MiB / 2.6 MiB)
Downloading [27/27] artifacts (2.4 MiB / 2.6 MiB)
Downloading [27/27] artifacts (2.5 MiB / 2.6 MiB)
Downloading [27/27] artifacts (2.5 MiB / 2.6 MiB)
Downloading [27/27] artifacts (2.5 MiB / 2.6 MiB)
Downloading [27/27] artifacts (2.5 MiB / 2.6 MiB)
Downloading [27/27] artifacts (2.5 MiB / 2.6 MiB)
Downloading [27/27] artifacts (2.5 MiB / 2.6 MiB)
Downloading [27/27] artifacts (2.5 MiB / 2.6 MiB)
Downloading [27/27] artifacts (2.6 MiB / 2.6 MiB)
Downloading [27/27] artifacts (2.6 MiB / 2.6 MiB)
Downloading [27/27] artifacts (2.6 MiB / 2.6 MiB)
Downloading [27/27] artifacts (2.6 MiB / 2.6 MiB)
Downloading [27/27] artifacts (2.6 MiB / 2.6 MiB)
Downloading [27/27] artifacts (2.6 MiB / 2.6 MiB)
Downloading [27/27] artifacts (2.6 MiB / 2.6 MiB)
Downloading [28/28] artifacts (2.6 MiB / 2.6 MiB)
Downloading [28/28] artifacts (2.6 MiB / 2.7 MiB)
Downloading [28/28] artifacts (2.6 MiB / 2.7 MiB)
Downloading [28/28] artifacts (2.6 MiB / 2.7 MiB)
Downloading [28/28] artifacts (2.7 MiB / 2.7 MiB)
Downloading [28/28] artifacts (2.7 MiB / 2.7 MiB)
Downloading [28/28] artifacts (2.7 MiB / 2.7 MiB)
Downloading [28/28] artifacts (2.7 MiB / 2.7 MiB)
Downloading [28/28] artifacts (2.7 MiB / 2.7 MiB)
Downloading [28/28] artifacts (2.7 MiB / 2.7 MiB)
Downloading [28/28] artifacts (2.7 MiB / 2.7 MiB)
Downloading [28/28] artifacts (2.7 MiB / 2.7 MiB)
Downloading [29/29] artifacts (2.7 MiB / 2.7 MiB)
Downloading [29/29] artifacts (2.7 MiB / 2.7 MiB)
Downloading [30/30] artifacts (2.7 MiB / 2.7 MiB)
Downloading [30/30] artifacts (2.7 MiB / 2.7 MiB)
Downloading [30/30] artifacts (2.7 MiB / 2.7 MiB)
Downloading [30/30] artifacts (2.7 MiB / 2.7 MiB)
Downloading [30/30] artifacts (2.7 MiB / 2.7 MiB)
Downloading [31/31] artifacts (2.7 MiB / 2.7 MiB)
Downloading [31/31] artifacts (2.7 MiB / 2.7 MiB)
Downloading [31/31] artifacts (2.7 MiB / 2.7 MiB)
Downloading [31/31] artifacts (2.7 MiB / 2.7 MiB)
Downloading [32/32] artifacts (2.7 MiB / 2.7 MiB)
Downloading [32/32] artifacts (2.7 MiB / 2.9 MiB)
Downloading [32/32] artifacts (2.7 MiB / 2.9 MiB)
Downloading [32/32] artifacts (2.8 MiB / 2.9 MiB)
Downloading [32/32] artifacts (2.8 MiB / 2.9 MiB)
Downloading [32/32] artifacts (2.8 MiB / 2.9 MiB)
Downloading [32/32] artifacts (2.8 MiB / 2.9 MiB)
Downloading [32/32] artifacts (2.8 MiB / 2.9 MiB)
Downloading [32/32] artifacts (2.8 MiB / 2.9 MiB)
Downloading [32/32] artifacts (2.9 MiB / 2.9 MiB)
Downloading [32/32] artifacts (2.9 MiB / 2.9 MiB)
Downloading [32/32] artifacts (2.9 MiB / 2.9 MiB)
Downloading [32/32] artifacts (2.9 MiB / 2.9 MiB)
Downloading [32/32] artifacts (2.9 MiB / 2.9 MiB)
Downloading [32/32] artifacts (2.9 MiB / 2.9 MiB)
Downloading [32/32] artifacts (2.9 MiB / 2.9 MiB)
Downloading [33/33] artifacts (2.9 MiB / 2.9 MiB)
Downloading [33/33] artifacts (2.9 MiB / 2.9 MiB)
Downloading [33/33] artifacts (2.9 MiB / 2.9 MiB)
Downloading [34/34] artifacts (2.9 MiB / 2.9 MiB)
Downloading [34/34] artifacts (2.9 MiB / 2.9 MiB)
Downloading [34/34] artifacts (2.9 MiB / 2.9 MiB)
Downloading [34/34] artifacts (2.9 MiB / 2.9 MiB)
Downloading [34/34] artifacts (2.9 MiB / 2.9 MiB)
Downloading [35/35] artifacts (2.9 MiB / 2.9 MiB)
Downloading [35/35] artifacts (2.9 MiB / 3.0 MiB)
Downloading [35/35] artifacts (2.9 MiB / 3.0 MiB)
Downloading [35/35] artifacts (3.0 MiB / 3.0 MiB)
Downloading [35/35] artifacts (3.0 MiB / 3.0 MiB)
Downloading [35/35] artifacts (3.0 MiB / 3.0 MiB)
Downloading [36/36] artifacts (3.0 MiB / 3.0 MiB)
Downloading [36/36] artifacts (3.0 MiB / 3.0 MiB)
Downloading [36/36] artifacts (3.0 MiB / 3.0 MiB)
Downloading [36/36] artifacts (3.0 MiB / 3.0 MiB)
Downloading [36/36] artifacts (3.0 MiB / 3.0 MiB)
Downloading [36/36] artifacts (3.0 MiB / 3.0 MiB)
Downloading [36/36] artifacts (3.0 MiB / 3.0 MiB)
Downloading [36/36] artifacts (3.0 MiB / 3.0 MiB)
Downloading [37/37] artifacts (3.0 MiB / 3.0 MiB)
Downloading [37/37] artifacts (3.0 MiB / 3.2 MiB)
Downloading [37/37] artifacts (3.0 MiB / 3.2 MiB)
Downloading [37/37] artifacts (3.0 MiB / 3.2 MiB)
Downloading [37/37] artifacts (3.1 MiB / 3.2 MiB)
Downloading [37/37] artifacts (3.1 MiB / 3.3 MiB)
Downloading [37/37] artifacts (3.1 MiB / 3.4 MiB)
Downloading [37/37] artifacts (3.1 MiB / 3.4 MiB)
Downloading [37/37] artifacts (3.1 MiB / 3.4 MiB)
Downloading [37/37] artifacts (3.1 MiB / 3.4 MiB)
Downloading [37/37] artifacts (3.1 MiB / 3.4 MiB)
Downloading [37/37] artifacts (3.1 MiB / 3.4 MiB)
Downloading [37/37] artifacts (3.1 MiB / 3.4 MiB)
Downloading [37/37] artifacts (3.1 MiB / 3.4 MiB)
Downloading [37/37] artifacts (3.2 MiB / 3.4 MiB)
Downloading [37/37] artifacts (3.2 MiB / 3.4 MiB)
Downloading [38/38] artifacts (3.2 MiB / 3.4 MiB)
Downloading [38/38] artifacts (3.2 MiB / 3.4 MiB)
Downloading [38/38] artifacts (3.2 MiB / 3.4 MiB)
Downloading [38/38] artifacts (3.2 MiB / 3.4 MiB)
Downloading [38/38] artifacts (3.2 MiB / 3.4 MiB)
Downloading [38/38] artifacts (3.2 MiB / 3.4 MiB)
Downloading [38/38] artifacts (3.3 MiB / 3.4 MiB)
Downloading [38/38] artifacts (3.3 MiB / 3.4 MiB)
Downloading [38/38] artifacts (3.3 MiB / 3.4 MiB)
Downloading [38/38] artifacts (3.3 MiB / 3.4 MiB)
Downloading [38/38] artifacts (3.3 MiB / 3.4 MiB)
Downloading [38/38] artifacts (3.3 MiB / 3.4 MiB)
Downloading [38/38] artifacts (3.3 MiB / 3.4 MiB)
Downloading [39/39] artifacts (3.3 MiB / 3.4 MiB)
Downloading [39/39] artifacts (3.3 MiB / 3.4 MiB)
Downloading [39/39] artifacts (3.4 MiB / 3.4 MiB)
Downloading [39/39] artifacts (3.4 MiB / 3.4 MiB)
Downloading [39/39] artifacts (3.4 MiB / 3.4 MiB)
Downloading [40/40] artifacts (3.4 MiB / 3.4 MiB)
Downloading [40/40] artifacts (3.4 MiB / 3.4 MiB)
Downloading [40/40] artifacts (3.4 MiB / 3.4 MiB)
Downloading [40/40] artifacts (3.4 MiB / 3.4 MiB)
Downloading [40/40] artifacts (3.4 MiB / 3.4 MiB)
Downloading [40/40] artifacts (3.4 MiB / 3.4 MiB)
Downloading [41/41] artifacts (3.4 MiB / 3.4 MiB)
Downloading [41/41] artifacts (3.4 MiB / 3.4 MiB)
Downloading [41/41] artifacts (3.4 MiB / 3.4 MiB)
Downloading [42/42] artifacts (3.4 MiB / 3.4 MiB)
Downloading [42/42] artifacts (3.4 MiB / 3.4 MiB)
Downloading [42/42] artifacts (3.4 MiB / 3.4 MiB)
Downloading [42/42] artifacts (3.4 MiB / 3.4 MiB)
Downloading [42/42] artifacts (3.4 MiB / 3.4 MiB)
Downloading [42/42] artifacts (3.4 MiB / 3.4 MiB)
Downloading [42/42] artifacts (3.4 MiB / 3.4 MiB)
Downloading [43/43] artifacts (3.4 MiB / 3.4 MiB)
Downloading [43/43] artifacts (3.4 MiB / 3.4 MiB)
Downloading [43/43] artifacts (3.4 MiB / 3.4 MiB)
Downloading [43/43] artifacts (3.4 MiB / 3.4 MiB)
Downloading [44/44] artifacts (3.4 MiB / 3.4 MiB)
Downloading [44/44] artifacts (3.4 MiB / 3.7 MiB)
Downloading [44/44] artifacts (3.4 MiB / 3.7 MiB)
Downloading [44/44] artifacts (3.4 MiB / 3.7 MiB)
Downloading [44/44] artifacts (3.5 MiB / 3.7 MiB)
Downloading [44/44] artifacts (3.5 MiB / 3.7 MiB)
Downloading [44/44] artifacts (3.5 MiB / 3.7 MiB)
Downloading [44/44] artifacts (3.5 MiB / 3.7 MiB)
Downloading [44/44] artifacts (3.5 MiB / 3.7 MiB)
Downloading [44/44] artifacts (3.5 MiB / 3.7 MiB)
Downloading [44/44] artifacts (3.5 MiB / 3.7 MiB)
Downloading [44/44] artifacts (3.5 MiB / 3.7 MiB)
Downloading [44/44] artifacts (3.6 MiB / 3.7 MiB)
Downloading [44/44] artifacts (3.6 MiB / 3.7 MiB)
Downloading [44/44] artifacts (3.6 MiB / 3.7 MiB)
Downloading [44/44] artifacts (3.6 MiB / 3.7 MiB)
Downloading [44/44] artifacts (3.6 MiB / 3.7 MiB)
Downloading [44/44] artifacts (3.6 MiB / 3.7 MiB)
Downloading [44/44] artifacts (3.7 MiB / 3.7 MiB)
Downloading [44/44] artifacts (3.7 MiB / 3.7 MiB)
Downloading [44/44] artifacts (3.7 MiB / 3.7 MiB)
Downloading [45/45] artifacts (3.7 MiB / 3.7 MiB)
Downloading [45/45] artifacts (3.7 MiB / 3.8 MiB)
Downloading [45/45] artifacts (3.7 MiB / 3.8 MiB)
Downloading [45/45] artifacts (3.7 MiB / 3.8 MiB)
Downloading [46/46] artifacts (3.7 MiB / 3.8 MiB)
Downloading [46/46] artifacts (3.7 MiB / 3.8 MiB)
Downloading [46/46] artifacts (3.7 MiB / 3.8 MiB)
Downloading [46/46] artifacts (3.7 MiB / 3.8 MiB)
Downloading [46/46] artifacts (3.7 MiB / 3.8 MiB)
Downloading [46/46] artifacts (3.7 MiB / 3.8 MiB)
Downloading [46/46] artifacts (3.7 MiB / 3.8 MiB)
Downloading [46/46] artifacts (3.8 MiB / 3.8 MiB)
Downloading [46/46] artifacts (3.8 MiB / 3.8 MiB)
Downloading [46/46] artifacts (3.8 MiB / 3.8 MiB)
Downloading [47/47] artifacts (3.8 MiB / 3.8 MiB)
Downloading [47/47] artifacts (3.8 MiB / 3.8 MiB)
Downloading [47/47] artifacts (3.8 MiB / 3.8 MiB)
Downloading [47/47] artifacts (3.8 MiB / 3.8 MiB)
Downloading [47/47] artifacts (3.8 MiB / 3.8 MiB)
Downloading [47/47] artifacts (3.8 MiB / 3.8 MiB)
Downloading [48/48] artifacts (3.8 MiB / 3.8 MiB)
Downloading [48/48] artifacts (3.8 MiB / 3.8 MiB)
Downloading [49/49] artifacts (3.8 MiB / 3.8 MiB)
Downloading [49/49] artifacts (3.8 MiB / 3.8 MiB)
Downloading [49/49] artifacts (3.8 MiB / 3.8 MiB)
Downloading [49/49] artifacts (3.8 MiB / 3.8 MiB)
Downloading [49/49] artifacts (3.8 MiB / 3.8 MiB)
Downloading [49/49] artifacts (3.8 MiB / 3.8 MiB)
Downloading [50/50] artifacts (3.8 MiB / 3.8 MiB)
Downloading [50/50] artifacts (3.8 MiB / 3.8 MiB)
Downloading [50/50] artifacts (3.8 MiB / 3.8 MiB)
Downloading [51/51] artifacts (3.8 MiB / 3.8 MiB)
Downloading [51/51] artifacts (3.8 MiB / 3.8 MiB)
Downloading [51/51] artifacts (3.8 MiB / 3.8 MiB)
Downloading [51/51] artifacts (3.8 MiB / 3.8 MiB)
Downloading [51/51] artifacts (3.8 MiB / 3.8 MiB)
Downloading [51/51] artifacts (3.8 MiB / 3.8 MiB)
Downloading [52/52] artifacts (3.8 MiB / 3.8 MiB)
Downloading [52/52] artifacts (3.8 MiB / 3.8 MiB)
Downloading [52/52] artifacts (3.8 MiB / 3.8 MiB)
Downloading [52/52] artifacts (3.8 MiB / 3.8 MiB)
Downloading [52/52] artifacts (3.8 MiB / 3.8 MiB)
Downloading [53/53] artifacts (3.8 MiB / 3.8 MiB)
Downloading [53/53] artifacts (3.8 MiB / 3.8 MiB)
Downloading [53/53] artifacts (3.8 MiB / 3.8 MiB)
Downloading [53/53] artifacts (3.8 MiB / 3.8 MiB)
Downloading [54/54] artifacts (3.8 MiB / 3.8 MiB)
Downloading [54/54] artifacts (3.8 MiB / 3.8 MiB)
Downloading [54/54] artifacts (3.8 MiB / 3.8 MiB)
Downloading [54/54] artifacts (3.8 MiB / 3.8 MiB)
Downloading [55/55] artifacts (3.8 MiB / 3.8 MiB)
Downloading [55/55] artifacts (3.8 MiB / 3.8 MiB)
Downloading [55/55] artifacts (3.8 MiB / 3.8 MiB)
Downloading [55/55] artifacts (3.8 MiB / 3.8 MiB)
Downloading [55/55] artifacts (3.8 MiB / 3.8 MiB)
Downloading [56/56] artifacts (3.8 MiB / 3.8 MiB)
Downloading [56/56] artifacts (3.8 MiB / 3.9 MiB)
Downloading [56/56] artifacts (3.9 MiB / 3.9 MiB)
Downloading [56/56] artifacts (3.9 MiB / 3.9 MiB)
Downloading [57/57] artifacts (3.9 MiB / 3.9 MiB)
Downloading [57/57] artifacts (3.9 MiB / 4.5 MiB)
Downloading [57/57] artifacts (3.9 MiB / 4.5 MiB)
Downloading [57/57] artifacts (3.9 MiB / 4.5 MiB)
Downloading [57/57] artifacts (3.9 MiB / 4.5 MiB)
Downloading [57/57] artifacts (3.9 MiB / 4.5 MiB)
Downloading [57/57] artifacts (3.9 MiB / 4.5 MiB)
Downloading [57/57] artifacts (3.9 MiB / 4.5 MiB)
Downloading [57/57] artifacts (4.0 MiB / 4.5 MiB)
Downloading [57/57] artifacts (4.0 MiB / 4.5 MiB)
Downloading [57/57] artifacts (4.0 MiB / 4.5 MiB)
Downloading [57/57] artifacts (4.0 MiB / 4.5 MiB)
Downloading [57/57] artifacts (4.0 MiB / 4.5 MiB)
Downloading [57/57] artifacts (4.0 MiB / 4.5 MiB)
Downloading [57/57] artifacts (4.0 MiB / 4.5 MiB)
Downloading [57/57] artifacts (4.0 MiB / 4.5 MiB)
Downloading [57/57] artifacts (4.1 MiB / 4.5 MiB)
Downloading [57/57] artifacts (4.1 MiB / 4.5 MiB)
Downloading [57/57] artifacts (4.1 MiB / 4.5 MiB)
Downloading [58/58] artifacts (4.1 MiB / 4.5 MiB)
Downloading [58/58] artifacts (4.1 MiB / 4.5 MiB)
Downloading [58/58] artifacts (4.1 MiB / 4.5 MiB)
Downloading [58/58] artifacts (4.1 MiB / 4.5 MiB)
Downloading [58/58] artifacts (4.1 MiB / 4.5 MiB)
Downloading [58/58] artifacts (4.1 MiB / 4.5 MiB)
Downloading [58/58] artifacts (4.2 MiB / 4.5 MiB)
Downloading [58/58] artifacts (4.2 MiB / 4.5 MiB)
Downloading [58/58] artifacts (4.2 MiB / 4.5 MiB)
Downloading [58/58] artifacts (4.2 MiB / 4.5 MiB)
Downloading [58/58] artifacts (4.2 MiB / 4.5 MiB)
Downloading [58/58] artifacts (4.2 MiB / 4.5 MiB)
Downloading [58/58] artifacts (4.3 MiB / 4.5 MiB)
Downloading [58/58] artifacts (4.3 MiB / 4.5 MiB)
Downloading [58/58] artifacts (4.3 MiB / 4.5 MiB)
Downloading [58/58] artifacts (4.3 MiB / 4.5 MiB)
Downloading [58/58] artifacts (4.3 MiB / 4.5 MiB)
Downloading [58/58] artifacts (4.3 MiB / 4.5 MiB)
Downloading [58/58] artifacts (4.3 MiB / 4.5 MiB)
Downloading [58/58] artifacts (4.3 MiB / 4.5 MiB)
Downloading [58/58] artifacts (4.4 MiB / 4.5 MiB)
Downloading [58/58] artifacts (4.4 MiB / 4.5 MiB)
Downloading [58/58] artifacts (4.4 MiB / 4.5 MiB)
Downloading [58/58] artifacts (4.4 MiB / 4.5 MiB)
Downloading [58/58] artifacts (4.4 MiB / 4.5 MiB)
Downloading [59/59] artifacts (4.4 MiB / 4.5 MiB)
Downloading [59/59] artifacts (4.4 MiB / 4.5 MiB)
Downloading [59/59] artifacts (4.4 MiB / 4.5 MiB)
Downloading [59/59] artifacts (4.4 MiB / 4.5 MiB)
Downloading [59/59] artifacts (4.4 MiB / 4.5 MiB)
Downloading [59/59] artifacts (4.5 MiB / 4.5 MiB)
Downloading [59/59] artifacts (4.5 MiB / 4.5 MiB)
Downloading [59/59] artifacts (4.5 MiB / 4.5 MiB)
Downloading [59/59] artifacts (4.5 MiB / 4.5 MiB)
Downloading [59/59] artifacts (4.5 MiB / 4.5 MiB)
Downloading [59/59] artifacts (4.5 MiB / 4.5 MiB)
Downloading [60/60] artifacts (4.5 MiB / 4.5 MiB)
Downloading [60/60] artifacts (4.5 MiB / 4.5 MiB)
Downloading [61/61] artifacts (4.5 MiB / 4.5 MiB)
Downloading [61/61] artifacts (4.5 MiB / 4.5 MiB)
Downloading [61/61] artifacts (4.5 MiB / 4.5 MiB)
Downloading [61/61] artifacts (4.5 MiB / 4.5 MiB)
Downloading [61/61] artifacts (4.5 MiB / 4.5 MiB)
Downloading [61/61] artifacts (4.5 MiB / 4.5 MiB)
Downloading [62/62] artifacts (4.5 MiB / 4.5 MiB)
Downloading [62/62] artifacts (4.5 MiB / 4.6 MiB)
Downloading [62/62] artifacts (4.5 MiB / 4.8 MiB)
Downloading [62/62] artifacts (4.5 MiB / 4.8 MiB)
Downloading [62/62] artifacts (4.5 MiB / 4.8 MiB)
Downloading [62/62] artifacts (4.5 MiB / 4.8 MiB)
Downloading [62/62] artifacts (4.6 MiB / 4.8 MiB)
Downloading [62/62] artifacts (4.6 MiB / 4.8 MiB)
Downloading [63/63] artifacts (4.6 MiB / 4.8 MiB)
Downloading [63/63] artifacts (4.6 MiB / 4.8 MiB)
Downloading [63/63] artifacts (4.6 MiB / 4.8 MiB)
Downloading [63/63] artifacts (4.6 MiB / 4.8 MiB)
Downloading [63/63] artifacts (4.6 MiB / 4.8 MiB)
Downloading [63/63] artifacts (4.6 MiB / 4.8 MiB)
Downloading [63/63] artifacts (4.7 MiB / 4.8 MiB)
Downloading [63/63] artifacts (4.7 MiB / 4.8 MiB)
Downloading [63/63] artifacts (4.7 MiB / 4.8 MiB)
Downloading [63/63] artifacts (4.7 MiB / 4.8 MiB)
Downloading [63/63] artifacts (4.7 MiB / 4.8 MiB)
Downloading [63/63] artifacts (4.7 MiB / 4.8 MiB)
Downloading [63/63] artifacts (4.7 MiB / 4.8 MiB)
Downloading [63/63] artifacts (4.8 MiB / 4.8 MiB)
Downloading [63/63] artifacts (4.8 MiB / 4.8 MiB)
Downloading [64/64] artifacts (4.8 MiB / 4.8 MiB)
Downloading [64/64] artifacts (4.8 MiB / 4.8 MiB)
Downloading [64/64] artifacts (4.8 MiB / 4.8 MiB)
Downloading [65/65] artifacts (4.8 MiB / 4.8 MiB)
Downloading [65/65] artifacts (4.8 MiB / 4.8 MiB)
Downloading [65/65] artifacts (4.8 MiB / 5.0 MiB)
Downloading [65/65] artifacts (4.8 MiB / 5.0 MiB)
Downloading [65/65] artifacts (4.8 MiB / 5.0 MiB)
Downloading [66/66] artifacts (4.8 MiB / 5.0 MiB)
Downloading [66/66] artifacts (4.8 MiB / 5.0 MiB)
Downloading [66/66] artifacts (4.8 MiB / 5.0 MiB)
Downloading [66/66] artifacts (4.8 MiB / 5.0 MiB)
Downloading [66/66] artifacts (4.8 MiB / 5.0 MiB)
Downloading [66/66] artifacts (4.8 MiB / 5.0 MiB)
Downloading [66/66] artifacts (4.8 MiB / 5.0 MiB)
Downloading [66/66] artifacts (4.9 MiB / 5.0 MiB)
Downloading [66/66] artifacts (4.9 MiB / 5.0 MiB)
Downloading [66/66] artifacts (4.9 MiB / 5.0 MiB)
Downloading [66/66] artifacts (4.9 MiB / 5.0 MiB)
Downloading [66/66] artifacts (4.9 MiB / 5.0 MiB)
Downloading [66/66] artifacts (4.9 MiB / 5.0 MiB)
Downloading [66/66] artifacts (5.0 MiB / 5.0 MiB)
Downloading [66/66] artifacts (5.0 MiB / 5.0 MiB)
Downloading [66/66] artifacts (5.0 MiB / 5.0 MiB)
Downloading [66/66] artifacts (5.0 MiB / 5.0 MiB)
Downloading [66/66] artifacts (5.0 MiB / 5.0 MiB)
Downloading [66/66] artifacts (5.0 MiB / 5.0 MiB)
Downloading [66/66] artifacts (5.0 MiB / 5.0 MiB)
Downloading [66/66] artifacts (5.0 MiB / 5.0 MiB)
Downloading [67/67] artifacts (5.0 MiB / 5.0 MiB)
Downloading [67/67] artifacts (5.0 MiB / 5.0 MiB)
Downloading [67/67] artifacts (5.0 MiB / 5.0 MiB)
Downloading [68/68] artifacts (5.0 MiB / 5.0 MiB)
Downloading [68/68] artifacts (5.0 MiB / 5.0 MiB)
Downloading [68/68] artifacts (5.0 MiB / 5.1 MiB)
Downloading [68/68] artifacts (5.0 MiB / 5.1 MiB)
Downloading [69/69] artifacts (5.0 MiB / 5.1 MiB)
Downloading [69/69] artifacts (5.0 MiB / 5.1 MiB)
Downloading [69/69] artifacts (5.0 MiB / 5.1 MiB)
Downloading [70/70] artifacts (5.0 MiB / 5.1 MiB)
Downloading [70/70] artifacts (5.1 MiB / 5.1 MiB)
Downloading [70/70] artifacts (5.1 MiB / 5.1 MiB)
Downloading [70/70] artifacts (5.1 MiB / 5.1 MiB)
Downloading [71/71] artifacts (5.1 MiB / 5.1 MiB)
Downloading [71/71] artifacts (5.1 MiB / 5.7 MiB)
Downloading [71/71] artifacts (5.1 MiB / 5.7 MiB)
Downloading [71/71] artifacts (5.1 MiB / 5.7 MiB)
Downloading [71/71] artifacts (5.1 MiB / 5.7 MiB)
Downloading [71/71] artifacts (5.1 MiB / 5.7 MiB)
Downloading [71/71] artifacts (5.1 MiB / 5.7 MiB)
Downloading [71/71] artifacts (5.1 MiB / 5.7 MiB)
Downloading [71/71] artifacts (5.2 MiB / 5.7 MiB)
Downloading [71/71] artifacts (5.2 MiB / 5.7 MiB)
Downloading [71/71] artifacts (5.2 MiB / 5.7 MiB)
Downloading [72/72] artifacts (5.2 MiB / 5.7 MiB)
Downloading [72/72] artifacts (5.2 MiB / 5.7 MiB)
Downloading [72/72] artifacts (5.2 MiB / 6.2 MiB)
Downloading [72/72] artifacts (5.2 MiB / 6.2 MiB)
Downloading [72/72] artifacts (5.2 MiB / 6.2 MiB)
Downloading [72/72] artifacts (5.2 MiB / 6.2 MiB)
Downloading [72/72] artifacts (5.2 MiB / 6.2 MiB)
Downloading [72/72] artifacts (5.2 MiB / 6.2 MiB)
Downloading [72/72] artifacts (5.3 MiB / 6.2 MiB)
Downloading [72/72] artifacts (5.3 MiB / 6.2 MiB)
Downloading [72/72] artifacts (5.3 MiB / 6.2 MiB)
Downloading [72/72] artifacts (5.3 MiB / 6.2 MiB)
Downloading [72/72] artifacts (5.3 MiB / 6.2 MiB)
Downloading [72/72] artifacts (5.3 MiB / 6.2 MiB)
Downloading [72/72] artifacts (5.3 MiB / 6.2 MiB)
Downloading [72/72] artifacts (5.4 MiB / 6.2 MiB)
Downloading [72/72] artifacts (5.4 MiB / 6.2 MiB)
Downloading [72/72] artifacts (5.4 MiB / 6.2 MiB)
Downloading [72/72] artifacts (5.4 MiB / 6.2 MiB)
Downloading [72/72] artifacts (5.4 MiB / 6.2 MiB)
Downloading [72/72] artifacts (5.4 MiB / 6.2 MiB)
Downloading [72/72] artifacts (5.5 MiB / 6.2 MiB)
Downloading [72/72] artifacts (5.5 MiB / 6.2 MiB)
Downloading [72/72] artifacts (5.5 MiB / 6.2 MiB)
Downloading [72/72] artifacts (5.5 MiB / 6.2 MiB)
Downloading [72/72] artifacts (5.5 MiB / 6.2 MiB)
Downloading [72/72] artifacts (5.5 MiB / 6.2 MiB)
Downloading [72/72] artifacts (5.5 MiB / 6.2 MiB)
Downloading [72/72] artifacts (5.6 MiB / 6.2 MiB)
Downloading [72/72] artifacts (5.6 MiB / 6.2 MiB)
Downloading [72/72] artifacts (5.6 MiB / 6.2 MiB)
Downloading [72/72] artifacts (5.6 MiB / 6.2 MiB)
Downloading [72/72] artifacts (5.6 MiB / 6.2 MiB)
Downloading [72/72] artifacts (5.6 MiB / 6.2 MiB)
Downloading [72/72] artifacts (5.7 MiB / 6.2 MiB)
Downloading [72/72] artifacts (5.7 MiB / 6.2 MiB)
Downloading [72/72] artifacts (5.7 MiB / 6.2 MiB)
Downloading [72/72] artifacts (5.7 MiB / 6.2 MiB)
Downloading [72/72] artifacts (5.7 MiB / 6.2 MiB)
Downloading [72/72] artifacts (5.7 MiB / 6.2 MiB)
Downloading [72/72] artifacts (5.7 MiB / 6.2 MiB)
Downloading [72/72] artifacts (5.8 MiB / 6.2 MiB)
Downloading [72/72] artifacts (5.8 MiB / 6.2 MiB)
Downloading [72/72] artifacts (5.8 MiB / 6.2 MiB)
Downloading [73/73] artifacts (5.8 MiB / 6.2 MiB)
Downloading [73/73] artifacts (5.8 MiB / 6.2 MiB)
Downloading [73/73] artifacts (5.8 MiB / 6.2 MiB)
Downloading [73/73] artifacts (5.8 MiB / 6.2 MiB)
Downloading [73/73] artifacts (5.8 MiB / 6.2 MiB)
Downloading [74/74] artifacts (5.8 MiB / 6.2 MiB)
Downloading [74/74] artifacts (5.8 MiB / 6.2 MiB)
Downloading [74/74] artifacts (5.8 MiB / 6.2 MiB)
Downloading [74/74] artifacts (5.8 MiB / 6.2 MiB)
Downloading [74/74] artifacts (5.9 MiB / 6.2 MiB)
Downloading [74/74] artifacts (5.9 MiB / 6.2 MiB)
Downloading [74/74] artifacts (5.9 MiB / 6.2 MiB)
Downloading [74/74] artifacts (5.9 MiB / 6.2 MiB)
Downloading [74/74] artifacts (5.9 MiB / 6.2 MiB)
Downloading [74/74] artifacts (5.9 MiB / 6.2 MiB)
Downloading [74/74] artifacts (5.9 MiB / 6.2 MiB)
Downloading [74/74] artifacts (6.0 MiB / 6.2 MiB)
Downloading [74/74] artifacts (6.0 MiB / 6.2 MiB)
Downloading [74/74] artifacts (6.0 MiB / 6.2 MiB)
Downloading [74/74] artifacts (6.0 MiB / 6.2 MiB)
Downloading [74/74] artifacts (6.0 MiB / 6.2 MiB)
Downloading [74/74] artifacts (6.0 MiB / 6.2 MiB)
Downloading [74/74] artifacts (6.1 MiB / 6.2 MiB)
Downloading [74/74] artifacts (6.1 MiB / 6.3 MiB)
Downloading [74/74] artifacts (6.1 MiB / 6.3 MiB)
Downloading [74/74] artifacts (6.1 MiB / 6.3 MiB)
Downloading [74/74] artifacts (6.1 MiB / 6.3 MiB)
Downloading [74/74] artifacts (6.1 MiB / 6.3 MiB)
Downloading [74/74] artifacts (6.1 MiB / 6.3 MiB)
Downloading [74/74] artifacts (6.1 MiB / 6.3 MiB)
Downloading [74/74] artifacts (6.1 MiB / 6.3 MiB)
Downloading [74/74] artifacts (6.1 MiB / 6.3 MiB)
Downloading [75/75] artifacts (6.1 MiB / 6.3 MiB)
Downloading [75/75] artifacts (6.1 MiB / 6.3 MiB)
Downloading [75/75] artifacts (6.2 MiB / 6.3 MiB)
Downloading [75/75] artifacts (6.2 MiB / 6.3 MiB)
Downloading [75/75] artifacts (6.2 MiB / 6.3 MiB)
Downloading [75/75] artifacts (6.2 MiB / 6.3 MiB)
Downloading [75/75] artifacts (6.2 MiB / 6.3 MiB)
Downloading [76/76] artifacts (6.2 MiB / 6.3 MiB)
Downloading [76/76] artifacts (6.2 MiB / 6.3 MiB)
Downloading [76/76] artifacts (6.2 MiB / 6.3 MiB)
Downloading [76/76] artifacts (6.2 MiB / 6.3 MiB)
Downloading [76/76] artifacts (6.3 MiB / 6.3 MiB)
Downloading [76/76] artifacts (6.3 MiB / 6.3 MiB)
Downloading [76/76] artifacts (6.3 MiB / 6.3 MiB)
Downloading [76/76] artifacts (6.3 MiB / 6.3 MiB)
Downloading [77/77] artifacts (6.3 MiB / 6.3 MiB)
Downloading [77/77] artifacts (6.3 MiB / 6.7 MiB)
Downloading [77/77] artifacts (6.3 MiB / 6.7 MiB)
Downloading [77/77] artifacts (6.3 MiB / 6.7 MiB)
Downloading [77/77] artifacts (6.3 MiB / 6.7 MiB)
Downloading [77/77] artifacts (6.3 MiB / 6.7 MiB)
Downloading [77/77] artifacts (6.3 MiB / 6.7 MiB)
Downloading [77/77] artifacts (6.4 MiB / 6.7 MiB)
Downloading [77/77] artifacts (6.4 MiB / 6.7 MiB)
Downloading [77/77] artifacts (6.4 MiB / 6.7 MiB)
Downloading [77/77] artifacts (6.4 MiB / 6.7 MiB)
Downloading [77/77] artifacts (6.4 MiB / 6.7 MiB)
Downloading [77/77] artifacts (6.4 MiB / 6.7 MiB)
Downloading [77/77] artifacts (6.4 MiB / 6.7 MiB)
Downloading [77/77] artifacts (6.5 MiB / 6.7 MiB)
Downloading [77/77] artifacts (6.5 MiB / 6.7 MiB)
Downloading [77/77] artifacts (6.5 MiB / 6.7 MiB)
Downloading [77/77] artifacts (6.5 MiB / 6.7 MiB)
Downloading [77/77] artifacts (6.5 MiB / 6.7 MiB)
Downloading [77/77] artifacts (6.5 MiB / 6.7 MiB)
Downloading [77/77] artifacts (6.5 MiB / 6.8 MiB)
Downloading [77/77] artifacts (6.6 MiB / 6.8 MiB)
Downloading [77/77] artifacts (6.6 MiB / 6.8 MiB)
Downloading [77/77] artifacts (6.6 MiB / 6.8 MiB)
Downloading [77/77] artifacts (6.6 MiB / 6.8 MiB)
Downloading [77/77] artifacts (6.6 MiB / 6.8 MiB)
Downloading [77/77] artifacts (6.6 MiB / 6.8 MiB)
Downloading [77/77] artifacts (6.6 MiB / 6.8 MiB)
Downloading [77/77] artifacts (6.6 MiB / 6.8 MiB)
Downloading [77/77] artifacts (6.6 MiB / 6.8 MiB)
Downloading [77/77] artifacts (6.6 MiB / 6.8 MiB)
Downloading [77/77] artifacts (6.6 MiB / 6.8 MiB)
Downloading [77/77] artifacts (6.6 MiB / 6.8 MiB)
Downloading [77/77] artifacts (6.6 MiB / 6.8 MiB)
Downloading [77/77] artifacts (6.6 MiB / 6.8 MiB)
Downloading [77/77] artifacts (6.6 MiB / 6.8 MiB)
Downloading [77/77] artifacts (6.6 MiB / 6.8 MiB)
Downloading [77/77] artifacts (6.6 MiB / 6.8 MiB)
Downloading [77/77] artifacts (6.7 MiB / 6.8 MiB)
Downloading [77/77] artifacts (6.7 MiB / 6.8 MiB)
Downloading [77/77] artifacts (6.7 MiB / 6.8 MiB)
Downloading [77/77] artifacts (6.7 MiB / 6.8 MiB)
Downloading [77/77] artifacts (6.7 MiB / 6.8 MiB)
Downloading [77/77] artifacts (6.7 MiB / 6.8 MiB)
Downloading [77/77] artifacts (6.7 MiB / 6.8 MiB)
Downloading [77/77] artifacts (6.7 MiB / 6.8 MiB)
Downloading [77/77] artifacts (6.7 MiB / 6.8 MiB)
Downloading [77/77] artifacts (6.7 MiB / 6.8 MiB)
Downloading [77/77] artifacts (6.7 MiB / 6.8 MiB)
Downloading [77/77] artifacts (6.7 MiB / 6.8 MiB)
Downloading [77/77] artifacts (6.7 MiB / 6.8 MiB)
Downloading [77/77] artifacts (6.7 MiB / 6.8 MiB)
Downloading [77/77] artifacts (6.7 MiB / 6.8 MiB)
Downloading [77/77] artifacts (6.7 MiB / 6.8 MiB)
Downloading [77/77] artifacts (6.7 MiB / 6.8 MiB)
Downloading [77/77] artifacts (6.7 MiB / 6.8 MiB)
Downloading [77/77] artifacts (6.7 MiB / 6.8 MiB)
Downloading [77/77] artifacts (6.7 MiB / 6.8 MiB)
Downloading [77/77] artifacts (6.7 MiB / 6.8 MiB)
Downloading [77/77] artifacts (6.7 MiB / 6.8 MiB)
Downloading [77/77] artifacts (6.7 MiB / 6.8 MiB)
Downloading [77/77] artifacts (6.7 MiB / 6.8 MiB)
Downloading [77/77] artifacts (6.7 MiB / 6.8 MiB)
Downloading [77/77] artifacts (6.7 MiB / 6.8 MiB)
Downloading [78/78] artifacts (6.7 MiB / 6.8 MiB)
Downloading [78/78] artifacts (6.7 MiB / 6.8 MiB)
Downloading [78/78] artifacts (6.7 MiB / 6.8 MiB)
Downloading [78/78] artifacts (6.7 MiB / 6.8 MiB)
Downloading [78/78] artifacts (6.7 MiB / 6.8 MiB)
Downloading [78/78] artifacts (6.7 MiB / 6.8 MiB)
Downloading [78/78] artifacts (6.7 MiB / 6.8 MiB)
Downloading [78/78] artifacts (6.7 MiB / 6.8 MiB)
Downloading [78/78] artifacts (6.7 MiB / 6.8 MiB)
Downloading [78/78] artifacts (6.7 MiB / 6.8 MiB)
Downloading [78/78] artifacts (6.7 MiB / 6.9 MiB)
Downloading [78/78] artifacts (6.7 MiB / 6.9 MiB)
Downloading [78/78] artifacts (6.7 MiB / 6.9 MiB)
Downloading [78/78] artifacts (6.7 MiB / 6.9 MiB)
Downloading [79/79] artifacts (6.7 MiB / 6.9 MiB)
Downloading [79/79] artifacts (6.7 MiB / 6.9 MiB)
Downloading [79/79] artifacts (6.8 MiB / 6.9 MiB)
Downloading [79/79] artifacts (6.8 MiB / 6.9 MiB)
Downloading [79/79] artifacts (6.8 MiB / 6.9 MiB)
Downloading [79/79] artifacts (6.8 MiB / 6.9 MiB)
Downloading [80/80] artifacts (6.8 MiB / 6.9 MiB)
Downloading [80/80] artifacts (6.8 MiB / 6.9 MiB)
Downloading [80/80] artifacts (6.8 MiB / 6.9 MiB)
Downloading [80/80] artifacts (6.8 MiB / 6.9 MiB)
Downloading [80/80] artifacts (6.8 MiB / 6.9 MiB)
Downloading [81/81] artifacts (6.8 MiB / 6.9 MiB)
Downloading [81/81] artifacts (6.8 MiB / 7.0 MiB)
Downloading [81/81] artifacts (6.8 MiB / 7.0 MiB)
Downloading [81/81] artifacts (6.8 MiB / 7.0 MiB)
Downloading [81/81] artifacts (6.8 MiB / 7.0 MiB)
Downloading [81/81] artifacts (6.9 MiB / 7.0 MiB)
Downloading [81/81] artifacts (6.9 MiB / 7.0 MiB)
Downloading [81/81] artifacts (6.9 MiB / 7.0 MiB)
Downloading [81/81] artifacts (6.9 MiB / 7.0 MiB)
Downloading [82/82] artifacts (6.9 MiB / 7.0 MiB)
Downloading [82/82] artifacts (6.9 MiB / 7.0 MiB)
Downloading [82/82] artifacts (6.9 MiB / 7.9 MiB)
Downloading [82/82] artifacts (6.9 MiB / 7.9 MiB)
Downloading [82/82] artifacts (6.9 MiB / 7.9 MiB)
Downloading [83/83] artifacts (6.9 MiB / 7.9 MiB)
Downloading [83/83] artifacts (6.9 MiB / 7.9 MiB)
Downloading [83/83] artifacts (6.9 MiB / 7.9 MiB)
Downloading [83/83] artifacts (6.9 MiB / 7.9 MiB)
Downloading [83/83] artifacts (7.0 MiB / 7.9 MiB)
Downloading [83/83] artifacts (7.0 MiB / 7.9 MiB)
Downloading [83/83] artifacts (7.0 MiB / 7.9 MiB)
Downloading [83/83] artifacts (7.0 MiB / 7.9 MiB)
Downloading [83/83] artifacts (7.0 MiB / 8.0 MiB)
Downloading [83/83] artifacts (7.0 MiB / 8.0 MiB)
Downloading [83/83] artifacts (7.0 MiB / 8.0 MiB)
Downloading [83/83] artifacts (7.0 MiB / 8.0 MiB)
Downloading [83/83] artifacts (7.0 MiB / 8.0 MiB)
Downloading [83/83] artifacts (7.0 MiB / 8.0 MiB)
Downloading [83/83] artifacts (7.0 MiB / 8.0 MiB)
Downloading [83/83] artifacts (7.0 MiB / 8.0 MiB)
Downloading [83/83] artifacts (7.0 MiB / 8.0 MiB)
Downloading [83/83] artifacts (7.1 MiB / 8.0 MiB)
Downloading [83/83] artifacts (7.1 MiB / 8.0 MiB)
Downloading [83/83] artifacts (7.1 MiB / 8.0 MiB)
Downloading [83/83] artifacts (7.1 MiB / 8.0 MiB)
Downloading [83/83] artifacts (7.1 MiB / 8.0 MiB)
Downloading [84/84] artifacts (7.1 MiB / 8.0 MiB)
Downloading [84/84] artifacts (7.1 MiB / 8.0 MiB)
Downloading [84/84] artifacts (7.1 MiB / 8.0 MiB)
Downloading [84/84] artifacts (7.1 MiB / 8.0 MiB)
Downloading [84/84] artifacts (7.1 MiB / 8.0 MiB)
Downloading [84/84] artifacts (7.1 MiB / 8.0 MiB)
Downloading [84/84] artifacts (7.1 MiB / 8.0 MiB)
Downloading [84/84] artifacts (7.1 MiB / 8.0 MiB)
Downloading [84/84] artifacts (7.2 MiB / 8.0 MiB)
Downloading [84/84] artifacts (7.2 MiB / 8.0 MiB)
Downloading [84/84] artifacts (7.2 MiB / 8.0 MiB)
Downloading [84/84] artifacts (7.2 MiB / 8.0 MiB)
Downloading [84/84] artifacts (7.2 MiB / 8.0 MiB)
Downloading [84/84] artifacts (7.2 MiB / 8.0 MiB)
Downloading [84/84] artifacts (7.2 MiB / 8.0 MiB)
Downloading [84/84] artifacts (7.2 MiB / 8.0 MiB)
Downloading [84/84] artifacts (7.2 MiB / 8.0 MiB)
Downloading [84/84] artifacts (7.3 MiB / 8.0 MiB)
Downloading [84/84] artifacts (7.3 MiB / 8.0 MiB)
Downloading [84/84] artifacts (7.3 MiB / 8.0 MiB)
Downloading [84/84] artifacts (7.3 MiB / 8.0 MiB)
Downloading [84/84] artifacts (7.3 MiB / 8.0 MiB)
Downloading [84/84] artifacts (7.3 MiB / 8.0 MiB)
Downloading [84/84] artifacts (7.3 MiB / 8.0 MiB)
Downloading [84/84] artifacts (7.3 MiB / 8.0 MiB)
Downloading [84/84] artifacts (7.3 MiB / 8.0 MiB)
Downloading [84/84] artifacts (7.4 MiB / 8.0 MiB)
Downloading [84/84] artifacts (7.4 MiB / 8.0 MiB)
Downloading [84/84] artifacts (7.4 MiB / 8.0 MiB)
Downloading [84/84] artifacts (7.4 MiB / 8.0 MiB)
Downloading [84/84] artifacts (7.4 MiB / 8.0 MiB)
Downloading [84/84] artifacts (7.4 MiB / 8.0 MiB)
Downloading [84/84] artifacts (7.4 MiB / 8.0 MiB)
Downloading [84/84] artifacts (7.4 MiB / 8.0 MiB)
Downloading [84/84] artifacts (7.4 MiB / 8.0 MiB)
Downloading [84/84] artifacts (7.5 MiB / 8.0 MiB)
Downloading [84/84] artifacts (7.5 MiB / 8.0 MiB)
Downloading [84/84] artifacts (7.5 MiB / 8.0 MiB)
Downloading [84/84] artifacts (7.5 MiB / 8.0 MiB)
Downloading [84/84] artifacts (7.5 MiB / 8.0 MiB)
Downloading [84/84] artifacts (7.5 MiB / 8.0 MiB)
Downloading [84/84] artifacts (7.5 MiB / 8.0 MiB)
Downloading [84/84] artifacts (7.6 MiB / 8.0 MiB)
Downloading [84/84] artifacts (7.6 MiB / 8.0 MiB)
Downloading [84/84] artifacts (7.6 MiB / 8.0 MiB)
Downloading [84/84] artifacts (7.6 MiB / 8.0 MiB)
Downloading [84/84] artifacts (7.6 MiB / 8.0 MiB)
Downloading [84/84] artifacts (7.6 MiB / 8.0 MiB)
Downloading [84/84] artifacts (7.7 MiB / 8.0 MiB)
Downloading [84/84] artifacts (7.7 MiB / 8.0 MiB)
Downloading [84/84] artifacts (7.7 MiB / 8.0 MiB)
Downloading [84/84] artifacts (7.7 MiB / 8.0 MiB)
Downloading [84/84] artifacts (7.7 MiB / 8.0 MiB)
Downloading [84/84] artifacts (7.7 MiB / 8.0 MiB)
Downloading [84/84] artifacts (7.7 MiB / 8.0 MiB)
Downloading [84/84] artifacts (7.8 MiB / 8.0 MiB)
Downloading [84/84] artifacts (7.8 MiB / 8.0 MiB)
Downloading [84/84] artifacts (7.8 MiB / 8.0 MiB)
Downloading [84/84] artifacts (7.8 MiB / 8.0 MiB)
Downloading [84/84] artifacts (7.8 MiB / 8.0 MiB)
Downloading [84/84] artifacts (7.8 MiB / 8.0 MiB)
Downloading [84/84] artifacts (7.8 MiB / 8.0 MiB)
Downloading [84/84] artifacts (7.8 MiB / 8.0 MiB)
Downloading [84/84] artifacts (7.8 MiB / 8.0 MiB)
Downloading [84/84] artifacts (7.8 MiB / 8.0 MiB)
Downloading [84/84] artifacts (7.8 MiB / 8.0 MiB)
Downloading [84/84] artifacts (7.9 MiB / 8.0 MiB)
Downloading [84/84] artifacts (7.9 MiB / 8.0 MiB)
Downloading [84/84] artifacts (7.9 MiB / 8.0 MiB)
Downloading [84/84] artifacts (7.9 MiB / 8.0 MiB)
Downloading [84/84] artifacts (7.9 MiB / 8.0 MiB)
Downloading [84/84] artifacts (7.9 MiB / 8.0 MiB)
Downloading [84/84] artifacts (7.9 MiB / 8.0 MiB)
Downloading [84/84] artifacts (7.9 MiB / 8.0 MiB)
Downloading [84/84] artifacts (7.9 MiB / 8.0 MiB)
Downloading [84/84] artifacts (7.9 MiB / 8.0 MiB)
Downloading [84/84] artifacts (7.9 MiB / 8.0 MiB)
Downloading [84/84] artifacts (8.0 MiB / 8.0 MiB)
Downloading [84/84] artifacts (8.0 MiB / 8.0 MiB)
Downloading [84/84] artifacts (8.0 MiB / 8.0 MiB)
Downloading [84/84] artifacts (8.0 MiB / 8.0 MiB)
Downloading [84/84] artifacts (8.0 MiB / 8.0 MiB)
Downloading [84/84] artifacts (8.0 MiB / 8.0 MiB)
Downloading [84/84] artifacts (8.0 MiB / 8.0 MiB)
Downloading [84/84] artifacts (8.0 MiB / 8.0 MiB)
Downloading [84/84] artifacts (8.0 MiB / 8.0 MiB)
Downloading [84/84] artifacts (8.0 MiB / 8.0 MiB)
Downloading [84/84] artifacts (8.0 MiB / 8.0 MiB)
Downloading [84/84] artifacts (8.0 MiB / 8.0 MiB)
Downloading [84/84] artifacts (8.0 MiB / 8.0 MiB)
Downloading [84/84] artifacts (8.0 MiB / 8.0 MiB)
