Downloading [1/1] artifacts (0 B / 0 B)
Downloading [1/1] artifacts (0 B / 5.5 KiB)
Downloading [1/1] artifacts (0 B / 5.5 KiB)
Downloading [2/2] artifacts (0 B / 5.5 KiB)
Downloading [3/3] artifacts (0 B / 5.5 KiB)
Downloading [3/3] artifacts (0 B / 5.5 KiB)
Downloading [4/4] artifacts (0 B / 5.5 KiB)
Downloading [4/4] artifacts (0 B / 5.5 KiB)
Downloading [4/4] artifacts (1.7 KiB / 7.2 KiB)
Downloading [4/4] artifacts (1.7 KiB / 7.2 KiB)
Downloading [5/5] artifacts (1.7 KiB / 7.2 KiB)
Downloading [5/5] artifacts (1.7 KiB / 7.2 KiB)
Downloading [6/6] artifacts (1.7 KiB / 7.2 KiB)
Downloading [6/6] artifacts (1.7 KiB / 7.2 KiB)
Downloading [7/7] artifacts (1.7 KiB / 7.2 KiB)
Downloading [7/7] artifacts (3.7 KiB / 9.1 KiB)
Downloading [7/7] artifacts (3.7 KiB / 9.1 KiB)
Downloading [8/8] artifacts (3.7 KiB / 9.1 KiB)
Downloading [8/8] artifacts (5.8 KiB / 11.2 KiB)
Downloading [8/8] artifacts (5.8 KiB / 11.2 KiB)
Downloading [8/8] artifacts (5.8 KiB / 11.2 KiB)
Downloading [1/1] artifacts (0 B / 0 B)
Downloading [2/2] artifacts (0 B / 0 B)
Downloading [3/3] artifacts (0 B / 0 B)
Downloading [4/4] artifacts (0 B / 0 B)
Downloading [4/4] artifacts (864.0 KiB / 1.5 MiB)
Downloading [4/4] artifacts (864.0 KiB / 1.5 MiB)
Downloading [4/4] artifacts (1.3 MiB / 6.4 MiB)
Downloading [4/4] artifacts (1.5 MiB / 6.5 MiB)
Downloading [4/4] artifacts (1.5 MiB / 6.5 MiB)
Downloading [4/4] artifacts (2.4 MiB / 8.1 MiB)
Downloading [4/4] artifacts (2.4 MiB / 8.1 MiB)
Downloading [4/4] artifacts (4.1 MiB / 8.1 MiB)
Downloading [4/4] artifacts (4.1 MiB / 8.1 MiB)
