bsp-init] extraction-service
bsp-init] provider-gateways
bsp-init] reader
bsp-init] selective
bsp-init] ubc-control-plane
bsp-init] writer
bsp-init] clean
bsp-init] init
bsp-init] inspect
bsp-init] java
bsp-init] javac
bsp-init] javap
bsp-init] jfr
bsp-init] jps
bsp-init] jstack
bsp-init] path
bsp-init] plan
bsp-init] resolve
bsp-init] show
bsp-init] showNamed
bsp-init] shutdown
bsp-init] updateMillScripts
bsp-init] version
bsp-init] visualize
bsp-init] visualizePlan
bsp-init] extraction-service
bsp-init] provider-gateways
bsp-init] reader
bsp-init] selective
bsp-init] ubc-control-plane
bsp-init] writer
bsp-init] clean
bsp-init] init
bsp-init] inspect
bsp-init] java
bsp-init] javac
bsp-init] javap
bsp-init] jfr
bsp-init] jps
bsp-init] jstack
bsp-init] path
bsp-init] plan
bsp-init] resolve
bsp-init] show
bsp-init] showNamed
bsp-init] shutdown
bsp-init] updateMillScripts
bsp-init] version
bsp-init] visualize
bsp-init] visualizePlan
bsp-init] extraction-service
bsp-init] provider-gateways
bsp-init] reader
bsp-init] selective
bsp-init] ubc-control-plane
bsp-init] writer
bsp-init] clean
bsp-init] init
bsp-init] inspect
bsp-init] java
bsp-init] javac
bsp-init] javap
bsp-init] jfr
bsp-init] jps
bsp-init] jstack
bsp-init] path
bsp-init] plan
bsp-init] resolve
bsp-init] show
bsp-init] showNamed
bsp-init] shutdown
bsp-init] updateMillScripts
bsp-init] version
bsp-init] visualize
bsp-init] visualizePlan
bsp-init] extraction-service
bsp-init] provider-gateways
bsp-init] reader
bsp-init] selective
bsp-init] ubc-control-plane
bsp-init] writer
bsp-init] clean
bsp-init] init
bsp-init] inspect
bsp-init] java
bsp-init] javac
bsp-init] javap
bsp-init] jfr
bsp-init] jps
bsp-init] jstack
bsp-init] path
bsp-init] plan
bsp-init] resolve
bsp-init] show
bsp-init] showNamed
bsp-init] shutdown
bsp-init] updateMillScripts
bsp-init] version
bsp-init] visualize
bsp-init] visualizePlan
bsp-init] extraction-service
bsp-init] provider-gateways
bsp-init] reader
bsp-init] selective
bsp-init] ubc-control-plane
bsp-init] writer
bsp-init] clean
bsp-init] init
bsp-init] inspect
bsp-init] java
bsp-init] javac
bsp-init] javap
bsp-init] jfr
bsp-init] jps
bsp-init] jstack
bsp-init] path
bsp-init] plan
bsp-init] resolve
bsp-init] show
bsp-init] showNamed
bsp-init] shutdown
bsp-init] updateMillScripts
bsp-init] version
bsp-init] visualize
bsp-init] visualizePlan
bsp-init] extraction-service
bsp-init] provider-gateways
bsp-init] reader
bsp-init] selective
bsp-init] ubc-control-plane
bsp-init] writer
bsp-init] clean
bsp-init] init
bsp-init] inspect
bsp-init] java
bsp-init] javac
bsp-init] javap
bsp-init] jfr
bsp-init] jps
bsp-init] jstack
bsp-init] path
bsp-init] plan
bsp-init] resolve
bsp-init] show
bsp-init] showNamed
bsp-init] shutdown
bsp-init] updateMillScripts
bsp-init] version
bsp-init] visualize
bsp-init] visualizePlan
bsp-init] extraction-service
bsp-init] provider-gateways
bsp-init] reader
bsp-init] selective
bsp-init] ubc-control-plane
bsp-init] writer
bsp-init] clean
bsp-init] init
bsp-init] inspect
bsp-init] java
bsp-init] javac
bsp-init] javap
bsp-init] jfr
bsp-init] jps
bsp-init] jstack
bsp-init] path
bsp-init] plan
bsp-init] resolve
bsp-init] show
bsp-init] showNamed
bsp-init] shutdown
bsp-init] updateMillScripts
bsp-init] version
bsp-init] visualize
bsp-init] visualizePlan
bsp-init] extraction-service
bsp-init] provider-gateways
bsp-init] reader
bsp-init] selective
bsp-init] ubc-control-plane
bsp-init] writer
bsp-init] clean
bsp-init] init
bsp-init] inspect
bsp-init] java
bsp-init] javac
bsp-init] javap
bsp-init] jfr
bsp-init] jps
bsp-init] jstack
bsp-init] path
bsp-init] plan
bsp-init] resolve
bsp-init] show
bsp-init] showNamed
bsp-init] shutdown
bsp-init] updateMillScripts
bsp-init] version
bsp-init] visualize
bsp-init] visualizePlan
bsp-init] extraction-service
bsp-init] provider-gateways
bsp-init] reader
bsp-init] selective
bsp-init] ubc-control-plane
bsp-init] writer
bsp-init] clean
bsp-init] init
bsp-init] inspect
bsp-init] java
bsp-init] javac
bsp-init] javap
bsp-init] jfr
bsp-init] jps
bsp-init] jstack
bsp-init] path
bsp-init] plan
bsp-init] resolve
bsp-init] show
bsp-init] showNamed
bsp-init] shutdown
bsp-init] updateMillScripts
bsp-init] version
bsp-init] visualize
bsp-init] visualizePlan
bsp-init] extraction-service
bsp-init] provider-gateways
bsp-init] reader
bsp-init] selective
bsp-init] ubc-control-plane
bsp-init] writer
bsp-init] clean
bsp-init] init
bsp-init] inspect
bsp-init] java
bsp-init] javac
bsp-init] javap
bsp-init] jfr
bsp-init] jps
bsp-init] jstack
bsp-init] path
bsp-init] plan
bsp-init] resolve
bsp-init] show
bsp-init] showNamed
bsp-init] shutdown
bsp-init] updateMillScripts
bsp-init] version
bsp-init] visualize
bsp-init] visualizePlan
