Downloading [1/1] artifacts (0 B / 0 B)
Downloading [1/1] artifacts (0 B / 2.4 KiB)
Downloading [1/1] artifacts (908 B / 2.4 KiB)
Downloading [1/1] artifacts (2.2 KiB / 2.4 KiB)
Downloading [1/1] artifacts (2.4 KiB / 2.4 KiB)
Downloading [1/1] artifacts (2.4 KiB / 2.4 KiB)
Downloading [2/2] artifacts (2.4 KiB / 2.4 KiB)
Downloading [3/3] artifacts (2.4 KiB / 2.4 KiB)
Downloading [3/3] artifacts (2.4 KiB / 4.6 KiB)
Downloading [3/3] artifacts (2.4 KiB / 6.8 KiB)
Downloading [3/3] artifacts (3.3 KiB / 6.8 KiB)
Downloading [3/3] artifacts (4.6 KiB / 6.8 KiB)
Downloading [3/3] artifacts (4.6 KiB / 6.8 KiB)
Downloading [3/3] artifacts (5.4 KiB / 6.8 KiB)
Downloading [3/3] artifacts (6.8 KiB / 6.8 KiB)
Downloading [3/3] artifacts (6.8 KiB / 6.8 KiB)
Downloading [3/3] artifacts (6.8 KiB / 6.8 KiB)
Downloading [1/1] artifacts (0 B / 0 B)
Downloading [2/2] artifacts (0 B / 0 B)
Downloading [2/2] artifacts (0 B / 157.6 KiB)
Downloading [3/3] artifacts (0 B / 157.6 KiB)
Downloading [3/3] artifacts (891 B / 157.6 KiB)
Downloading [3/3] artifacts (2.2 KiB / 157.6 KiB)
Downloading [3/3] artifacts (3.5 KiB / 157.6 KiB)
Downloading [3/3] artifacts (4.9 KiB / 157.6 KiB)
Downloading [3/3] artifacts (6.2 KiB / 157.6 KiB)
Downloading [3/3] artifacts (7.6 KiB / 157.6 KiB)
Downloading [3/3] artifacts (8.9 KiB / 157.6 KiB)
Downloading [3/3] artifacts (10.2 KiB / 157.6 KiB)
Downloading [3/3] artifacts (11.6 KiB / 157.6 KiB)
Downloading [3/3] artifacts (12.9 KiB / 157.6 KiB)
Downloading [3/3] artifacts (14.2 KiB / 157.6 KiB)
Downloading [3/3] artifacts (15.6 KiB / 157.6 KiB)
Downloading [3/3] artifacts (16.9 KiB / 157.6 KiB)
Downloading [3/3] artifacts (18.3 KiB / 157.6 KiB)
Downloading [3/3] artifacts (19.6 KiB / 157.6 KiB)
Downloading [3/3] artifacts (20.9 KiB / 157.6 KiB)
Downloading [3/3] artifacts (22.3 KiB / 157.6 KiB)
Downloading [3/3] artifacts (23.6 KiB / 157.6 KiB)
Downloading [3/3] artifacts (24.0 KiB / 157.6 KiB)
Downloading [3/3] artifacts (25.3 KiB / 157.6 KiB)
Downloading [3/3] artifacts (26.7 KiB / 157.6 KiB)
Downloading [3/3] artifacts (28.0 KiB / 157.6 KiB)
Downloading [3/3] artifacts (29.3 KiB / 157.6 KiB)
Downloading [3/3] artifacts (30.7 KiB / 157.6 KiB)
Downloading [3/3] artifacts (32.0 KiB / 157.6 KiB)
Downloading [3/3] artifacts (32.0 KiB / 1.6 MiB)
Downloading [3/3] artifacts (33.4 KiB / 1.6 MiB)
Downloading [3/3] artifacts (34.7 KiB / 1.6 MiB)
Downloading [3/3] artifacts (36.0 KiB / 1.6 MiB)
Downloading [3/3] artifacts (37.4 KiB / 1.6 MiB)
Downloading [3/3] artifacts (38.7 KiB / 1.6 MiB)
Downloading [3/3] artifacts (40.0 KiB / 1.6 MiB)
Downloading [3/3] artifacts (41.4 KiB / 1.6 MiB)
Downloading [3/3] artifacts (42.7 KiB / 1.6 MiB)
Downloading [3/3] artifacts (44.1 KiB / 1.6 MiB)
Downloading [3/3] artifacts (45.4 KiB / 1.6 MiB)
Downloading [3/3] artifacts (46.7 KiB / 1.6 MiB)
Downloading [3/3] artifacts (48.1 KiB / 1.6 MiB)
Downloading [3/3] artifacts (52.2 KiB / 1.6 MiB)
Downloading [3/3] artifacts (53.1 KiB / 1.6 MiB)
Downloading [3/3] artifacts (54.4 KiB / 1.6 MiB)
Downloading [3/3] artifacts (55.7 KiB / 1.6 MiB)
Downloading [3/3] artifacts (57.1 KiB / 1.6 MiB)
Downloading [3/3] artifacts (58.4 KiB / 1.6 MiB)
Downloading [3/3] artifacts (59.7 KiB / 1.6 MiB)
Downloading [3/3] artifacts (61.1 KiB / 1.6 MiB)
Downloading [3/3] artifacts (62.4 KiB / 1.6 MiB)
Downloading [3/3] artifacts (63.8 KiB / 1.6 MiB)
Downloading [3/3] artifacts (65.1 KiB / 1.6 MiB)
Downloading [3/3] artifacts (66.4 KiB / 1.6 MiB)
Downloading [3/3] artifacts (67.8 KiB / 1.6 MiB)
Downloading [3/3] artifacts (69.1 KiB / 1.6 MiB)
Downloading [3/3] artifacts (70.4 KiB / 1.6 MiB)
Downloading [3/3] artifacts (71.8 KiB / 1.6 MiB)
Downloading [3/3] artifacts (73.1 KiB / 1.6 MiB)
Downloading [3/3] artifacts (74.5 KiB / 1.6 MiB)
Downloading [3/3] artifacts (75.8 KiB / 1.6 MiB)
Downloading [3/3] artifacts (76.2 KiB / 1.6 MiB)
Downloading [3/3] artifacts (77.5 KiB / 1.6 MiB)
Downloading [3/3] artifacts (81.7 KiB / 1.6 MiB)
Downloading [3/3] artifacts (83.0 KiB / 1.6 MiB)
Downloading [3/3] artifacts (84.3 KiB / 1.6 MiB)
Downloading [3/3] artifacts (85.7 KiB / 1.6 MiB)
Downloading [3/3] artifacts (87.0 KiB / 1.6 MiB)
Downloading [3/3] artifacts (88.3 KiB / 1.6 MiB)
Downloading [3/3] artifacts (89.7 KiB / 1.6 MiB)
Downloading [3/3] artifacts (91.0 KiB / 1.6 MiB)
Downloading [3/3] artifacts (92.3 KiB / 1.6 MiB)
Downloading [3/3] artifacts (93.7 KiB / 1.6 MiB)
Downloading [3/3] artifacts (97.8 KiB / 1.6 MiB)
Downloading [3/3] artifacts (99.1 KiB / 1.6 MiB)
Downloading [3/3] artifacts (100.5 KiB / 1.6 MiB)
Downloading [3/3] artifacts (104.6 KiB / 1.6 MiB)
Downloading [3/3] artifacts (105.9 KiB / 1.6 MiB)
Downloading [3/3] artifacts (110.1 KiB / 1.6 MiB)
Downloading [3/3] artifacts (114.2 KiB / 1.6 MiB)
Downloading [3/3] artifacts (118.3 KiB / 1.6 MiB)
Downloading [3/3] artifacts (122.5 KiB / 1.6 MiB)
Downloading [3/3] artifacts (126.6 KiB / 1.6 MiB)
Downloading [3/3] artifacts (130.7 KiB / 1.6 MiB)
Downloading [3/3] artifacts (134.9 KiB / 1.6 MiB)
Downloading [3/3] artifacts (134.9 KiB / 1.6 MiB)
Downloading [3/3] artifacts (135.7 KiB / 1.6 MiB)
Downloading [3/3] artifacts (137.1 KiB / 1.6 MiB)
Downloading [3/3] artifacts (138.4 KiB / 1.6 MiB)
Downloading [3/3] artifacts (139.4 KiB / 1.6 MiB)
Downloading [3/3] artifacts (139.4 KiB / 1.6 MiB)
Downloading [3/3] artifacts (143.5 KiB / 1.6 MiB)
Downloading [3/3] artifacts (147.6 KiB / 1.6 MiB)
Downloading [3/3] artifacts (151.8 KiB / 1.6 MiB)
Downloading [3/3] artifacts (155.9 KiB / 1.6 MiB)
Downloading [3/3] artifacts (160.0 KiB / 1.6 MiB)
Downloading [3/3] artifacts (164.2 KiB / 1.6 MiB)
Downloading [3/3] artifacts (168.3 KiB / 1.6 MiB)
Downloading [3/3] artifacts (172.4 KiB / 1.6 MiB)
Downloading [3/3] artifacts (176.5 KiB / 1.6 MiB)
Downloading [3/3] artifacts (180.7 KiB / 1.6 MiB)
Downloading [3/3] artifacts (184.8 KiB / 1.6 MiB)
Downloading [3/3] artifacts (188.9 KiB / 1.6 MiB)
Downloading [3/3] artifacts (193.1 KiB / 1.6 MiB)
Downloading [3/3] artifacts (197.2 KiB / 1.6 MiB)
Downloading [3/3] artifacts (201.3 KiB / 1.6 MiB)
Downloading [3/3] artifacts (205.5 KiB / 1.6 MiB)
Downloading [3/3] artifacts (209.6 KiB / 1.6 MiB)
Downloading [3/3] artifacts (213.7 KiB / 1.6 MiB)
Downloading [3/3] artifacts (217.8 KiB / 1.6 MiB)
Downloading [3/3] artifacts (222.0 KiB / 1.6 MiB)
Downloading [3/3] artifacts (226.1 KiB / 1.6 MiB)
Downloading [3/3] artifacts (230.2 KiB / 1.6 MiB)
Downloading [3/3] artifacts (234.4 KiB / 1.6 MiB)
Downloading [3/3] artifacts (238.5 KiB / 1.6 MiB)
Downloading [3/3] artifacts (242.6 KiB / 1.6 MiB)
Downloading [3/3] artifacts (243.3 KiB / 1.6 MiB)
Downloading [3/3] artifacts (247.4 KiB / 1.6 MiB)
Downloading [3/3] artifacts (248.9 KiB / 1.6 MiB)
Downloading [3/3] artifacts (248.9 KiB / 1.6 MiB)
Downloading [3/3] artifacts (253.0 KiB / 1.6 MiB)
Downloading [3/3] artifacts (257.2 KiB / 1.6 MiB)
Downloading [3/3] artifacts (258.1 KiB / 1.6 MiB)
Downloading [3/3] artifacts (262.2 KiB / 1.6 MiB)
Downloading [3/3] artifacts (266.4 KiB / 1.6 MiB)
Downloading [3/3] artifacts (270.5 KiB / 1.6 MiB)
Downloading [3/3] artifacts (274.6 KiB / 1.6 MiB)
Downloading [3/3] artifacts (278.8 KiB / 1.6 MiB)
Downloading [3/3] artifacts (282.9 KiB / 1.6 MiB)
Downloading [3/3] artifacts (287.0 KiB / 1.6 MiB)
Downloading [3/3] artifacts (291.1 KiB / 1.6 MiB)
Downloading [3/3] artifacts (295.3 KiB / 1.6 MiB)
Downloading [3/3] artifacts (299.4 KiB / 1.6 MiB)
Downloading [3/3] artifacts (303.5 KiB / 1.6 MiB)
Downloading [3/3] artifacts (306.1 KiB / 1.6 MiB)
Downloading [3/3] artifacts (310.2 KiB / 1.6 MiB)
Downloading [3/3] artifacts (314.4 KiB / 1.6 MiB)
Downloading [3/3] artifacts (318.5 KiB / 1.6 MiB)
Downloading [3/3] artifacts (322.6 KiB / 1.6 MiB)
Downloading [3/3] artifacts (326.8 KiB / 1.6 MiB)
Downloading [3/3] artifacts (330.9 KiB / 1.6 MiB)
Downloading [3/3] artifacts (335.0 KiB / 1.6 MiB)
Downloading [3/3] artifacts (338.1 KiB / 1.6 MiB)
Downloading [3/3] artifacts (342.2 KiB / 1.6 MiB)
Downloading [3/3] artifacts (346.4 KiB / 1.6 MiB)
Downloading [3/3] artifacts (350.5 KiB / 1.6 MiB)
Downloading [3/3] artifacts (354.6 KiB / 1.6 MiB)
Downloading [3/3] artifacts (358.8 KiB / 1.6 MiB)
Downloading [3/3] artifacts (362.9 KiB / 1.6 MiB)
Downloading [3/3] artifacts (378.9 KiB / 1.6 MiB)
Downloading [3/3] artifacts (394.9 KiB / 1.6 MiB)
Downloading [3/3] artifacts (410.9 KiB / 1.6 MiB)
Downloading [3/3] artifacts (426.9 KiB / 1.6 MiB)
Downloading [3/3] artifacts (442.9 KiB / 1.6 MiB)
Downloading [3/3] artifacts (458.9 KiB / 1.6 MiB)
Downloading [3/3] artifacts (466.1 KiB / 1.6 MiB)
Downloading [3/3] artifacts (482.1 KiB / 1.6 MiB)
Downloading [3/3] artifacts (498.1 KiB / 1.6 MiB)
Downloading [3/3] artifacts (514.1 KiB / 1.6 MiB)
Downloading [3/3] artifacts (530.1 KiB / 1.6 MiB)
Downloading [3/3] artifacts (546.1 KiB / 1.6 MiB)
Downloading [3/3] artifacts (562.1 KiB / 1.6 MiB)
Downloading [3/3] artifacts (578.1 KiB / 1.6 MiB)
Downloading [3/3] artifacts (594.1 KiB / 1.6 MiB)
Downloading [3/3] artifacts (610.1 KiB / 1.6 MiB)
Downloading [3/3] artifacts (626.1 KiB / 1.6 MiB)
Downloading [3/3] artifacts (642.1 KiB / 1.6 MiB)
Downloading [3/3] artifacts (658.1 KiB / 1.6 MiB)
Downloading [3/3] artifacts (674.1 KiB / 1.6 MiB)
Downloading [3/3] artifacts (690.1 KiB / 1.6 MiB)
Downloading [3/3] artifacts (706.1 KiB / 1.6 MiB)
Downloading [3/3] artifacts (722.1 KiB / 1.6 MiB)
Downloading [3/3] artifacts (738.1 KiB / 1.6 MiB)
Downloading [3/3] artifacts (754.1 KiB / 1.6 MiB)
Downloading [3/3] artifacts (770.1 KiB / 1.6 MiB)
Downloading [3/3] artifacts (786.1 KiB / 1.6 MiB)
Downloading [3/3] artifacts (802.1 KiB / 1.6 MiB)
Downloading [3/3] artifacts (818.1 KiB / 1.6 MiB)
Downloading [3/3] artifacts (834.1 KiB / 1.6 MiB)
Downloading [3/3] artifacts (850.1 KiB / 1.6 MiB)
Downloading [3/3] artifacts (866.1 KiB / 1.6 MiB)
Downloading [3/3] artifacts (882.1 KiB / 1.6 MiB)
Downloading [3/3] artifacts (898.1 KiB / 1.6 MiB)
Downloading [3/3] artifacts (914.1 KiB / 1.6 MiB)
Downloading [3/3] artifacts (930.1 KiB / 1.6 MiB)
Downloading [3/3] artifacts (946.1 KiB / 1.6 MiB)
Downloading [3/3] artifacts (962.1 KiB / 1.6 MiB)
Downloading [3/3] artifacts (978.1 KiB / 1.6 MiB)
Downloading [3/3] artifacts (994.1 KiB / 1.6 MiB)
Downloading [3/3] artifacts (1010.1 KiB / 1.6 MiB)
Downloading [3/3] artifacts (1.0 MiB / 1.6 MiB)
Downloading [3/3] artifacts (1.0 MiB / 1.6 MiB)
Downloading [3/3] artifacts (1.0 MiB / 1.6 MiB)
Downloading [3/3] artifacts (1.0 MiB / 1.6 MiB)
Downloading [3/3] artifacts (1.1 MiB / 1.6 MiB)
Downloading [3/3] artifacts (1.1 MiB / 1.6 MiB)
Downloading [3/3] artifacts (1.1 MiB / 1.6 MiB)
Downloading [3/3] artifacts (1.1 MiB / 1.6 MiB)
Downloading [3/3] artifacts (1.1 MiB / 1.6 MiB)
Downloading [3/3] artifacts (1.1 MiB / 1.6 MiB)
Downloading [3/3] artifacts (1.2 MiB / 1.6 MiB)
Downloading [3/3] artifacts (1.2 MiB / 1.6 MiB)
Downloading [3/3] artifacts (1.2 MiB / 1.6 MiB)
Downloading [3/3] artifacts (1.2 MiB / 1.6 MiB)
Downloading [3/3] artifacts (1.2 MiB / 1.6 MiB)
Downloading [3/3] artifacts (1.2 MiB / 1.6 MiB)
Downloading [3/3] artifacts (1.3 MiB / 1.6 MiB)
Downloading [3/3] artifacts (1.3 MiB / 1.6 MiB)
Downloading [3/3] artifacts (1.3 MiB / 1.6 MiB)
Downloading [3/3] artifacts (1.3 MiB / 1.6 MiB)
Downloading [3/3] artifacts (1.3 MiB / 1.6 MiB)
Downloading [3/3] artifacts (1.3 MiB / 1.6 MiB)
Downloading [3/3] artifacts (1.3 MiB / 1.6 MiB)
Downloading [3/3] artifacts (1.4 MiB / 1.6 MiB)
Downloading [3/3] artifacts (1.4 MiB / 1.6 MiB)
Downloading [3/3] artifacts (1.4 MiB / 1.6 MiB)
Downloading [3/3] artifacts (1.4 MiB / 1.6 MiB)
Downloading [3/3] artifacts (1.4 MiB / 1.6 MiB)
Downloading [3/3] artifacts (1.4 MiB / 1.6 MiB)
Downloading [3/3] artifacts (1.5 MiB / 1.6 MiB)
Downloading [3/3] artifacts (1.5 MiB / 1.6 MiB)
Downloading [3/3] artifacts (1.5 MiB / 1.6 MiB)
Downloading [3/3] artifacts (1.5 MiB / 1.6 MiB)
Downloading [3/3] artifacts (1.5 MiB / 1.6 MiB)
Downloading [3/3] artifacts (1.5 MiB / 1.6 MiB)
Downloading [3/3] artifacts (1.5 MiB / 1.6 MiB)
Downloading [3/3] artifacts (1.6 MiB / 1.6 MiB)
Downloading [3/3] artifacts (1.6 MiB / 1.6 MiB)
Downloading [3/3] artifacts (1.6 MiB / 1.6 MiB)
