Downloading [1/1] artifacts (0 B / 0 B)
Downloading [2/2] artifacts (0 B / 0 B)
Downloading [3/3] artifacts (0 B / 0 B)
Downloading [4/4] artifacts (0 B / 0 B)
Downloading [5/5] artifacts (0 B / 0 B)
Downloading [6/6] artifacts (0 B / 0 B)
Downloading [6/6] artifacts (0 B / 139.4 KiB)
Downloading [6/6] artifacts (0 B / 167.0 KiB)
Downloading [6/6] artifacts (3.7 KiB / 167.0 KiB)
Downloading [6/6] artifacts (7.8 KiB / 167.0 KiB)
Downloading [6/6] artifacts (11.9 KiB / 167.0 KiB)
Downloading [6/6] artifacts (16.1 KiB / 167.0 KiB)
Downloading [6/6] artifacts (20.2 KiB / 167.0 KiB)
Downloading [6/6] artifacts (24.3 KiB / 167.0 KiB)
Downloading [6/6] artifacts (28.4 KiB / 167.0 KiB)
Downloading [6/6] artifacts (32.6 KiB / 167.0 KiB)
Downloading [6/6] artifacts (48.6 KiB / 167.0 KiB)
Downloading [6/6] artifacts (52.2 KiB / 167.0 KiB)
Downloading [6/6] artifacts (56.4 KiB / 167.0 KiB)
Downloading [6/6] artifacts (60.5 KiB / 167.0 KiB)
Downloading [6/6] artifacts (75.2 KiB / 167.0 KiB)
Downloading [6/6] artifacts (79.4 KiB / 167.0 KiB)
Downloading [6/6] artifacts (83.5 KiB / 167.0 KiB)
Downloading [6/6] artifacts (87.3 KiB / 167.0 KiB)
Downloading [6/6] artifacts (90.9 KiB / 167.0 KiB)
Downloading [6/6] artifacts (90.9 KiB / 167.0 KiB)
Downloading [7/7] artifacts (90.9 KiB / 167.0 KiB)
Downloading [7/7] artifacts (106.9 KiB / 167.0 KiB)
Downloading [7/7] artifacts (122.9 KiB / 167.0 KiB)
Downloading [7/7] artifacts (138.9 KiB / 167.0 KiB)
Downloading [7/7] artifacts (154.9 KiB / 167.0 KiB)
Downloading [7/7] artifacts (167.0 KiB / 167.0 KiB)
Downloading [7/7] artifacts (167.0 KiB / 167.0 KiB)
Downloading [8/8] artifacts (167.0 KiB / 167.0 KiB)
Downloading [8/8] artifacts (167.0 KiB / 279.9 KiB)
Downloading [8/8] artifacts (167.0 KiB / 360.0 KiB)
Downloading [8/8] artifacts (170.6 KiB / 360.0 KiB)
Downloading [8/8] artifacts (174.8 KiB / 360.0 KiB)
Downloading [8/8] artifacts (178.9 KiB / 360.0 KiB)
Downloading [8/8] artifacts (183.0 KiB / 360.0 KiB)
Downloading [8/8] artifacts (187.2 KiB / 360.0 KiB)
Downloading [8/8] artifacts (191.3 KiB / 360.0 KiB)
Downloading [8/8] artifacts (195.4 KiB / 360.0 KiB)
Downloading [8/8] artifacts (199.5 KiB / 360.0 KiB)
Downloading [8/8] artifacts (203.7 KiB / 360.0 KiB)
Downloading [8/8] artifacts (207.8 KiB / 360.0 KiB)
Downloading [8/8] artifacts (211.9 KiB / 360.0 KiB)
Downloading [8/8] artifacts (216.1 KiB / 360.0 KiB)
Downloading [8/8] artifacts (220.2 KiB / 360.0 KiB)
Downloading [8/8] artifacts (236.2 KiB / 360.0 KiB)
Downloading [8/8] artifacts (247.0 KiB / 360.0 KiB)
Downloading [8/8] artifacts (247.0 KiB / 360.0 KiB)
Downloading [9/9] artifacts (247.0 KiB / 360.0 KiB)
Downloading [9/9] artifacts (247.0 KiB / 388.9 KiB)
Downloading [9/9] artifacts (250.7 KiB / 388.9 KiB)
Downloading [9/9] artifacts (254.8 KiB / 388.9 KiB)
Downloading [9/9] artifacts (259.0 KiB / 388.9 KiB)
Downloading [9/9] artifacts (263.1 KiB / 388.9 KiB)
Downloading [9/9] artifacts (267.2 KiB / 388.9 KiB)
Downloading [9/9] artifacts (271.4 KiB / 388.9 KiB)
Downloading [9/9] artifacts (275.5 KiB / 388.9 KiB)
Downloading [9/9] artifacts (275.9 KiB / 388.9 KiB)
Downloading [9/9] artifacts (275.9 KiB / 388.9 KiB)
Downloading [10/10] artifacts (275.9 KiB / 388.9 KiB)
Downloading [10/10] artifacts (275.9 KiB / 470.1 KiB)
Downloading [10/10] artifacts (276.8 KiB / 470.1 KiB)
Downloading [10/10] artifacts (278.1 KiB / 470.1 KiB)
Downloading [10/10] artifacts (279.5 KiB / 470.1 KiB)
Downloading [10/10] artifacts (280.8 KiB / 470.1 KiB)
Downloading [10/10] artifacts (282.1 KiB / 470.1 KiB)
Downloading [10/10] artifacts (283.5 KiB / 470.1 KiB)
Downloading [10/10] artifacts (284.8 KiB / 470.1 KiB)
Downloading [10/10] artifacts (286.1 KiB / 470.1 KiB)
Downloading [10/10] artifacts (287.5 KiB / 470.1 KiB)
Downloading [10/10] artifacts (288.8 KiB / 470.1 KiB)
Downloading [10/10] artifacts (290.2 KiB / 470.1 KiB)
Downloading [10/10] artifacts (291.5 KiB / 470.1 KiB)
Downloading [10/10] artifacts (292.8 KiB / 470.1 KiB)
Downloading [10/10] artifacts (294.2 KiB / 470.1 KiB)
Downloading [10/10] artifacts (295.5 KiB / 470.1 KiB)
Downloading [10/10] artifacts (296.8 KiB / 470.1 KiB)
Downloading [10/10] artifacts (298.2 KiB / 470.1 KiB)
Downloading [10/10] artifacts (299.5 KiB / 470.1 KiB)
Downloading [10/10] artifacts (300.9 KiB / 470.1 KiB)
Downloading [10/10] artifacts (302.2 KiB / 470.1 KiB)
Downloading [10/10] artifacts (303.5 KiB / 470.1 KiB)
Downloading [10/10] artifacts (304.9 KiB / 470.1 KiB)
Downloading [10/10] artifacts (306.2 KiB / 470.1 KiB)
Downloading [10/10] artifacts (307.2 KiB / 470.1 KiB)
Downloading [10/10] artifacts (308.5 KiB / 470.1 KiB)
Downloading [10/10] artifacts (309.9 KiB / 470.1 KiB)
Downloading [10/10] artifacts (311.2 KiB / 470.1 KiB)
Downloading [10/10] artifacts (312.6 KiB / 470.1 KiB)
Downloading [10/10] artifacts (313.9 KiB / 470.1 KiB)
Downloading [10/10] artifacts (315.2 KiB / 470.1 KiB)
Downloading [10/10] artifacts (316.6 KiB / 470.1 KiB)
Downloading [10/10] artifacts (317.9 KiB / 470.1 KiB)
Downloading [10/10] artifacts (319.2 KiB / 470.1 KiB)
Downloading [10/10] artifacts (320.6 KiB / 470.1 KiB)
Downloading [10/10] artifacts (321.9 KiB / 470.1 KiB)
Downloading [10/10] artifacts (323.3 KiB / 470.1 KiB)
Downloading [10/10] artifacts (324.6 KiB / 470.1 KiB)
Downloading [10/10] artifacts (325.9 KiB / 470.1 KiB)
Downloading [10/10] artifacts (327.3 KiB / 470.1 KiB)
Downloading [10/10] artifacts (331.4 KiB / 470.1 KiB)
Downloading [10/10] artifacts (335.5 KiB / 470.1 KiB)
Downloading [10/10] artifacts (339.7 KiB / 470.1 KiB)
Downloading [10/10] artifacts (343.8 KiB / 470.1 KiB)
Downloading [10/10] artifacts (347.9 KiB / 470.1 KiB)
Downloading [10/10] artifacts (352.0 KiB / 470.1 KiB)
Downloading [10/10] artifacts (356.2 KiB / 470.1 KiB)
Downloading [10/10] artifacts (357.1 KiB / 470.1 KiB)
Downloading [10/10] artifacts (357.1 KiB / 470.1 KiB)
Downloading [11/11] artifacts (357.1 KiB / 470.1 KiB)
Downloading [11/11] artifacts (357.1 KiB / 499.2 KiB)
Downloading [11/11] artifacts (372.4 KiB / 499.2 KiB)
Downloading [11/11] artifacts (386.3 KiB / 499.2 KiB)
Downloading [11/11] artifacts (386.3 KiB / 499.2 KiB)
Downloading [11/11] artifacts (390.4 KiB / 499.2 KiB)
Downloading [11/11] artifacts (394.5 KiB / 499.2 KiB)
Downloading [11/11] artifacts (394.5 KiB / 542.7 KiB)
Downloading [11/11] artifacts (398.7 KiB / 542.7 KiB)
Downloading [11/11] artifacts (402.3 KiB / 542.7 KiB)
Downloading [11/11] artifacts (406.0 KiB / 542.7 KiB)
Downloading [11/11] artifacts (406.3 KiB / 542.7 KiB)
Downloading [11/11] artifacts (410.4 KiB / 542.7 KiB)
Downloading [11/11] artifacts (414.5 KiB / 542.7 KiB)
Downloading [11/11] artifacts (418.7 KiB / 542.7 KiB)
Downloading [11/11] artifacts (422.8 KiB / 542.7 KiB)
Downloading [11/11] artifacts (426.9 KiB / 542.7 KiB)
Downloading [11/11] artifacts (431.1 KiB / 542.7 KiB)
Downloading [11/11] artifacts (435.2 KiB / 542.7 KiB)
Downloading [11/11] artifacts (439.3 KiB / 542.7 KiB)
Downloading [11/11] artifacts (445.7 KiB / 542.7 KiB)
Downloading [11/11] artifacts (445.7 KiB / 542.7 KiB)
Downloading [11/11] artifacts (449.9 KiB / 542.7 KiB)
Downloading [11/11] artifacts (454.0 KiB / 542.7 KiB)
Downloading [11/11] artifacts (458.1 KiB / 542.7 KiB)
Downloading [11/11] artifacts (461.7 KiB / 542.7 KiB)
Downloading [11/11] artifacts (465.9 KiB / 542.7 KiB)
Downloading [11/11] artifacts (470.0 KiB / 542.7 KiB)
Downloading [11/11] artifacts (474.1 KiB / 542.7 KiB)
Downloading [11/11] artifacts (477.7 KiB / 542.7 KiB)
Downloading [11/11] artifacts (481.9 KiB / 542.7 KiB)
Downloading [11/11] artifacts (486.0 KiB / 542.7 KiB)
Downloading [11/11] artifacts (490.1 KiB / 542.7 KiB)
Downloading [11/11] artifacts (494.3 KiB / 542.7 KiB)
Downloading [11/11] artifacts (498.4 KiB / 542.7 KiB)
Downloading [11/11] artifacts (502.5 KiB / 542.7 KiB)
Downloading [11/11] artifacts (506.6 KiB / 542.7 KiB)
Downloading [11/11] artifacts (509.7 KiB / 542.7 KiB)
Downloading [11/11] artifacts (509.7 KiB / 1.0 MiB)
Downloading [11/11] artifacts (513.9 KiB / 1.0 MiB)
Downloading [11/11] artifacts (518.0 KiB / 1.0 MiB)
Downloading [11/11] artifacts (522.1 KiB / 1.0 MiB)
Downloading [11/11] artifacts (526.3 KiB / 1.0 MiB)
Downloading [11/11] artifacts (530.4 KiB / 1.0 MiB)
Downloading [11/11] artifacts (534.5 KiB / 1.0 MiB)
Downloading [11/11] artifacts (538.6 KiB / 1.0 MiB)
Downloading [11/11] artifacts (541.7 KiB / 1.0 MiB)
Downloading [11/11] artifacts (545.9 KiB / 1.0 MiB)
Downloading [11/11] artifacts (550.0 KiB / 1.0 MiB)
Downloading [11/11] artifacts (554.1 KiB / 1.0 MiB)
Downloading [11/11] artifacts (558.3 KiB / 1.0 MiB)
Downloading [11/11] artifacts (574.3 KiB / 1.0 MiB)
Downloading [11/11] artifacts (582.0 KiB / 1.0 MiB)
Downloading [11/11] artifacts (586.1 KiB / 1.0 MiB)
Downloading [11/11] artifacts (589.7 KiB / 1.0 MiB)
Downloading [11/11] artifacts (593.9 KiB / 1.0 MiB)
Downloading [11/11] artifacts (598.0 KiB / 1.0 MiB)
Downloading [11/11] artifacts (614.0 KiB / 1.0 MiB)
Downloading [11/11] artifacts (630.0 KiB / 1.0 MiB)
Downloading [11/11] artifacts (646.0 KiB / 1.0 MiB)
Downloading [11/11] artifacts (662.0 KiB / 1.0 MiB)
Downloading [11/11] artifacts (666.1 KiB / 1.0 MiB)
Downloading [11/11] artifacts (670.3 KiB / 1.0 MiB)
Downloading [11/11] artifacts (670.7 KiB / 1.0 MiB)
Downloading [11/11] artifacts (670.7 KiB / 1.0 MiB)
Downloading [11/11] artifacts (686.7 KiB / 1.0 MiB)
Downloading [11/11] artifacts (702.7 KiB / 1.0 MiB)
Downloading [11/11] artifacts (718.7 KiB / 1.0 MiB)
Downloading [11/11] artifacts (734.7 KiB / 1.0 MiB)
Downloading [11/11] artifacts (734.7 KiB / 1.0 MiB)
Downloading [11/11] artifacts (750.7 KiB / 1.0 MiB)
Downloading [11/11] artifacts (766.7 KiB / 1.0 MiB)
Downloading [11/11] artifacts (782.7 KiB / 1.0 MiB)
Downloading [11/11] artifacts (783.5 KiB / 1.0 MiB)
Downloading [11/11] artifacts (783.5 KiB / 1.0 MiB)
Downloading [11/11] artifacts (799.5 KiB / 1.0 MiB)
Downloading [11/11] artifacts (815.5 KiB / 1.0 MiB)
Downloading [11/11] artifacts (831.5 KiB / 1.0 MiB)
Downloading [11/11] artifacts (847.5 KiB / 1.0 MiB)
Downloading [11/11] artifacts (863.5 KiB / 1.0 MiB)
Downloading [11/11] artifacts (879.5 KiB / 1.0 MiB)
Downloading [11/11] artifacts (895.5 KiB / 1.0 MiB)
Downloading [11/11] artifacts (911.5 KiB / 1.0 MiB)
Downloading [11/11] artifacts (927.5 KiB / 1.0 MiB)
Downloading [11/11] artifacts (943.5 KiB / 1.0 MiB)
Downloading [11/11] artifacts (959.5 KiB / 1.0 MiB)
Downloading [11/11] artifacts (975.5 KiB / 1.0 MiB)
Downloading [11/11] artifacts (991.5 KiB / 1.0 MiB)
Downloading [11/11] artifacts (1007.5 KiB / 1.0 MiB)
Downloading [11/11] artifacts (1023.5 KiB / 1.0 MiB)
Downloading [11/11] artifacts (1.0 MiB / 1.0 MiB)
Downloading [11/11] artifacts (1.0 MiB / 1.0 MiB)
Downloading [11/11] artifacts (1.0 MiB / 1.0 MiB)
Downloading [11/11] artifacts (1.0 MiB / 1.2 MiB)
Downloading [11/11] artifacts (1.0 MiB / 1.2 MiB)
Downloading [11/11] artifacts (1.0 MiB / 1.2 MiB)
Downloading [11/11] artifacts (1.0 MiB / 1.2 MiB)
Downloading [11/11] artifacts (1.0 MiB / 1.2 MiB)
Downloading [11/11] artifacts (1.0 MiB / 1.2 MiB)
Downloading [11/11] artifacts (1.0 MiB / 1.2 MiB)
Downloading [11/11] artifacts (1.1 MiB / 1.2 MiB)
Downloading [11/11] artifacts (1.1 MiB / 1.2 MiB)
Downloading [11/11] artifacts (1.1 MiB / 1.2 MiB)
Downloading [11/11] artifacts (1.1 MiB / 1.2 MiB)
Downloading [11/11] artifacts (1.1 MiB / 1.2 MiB)
Downloading [11/11] artifacts (1.1 MiB / 1.2 MiB)
Downloading [11/11] artifacts (1.1 MiB / 1.2 MiB)
Downloading [11/11] artifacts (1.1 MiB / 1.2 MiB)
Downloading [11/11] artifacts (1.1 MiB / 1.2 MiB)
Downloading [11/11] artifacts (1.1 MiB / 1.2 MiB)
Downloading [11/11] artifacts (1.1 MiB / 1.2 MiB)
Downloading [11/11] artifacts (1.1 MiB / 1.2 MiB)
Downloading [11/11] artifacts (1.1 MiB / 1.2 MiB)
Downloading [11/11] artifacts (1.1 MiB / 1.2 MiB)
Downloading [11/11] artifacts (1.1 MiB / 1.2 MiB)
Downloading [11/11] artifacts (1.1 MiB / 1.2 MiB)
Downloading [11/11] artifacts (1.1 MiB / 1.2 MiB)
Downloading [11/11] artifacts (1.1 MiB / 1.2 MiB)
Downloading [11/11] artifacts (1.1 MiB / 1.2 MiB)
Downloading [11/11] artifacts (1.1 MiB / 1.2 MiB)
Downloading [11/11] artifacts (1.1 MiB / 1.2 MiB)
Downloading [11/11] artifacts (1.1 MiB / 1.2 MiB)
Downloading [11/11] artifacts (1.1 MiB / 1.2 MiB)
Downloading [11/11] artifacts (1.1 MiB / 1.2 MiB)
Downloading [11/11] artifacts (1.1 MiB / 1.2 MiB)
Downloading [11/11] artifacts (1.1 MiB / 1.2 MiB)
Downloading [11/11] artifacts (1.2 MiB / 1.2 MiB)
Downloading [11/11] artifacts (1.2 MiB / 1.2 MiB)
Downloading [11/11] artifacts (1.2 MiB / 1.2 MiB)
Downloading [11/11] artifacts (1.2 MiB / 1.2 MiB)
Downloading [11/11] artifacts (1.2 MiB / 1.2 MiB)
