Downloading [1/1] artifacts (0 B / 0 B)
Downloading [1/1] artifacts (0 B / 2.7 KiB)
Downloading [1/1] artifacts (2.7 KiB / 2.7 KiB)
Downloading [1/1] artifacts (2.7 KiB / 2.7 KiB)
Downloading [2/2] artifacts (2.7 KiB / 2.7 KiB)
Downloading [3/3] artifacts (2.7 KiB / 2.7 KiB)
Downloading [3/3] artifacts (2.7 KiB / 4.8 KiB)
Downloading [3/3] artifacts (5.7 KiB / 7.9 KiB)
Downloading [3/3] artifacts (5.7 KiB / 7.9 KiB)
Downloading [3/3] artifacts (7.9 KiB / 7.9 KiB)
Downloading [3/3] artifacts (7.9 KiB / 7.9 KiB)
Downloading [4/4] artifacts (7.9 KiB / 7.9 KiB)
Downloading [5/5] artifacts (7.9 KiB / 7.9 KiB)
Downloading [6/6] artifacts (7.9 KiB / 7.9 KiB)
Downloading [7/7] artifacts (7.9 KiB / 7.9 KiB)
Downloading [7/7] artifacts (7.9 KiB / 9.8 KiB)
Downloading [7/7] artifacts (7.9 KiB / 11.8 KiB)
Downloading [7/7] artifacts (7.9 KiB / 14.1 KiB)
Downloading [7/7] artifacts (7.9 KiB / 16.0 KiB)
Downloading [7/7] artifacts (8.8 KiB / 16.0 KiB)
Downloading [7/7] artifacts (9.8 KiB / 16.0 KiB)
Downloading [7/7] artifacts (10.6 KiB / 16.0 KiB)
Downloading [7/7] artifacts (10.6 KiB / 16.0 KiB)
Downloading [7/7] artifacts (11.8 KiB / 16.0 KiB)
Downloading [7/7] artifacts (11.8 KiB / 16.0 KiB)
Downloading [7/7] artifacts (12.7 KiB / 16.0 KiB)
Downloading [7/7] artifacts (14.1 KiB / 16.0 KiB)
Downloading [7/7] artifacts (14.1 KiB / 16.0 KiB)
Downloading [7/7] artifacts (14.1 KiB / 16.0 KiB)
Downloading [7/7] artifacts (15.0 KiB / 16.0 KiB)
Downloading [7/7] artifacts (16.0 KiB / 16.0 KiB)
Downloading [7/7] artifacts (16.0 KiB / 16.0 KiB)
Downloading [8/8] artifacts (16.0 KiB / 16.0 KiB)
Downloading [9/9] artifacts (16.0 KiB / 16.0 KiB)
Downloading [10/10] artifacts (16.0 KiB / 16.0 KiB)
Downloading [10/10] artifacts (16.0 KiB / 17.7 KiB)
Downloading [10/10] artifacts (16.9 KiB / 17.7 KiB)
Downloading [10/10] artifacts (17.7 KiB / 17.7 KiB)
Downloading [10/10] artifacts (17.7 KiB / 17.7 KiB)
Downloading [10/10] artifacts (17.7 KiB / 19.5 KiB)
Downloading [10/10] artifacts (18.6 KiB / 19.5 KiB)
Downloading [10/10] artifacts (19.5 KiB / 19.5 KiB)
Downloading [10/10] artifacts (19.5 KiB / 19.5 KiB)
Downloading [10/10] artifacts (19.5 KiB / 21.3 KiB)
Downloading [10/10] artifacts (19.5 KiB / 21.3 KiB)
Downloading [11/11] artifacts (19.5 KiB / 21.3 KiB)
Downloading [11/11] artifacts (19.5 KiB / 22.7 KiB)
Downloading [11/11] artifacts (20.4 KiB / 22.7 KiB)
Downloading [11/11] artifacts (21.0 KiB / 22.7 KiB)
Downloading [11/11] artifacts (21.0 KiB / 22.7 KiB)
Downloading [1/1] artifacts (0 B / 0 B)
Downloading [2/2] artifacts (0 B / 0 B)
Downloading [3/3] artifacts (0 B / 0 B)
Downloading [4/4] artifacts (0 B / 0 B)
Downloading [5/5] artifacts (0 B / 0 B)
Downloading [6/6] artifacts (0 B / 0 B)
Downloading [6/6] artifacts (0 B / 26.5 KiB)
Downloading [6/6] artifacts (0 B / 163.6 KiB)
Downloading [6/6] artifacts (0 B / 2.0 MiB)
Downloading [6/6] artifacts (892 B / 2.0 MiB)
Downloading [6/6] artifacts (2.2 KiB / 2.0 MiB)
Downloading [6/6] artifacts (3.5 KiB / 2.0 MiB)
Downloading [6/6] artifacts (3.5 KiB / 2.3 MiB)
Downloading [6/6] artifacts (4.9 KiB / 2.3 MiB)
Downloading [6/6] artifacts (6.2 KiB / 2.3 MiB)
Downloading [6/6] artifacts (7.6 KiB / 2.3 MiB)
Downloading [6/6] artifacts (8.9 KiB / 2.3 MiB)
Downloading [6/6] artifacts (10.2 KiB / 2.3 MiB)
Downloading [6/6] artifacts (11.6 KiB / 2.3 MiB)
Downloading [6/6] artifacts (12.4 KiB / 2.3 MiB)
Downloading [6/6] artifacts (13.8 KiB / 2.3 MiB)
Downloading [6/6] artifacts (14.6 KiB / 2.3 MiB)
Downloading [6/6] artifacts (16.0 KiB / 2.3 MiB)
Downloading [6/6] artifacts (17.3 KiB / 2.3 MiB)
Downloading [6/6] artifacts (18.7 KiB / 2.3 MiB)
Downloading [6/6] artifacts (19.7 KiB / 2.3 MiB)
Downloading [6/6] artifacts (21.0 KiB / 2.3 MiB)
Downloading [6/6] artifacts (22.4 KiB / 2.3 MiB)
Downloading [6/6] artifacts (23.7 KiB / 2.3 MiB)
Downloading [6/6] artifacts (25.1 KiB / 2.3 MiB)
Downloading [6/6] artifacts (26.4 KiB / 2.3 MiB)
Downloading [6/6] artifacts (27.7 KiB / 2.3 MiB)
Downloading [6/6] artifacts (29.1 KiB / 2.3 MiB)
Downloading [6/6] artifacts (30.4 KiB / 2.3 MiB)
Downloading [6/6] artifacts (31.7 KiB / 2.3 MiB)
Downloading [6/6] artifacts (33.1 KiB / 2.3 MiB)
Downloading [6/6] artifacts (34.4 KiB / 2.3 MiB)
Downloading [6/6] artifacts (35.7 KiB / 2.3 MiB)
Downloading [6/6] artifacts (37.1 KiB / 2.3 MiB)
Downloading [6/6] artifacts (38.4 KiB / 2.3 MiB)
Downloading [6/6] artifacts (39.5 KiB / 2.3 MiB)
Downloading [6/6] artifacts (40.8 KiB / 2.3 MiB)
Downloading [6/6] artifacts (42.2 KiB / 2.3 MiB)
Downloading [6/6] artifacts (43.5 KiB / 2.3 MiB)
Downloading [6/6] artifacts (44.8 KiB / 2.3 MiB)
Downloading [6/6] artifacts (46.2 KiB / 2.3 MiB)
Downloading [6/6] artifacts (47.5 KiB / 2.3 MiB)
Downloading [6/6] artifacts (48.8 KiB / 2.3 MiB)
Downloading [6/6] artifacts (50.2 KiB / 2.3 MiB)
Downloading [6/6] artifacts (51.5 KiB / 2.3 MiB)
Downloading [6/6] artifacts (52.9 KiB / 2.3 MiB)
Downloading [6/6] artifacts (54.2 KiB / 2.3 MiB)
Downloading [6/6] artifacts (55.5 KiB / 2.3 MiB)
Downloading [6/6] artifacts (56.9 KiB / 2.3 MiB)
Downloading [6/6] artifacts (58.2 KiB / 2.3 MiB)
Downloading [6/6] artifacts (59.5 KiB / 2.3 MiB)
Downloading [6/6] artifacts (60.9 KiB / 2.3 MiB)
Downloading [6/6] artifacts (62.2 KiB / 2.3 MiB)
Downloading [6/6] artifacts (63.5 KiB / 2.3 MiB)
Downloading [6/6] artifacts (64.9 KiB / 2.3 MiB)
Downloading [6/6] artifacts (65.4 KiB / 2.3 MiB)
Downloading [6/6] artifacts (66.7 KiB / 2.3 MiB)
Downloading [6/6] artifacts (68.1 KiB / 2.3 MiB)
Downloading [6/6] artifacts (69.4 KiB / 2.3 MiB)
Downloading [6/6] artifacts (70.7 KiB / 2.3 MiB)
Downloading [6/6] artifacts (72.1 KiB / 2.3 MiB)
Downloading [6/6] artifacts (73.4 KiB / 2.3 MiB)
Downloading [6/6] artifacts (74.7 KiB / 2.3 MiB)
Downloading [6/6] artifacts (76.1 KiB / 2.3 MiB)
Downloading [6/6] artifacts (77.4 KiB / 2.3 MiB)
Downloading [6/6] artifacts (78.8 KiB / 2.3 MiB)
Downloading [6/6] artifacts (79.2 KiB / 2.3 MiB)
Downloading [6/6] artifacts (80.5 KiB / 2.3 MiB)
Downloading [6/6] artifacts (81.8 KiB / 2.3 MiB)
Downloading [6/6] artifacts (83.2 KiB / 2.3 MiB)
Downloading [6/6] artifacts (84.5 KiB / 2.3 MiB)
Downloading [6/6] artifacts (85.8 KiB / 2.3 MiB)
Downloading [6/6] artifacts (87.2 KiB / 2.3 MiB)
Downloading [6/6] artifacts (88.5 KiB / 2.3 MiB)
Downloading [6/6] artifacts (89.9 KiB / 2.3 MiB)
Downloading [6/6] artifacts (91.2 KiB / 2.3 MiB)
Downloading [6/6] artifacts (92.5 KiB / 2.3 MiB)
Downloading [6/6] artifacts (93.9 KiB / 2.3 MiB)
Downloading [6/6] artifacts (95.2 KiB / 2.3 MiB)
Downloading [6/6] artifacts (96.5 KiB / 2.3 MiB)
Downloading [6/6] artifacts (97.9 KiB / 2.3 MiB)
Downloading [6/6] artifacts (99.2 KiB / 2.3 MiB)
Downloading [6/6] artifacts (100.6 KiB / 2.3 MiB)
Downloading [6/6] artifacts (101.9 KiB / 2.3 MiB)
Downloading [6/6] artifacts (103.2 KiB / 2.3 MiB)
Downloading [6/6] artifacts (104.6 KiB / 2.3 MiB)
Downloading [6/6] artifacts (105.9 KiB / 2.3 MiB)
Downloading [6/6] artifacts (107.2 KiB / 2.3 MiB)
Downloading [6/6] artifacts (108.6 KiB / 2.3 MiB)
Downloading [6/6] artifacts (112.7 KiB / 2.3 MiB)
Downloading [6/6] artifacts (114.0 KiB / 2.3 MiB)
Downloading [6/6] artifacts (118.2 KiB / 2.3 MiB)
Downloading [6/6] artifacts (119.5 KiB / 2.3 MiB)
Downloading [6/6] artifacts (120.8 KiB / 2.3 MiB)
Downloading [6/6] artifacts (122.2 KiB / 2.3 MiB)
Downloading [6/6] artifacts (123.5 KiB / 2.3 MiB)
Downloading [6/6] artifacts (124.9 KiB / 2.3 MiB)
Downloading [6/6] artifacts (126.2 KiB / 2.3 MiB)
Downloading [6/6] artifacts (127.5 KiB / 2.3 MiB)
Downloading [6/6] artifacts (128.9 KiB / 2.3 MiB)
Downloading [6/6] artifacts (133.0 KiB / 2.3 MiB)
Downloading [6/6] artifacts (137.1 KiB / 2.3 MiB)
Downloading [6/6] artifacts (137.1 KiB / 2.3 MiB)
Downloading [7/7] artifacts (137.1 KiB / 2.3 MiB)
Downloading [7/7] artifacts (138.0 KiB / 2.3 MiB)
Downloading [7/7] artifacts (139.3 KiB / 2.3 MiB)
Downloading [7/7] artifacts (140.7 KiB / 2.3 MiB)
Downloading [7/7] artifacts (142.0 KiB / 2.3 MiB)
Downloading [7/7] artifacts (143.3 KiB / 2.3 MiB)
Downloading [7/7] artifacts (144.7 KiB / 2.3 MiB)
Downloading [7/7] artifacts (146.0 KiB / 2.3 MiB)
Downloading [7/7] artifacts (147.4 KiB / 2.3 MiB)
Downloading [7/7] artifacts (148.7 KiB / 2.3 MiB)
Downloading [7/7] artifacts (150.0 KiB / 2.3 MiB)
Downloading [7/7] artifacts (151.4 KiB / 2.3 MiB)
Downloading [7/7] artifacts (152.7 KiB / 2.3 MiB)
Downloading [7/7] artifacts (154.0 KiB / 2.3 MiB)
Downloading [7/7] artifacts (155.4 KiB / 2.3 MiB)
Downloading [7/7] artifacts (156.7 KiB / 2.3 MiB)
Downloading [7/7] artifacts (158.0 KiB / 2.3 MiB)
Downloading [7/7] artifacts (159.4 KiB / 2.3 MiB)
Downloading [7/7] artifacts (160.7 KiB / 2.3 MiB)
Downloading [7/7] artifacts (162.1 KiB / 2.3 MiB)
Downloading [7/7] artifacts (163.4 KiB / 2.3 MiB)
Downloading [7/7] artifacts (164.4 KiB / 2.3 MiB)
Downloading [7/7] artifacts (165.8 KiB / 2.3 MiB)
Downloading [7/7] artifacts (167.1 KiB / 2.3 MiB)
Downloading [7/7] artifacts (168.4 KiB / 2.3 MiB)
Downloading [7/7] artifacts (169.8 KiB / 2.3 MiB)
Downloading [7/7] artifacts (171.1 KiB / 2.3 MiB)
Downloading [7/7] artifacts (172.4 KiB / 2.3 MiB)
Downloading [7/7] artifacts (173.8 KiB / 2.3 MiB)
Downloading [7/7] artifacts (175.1 KiB / 2.3 MiB)
Downloading [7/7] artifacts (176.4 KiB / 2.3 MiB)
Downloading [7/7] artifacts (180.6 KiB / 2.3 MiB)
Downloading [7/7] artifacts (184.7 KiB / 2.3 MiB)
Downloading [7/7] artifacts (188.8 KiB / 2.3 MiB)
Downloading [7/7] artifacts (188.8 KiB / 2.6 MiB)
Downloading [7/7] artifacts (189.7 KiB / 2.6 MiB)
Downloading [7/7] artifacts (193.8 KiB / 2.6 MiB)
Downloading [7/7] artifacts (198.0 KiB / 2.6 MiB)
Downloading [7/7] artifacts (199.3 KiB / 2.6 MiB)
Downloading [7/7] artifacts (203.4 KiB / 2.6 MiB)
Downloading [7/7] artifacts (204.3 KiB / 2.6 MiB)
Downloading [7/7] artifacts (208.4 KiB / 2.6 MiB)
Downloading [7/7] artifacts (212.6 KiB / 2.6 MiB)
Downloading [7/7] artifacts (213.9 KiB / 2.6 MiB)
Downloading [7/7] artifacts (218.0 KiB / 2.6 MiB)
Downloading [7/7] artifacts (219.4 KiB / 2.6 MiB)
Downloading [7/7] artifacts (220.7 KiB / 2.6 MiB)
Downloading [7/7] artifacts (222.0 KiB / 2.6 MiB)
Downloading [7/7] artifacts (223.4 KiB / 2.6 MiB)
Downloading [7/7] artifacts (224.7 KiB / 2.6 MiB)
Downloading [7/7] artifacts (226.1 KiB / 2.6 MiB)
Downloading [7/7] artifacts (227.4 KiB / 2.6 MiB)
Downloading [7/7] artifacts (228.7 KiB / 2.6 MiB)
Downloading [7/7] artifacts (230.1 KiB / 2.6 MiB)
Downloading [7/7] artifacts (231.4 KiB / 2.6 MiB)
Downloading [7/7] artifacts (232.7 KiB / 2.6 MiB)
Downloading [7/7] artifacts (234.1 KiB / 2.6 MiB)
Downloading [7/7] artifacts (235.4 KiB / 2.6 MiB)
Downloading [7/7] artifacts (236.8 KiB / 2.6 MiB)
Downloading [7/7] artifacts (238.1 KiB / 2.6 MiB)
Downloading [7/7] artifacts (239.4 KiB / 2.6 MiB)
Downloading [7/7] artifacts (240.8 KiB / 2.6 MiB)
Downloading [7/7] artifacts (242.1 KiB / 2.6 MiB)
Downloading [7/7] artifacts (243.4 KiB / 2.6 MiB)
Downloading [7/7] artifacts (244.8 KiB / 2.6 MiB)
Downloading [7/7] artifacts (245.7 KiB / 2.6 MiB)
Downloading [7/7] artifacts (249.9 KiB / 2.6 MiB)
Downloading [7/7] artifacts (251.2 KiB / 2.6 MiB)
Downloading [7/7] artifacts (255.3 KiB / 2.6 MiB)
Downloading [7/7] artifacts (256.7 KiB / 2.6 MiB)
Downloading [7/7] artifacts (260.8 KiB / 2.6 MiB)
Downloading [7/7] artifacts (262.1 KiB / 2.6 MiB)
Downloading [7/7] artifacts (266.3 KiB / 2.6 MiB)
Downloading [7/7] artifacts (270.4 KiB / 2.6 MiB)
Downloading [7/7] artifacts (271.7 KiB / 2.6 MiB)
Downloading [7/7] artifacts (275.9 KiB / 2.6 MiB)
Downloading [7/7] artifacts (277.2 KiB / 2.6 MiB)
Downloading [7/7] artifacts (278.5 KiB / 2.6 MiB)
Downloading [7/7] artifacts (282.7 KiB / 2.6 MiB)
Downloading [7/7] artifacts (286.8 KiB / 2.6 MiB)
Downloading [7/7] artifacts (290.9 KiB / 2.6 MiB)
Downloading [7/7] artifacts (295.1 KiB / 2.6 MiB)
Downloading [7/7] artifacts (299.2 KiB / 2.6 MiB)
Downloading [7/7] artifacts (303.3 KiB / 2.6 MiB)
Downloading [7/7] artifacts (307.5 KiB / 2.6 MiB)
Downloading [7/7] artifacts (311.6 KiB / 2.6 MiB)
Downloading [7/7] artifacts (315.7 KiB / 2.6 MiB)
Downloading [7/7] artifacts (319.8 KiB / 2.6 MiB)
Downloading [7/7] artifacts (319.8 KiB / 2.9 MiB)
Downloading [7/7] artifacts (324.0 KiB / 2.9 MiB)
Downloading [7/7] artifacts (328.1 KiB / 2.9 MiB)
Downloading [7/7] artifacts (332.2 KiB / 2.9 MiB)
Downloading [7/7] artifacts (336.4 KiB / 2.9 MiB)
Downloading [7/7] artifacts (340.5 KiB / 2.9 MiB)
Downloading [7/7] artifacts (344.6 KiB / 2.9 MiB)
Downloading [7/7] artifacts (348.8 KiB / 2.9 MiB)
Downloading [7/7] artifacts (352.9 KiB / 2.9 MiB)
Downloading [7/7] artifacts (357.0 KiB / 2.9 MiB)
Downloading [7/7] artifacts (361.1 KiB / 2.9 MiB)
Downloading [7/7] artifacts (365.3 KiB / 2.9 MiB)
Downloading [7/7] artifacts (369.4 KiB / 2.9 MiB)
Downloading [7/7] artifacts (373.5 KiB / 2.9 MiB)
Downloading [7/7] artifacts (377.7 KiB / 2.9 MiB)
Downloading [7/7] artifacts (381.8 KiB / 2.9 MiB)
Downloading [7/7] artifacts (385.9 KiB / 2.9 MiB)
Downloading [7/7] artifacts (390.1 KiB / 2.9 MiB)
Downloading [7/7] artifacts (394.2 KiB / 2.9 MiB)
Downloading [7/7] artifacts (398.3 KiB / 2.9 MiB)
Downloading [7/7] artifacts (402.4 KiB / 2.9 MiB)
Downloading [7/7] artifacts (406.6 KiB / 2.9 MiB)
Downloading [7/7] artifacts (410.7 KiB / 2.9 MiB)
Downloading [7/7] artifacts (411.6 KiB / 2.9 MiB)
Downloading [7/7] artifacts (412.9 KiB / 2.9 MiB)
Downloading [7/7] artifacts (414.3 KiB / 2.9 MiB)
Downloading [7/7] artifacts (415.6 KiB / 2.9 MiB)
Downloading [7/7] artifacts (416.9 KiB / 2.9 MiB)
Downloading [7/7] artifacts (418.3 KiB / 2.9 MiB)
Downloading [7/7] artifacts (419.6 KiB / 2.9 MiB)
Downloading [7/7] artifacts (423.7 KiB / 2.9 MiB)
Downloading [7/7] artifacts (425.1 KiB / 2.9 MiB)
Downloading [7/7] artifacts (426.4 KiB / 2.9 MiB)
Downloading [7/7] artifacts (427.7 KiB / 2.9 MiB)
Downloading [7/7] artifacts (430.1 KiB / 2.9 MiB)
Downloading [7/7] artifacts (434.3 KiB / 2.9 MiB)
Downloading [7/7] artifacts (438.4 KiB / 2.9 MiB)
Downloading [7/7] artifacts (442.5 KiB / 2.9 MiB)
Downloading [7/7] artifacts (446.6 KiB / 2.9 MiB)
Downloading [7/7] artifacts (450.8 KiB / 2.9 MiB)
Downloading [7/7] artifacts (454.9 KiB / 2.9 MiB)
Downloading [7/7] artifacts (459.0 KiB / 2.9 MiB)
Downloading [7/7] artifacts (463.2 KiB / 2.9 MiB)
Downloading [7/7] artifacts (467.3 KiB / 2.9 MiB)
Downloading [7/7] artifacts (467.3 KiB / 3.5 MiB)
Downloading [7/7] artifacts (471.4 KiB / 3.5 MiB)
Downloading [7/7] artifacts (475.6 KiB / 3.5 MiB)
Downloading [7/7] artifacts (479.7 KiB / 3.5 MiB)
Downloading [7/7] artifacts (482.0 KiB / 3.5 MiB)
Downloading [7/7] artifacts (486.1 KiB / 3.5 MiB)
Downloading [7/7] artifacts (490.3 KiB / 3.5 MiB)
Downloading [7/7] artifacts (494.1 KiB / 3.5 MiB)
Downloading [7/7] artifacts (498.3 KiB / 3.5 MiB)
Downloading [7/7] artifacts (502.4 KiB / 3.5 MiB)
Downloading [7/7] artifacts (506.5 KiB / 3.5 MiB)
Downloading [7/7] artifacts (510.6 KiB / 3.5 MiB)
Downloading [7/7] artifacts (514.8 KiB / 3.5 MiB)
Downloading [7/7] artifacts (518.9 KiB / 3.5 MiB)
Downloading [7/7] artifacts (523.0 KiB / 3.5 MiB)
Downloading [7/7] artifacts (527.2 KiB / 3.5 MiB)
Downloading [7/7] artifacts (531.3 KiB / 3.5 MiB)
Downloading [7/7] artifacts (535.4 KiB / 3.5 MiB)
Downloading [7/7] artifacts (539.6 KiB / 3.5 MiB)
Downloading [7/7] artifacts (543.7 KiB / 3.5 MiB)
Downloading [7/7] artifacts (547.8 KiB / 3.5 MiB)
Downloading [7/7] artifacts (551.2 KiB / 3.5 MiB)
Downloading [7/7] artifacts (555.3 KiB / 3.5 MiB)
Downloading [7/7] artifacts (559.4 KiB / 3.5 MiB)
Downloading [7/7] artifacts (563.6 KiB / 3.5 MiB)
Downloading [7/7] artifacts (567.7 KiB / 3.5 MiB)
Downloading [7/7] artifacts (571.8 KiB / 3.5 MiB)
Downloading [7/7] artifacts (575.9 KiB / 3.5 MiB)
Downloading [7/7] artifacts (580.1 KiB / 3.5 MiB)
Downloading [7/7] artifacts (584.2 KiB / 3.5 MiB)
Downloading [7/7] artifacts (588.3 KiB / 3.5 MiB)
Downloading [7/7] artifacts (592.5 KiB / 3.5 MiB)
Downloading [7/7] artifacts (592.8 KiB / 3.5 MiB)
Downloading [7/7] artifacts (596.9 KiB / 3.5 MiB)
Downloading [7/7] artifacts (601.1 KiB / 3.5 MiB)
Downloading [7/7] artifacts (605.2 KiB / 3.5 MiB)
Downloading [7/7] artifacts (609.3 KiB / 3.5 MiB)
Downloading [7/7] artifacts (610.2 KiB / 3.5 MiB)
Downloading [7/7] artifacts (611.5 KiB / 3.5 MiB)
Downloading [7/7] artifacts (612.9 KiB / 3.5 MiB)
Downloading [7/7] artifacts (614.2 KiB / 3.5 MiB)
Downloading [7/7] artifacts (615.5 KiB / 3.5 MiB)
Downloading [7/7] artifacts (616.9 KiB / 3.5 MiB)
Downloading [7/7] artifacts (618.2 KiB / 3.5 MiB)
Downloading [7/7] artifacts (619.5 KiB / 3.5 MiB)
Downloading [7/7] artifacts (620.9 KiB / 3.5 MiB)
Downloading [7/7] artifacts (622.2 KiB / 3.5 MiB)
Downloading [7/7] artifacts (623.6 KiB / 3.5 MiB)
Downloading [7/7] artifacts (624.9 KiB / 3.5 MiB)
Downloading [7/7] artifacts (626.2 KiB / 3.5 MiB)
Downloading [7/7] artifacts (627.6 KiB / 3.5 MiB)
Downloading [7/7] artifacts (628.9 KiB / 3.5 MiB)
Downloading [7/7] artifacts (630.2 KiB / 3.5 MiB)
Downloading [7/7] artifacts (631.6 KiB / 3.5 MiB)
Downloading [7/7] artifacts (632.9 KiB / 3.5 MiB)
Downloading [7/7] artifacts (633.3 KiB / 3.5 MiB)
Downloading [7/7] artifacts (634.7 KiB / 3.5 MiB)
Downloading [7/7] artifacts (636.0 KiB / 3.5 MiB)
Downloading [7/7] artifacts (637.3 KiB / 3.5 MiB)
Downloading [7/7] artifacts (638.7 KiB / 3.5 MiB)
Downloading [7/7] artifacts (640.0 KiB / 3.5 MiB)
Downloading [7/7] artifacts (641.3 KiB / 3.5 MiB)
Downloading [7/7] artifacts (642.7 KiB / 3.5 MiB)
Downloading [7/7] artifacts (644.0 KiB / 3.5 MiB)
Downloading [7/7] artifacts (645.3 KiB / 3.5 MiB)
Downloading [7/7] artifacts (646.7 KiB / 3.5 MiB)
Downloading [7/7] artifacts (648.0 KiB / 3.5 MiB)
Downloading [7/7] artifacts (649.4 KiB / 3.5 MiB)
Downloading [7/7] artifacts (650.7 KiB / 3.5 MiB)
Downloading [7/7] artifacts (652.0 KiB / 3.5 MiB)
Downloading [7/7] artifacts (653.4 KiB / 3.5 MiB)
Downloading [7/7] artifacts (654.7 KiB / 3.5 MiB)
Downloading [7/7] artifacts (656.0 KiB / 3.5 MiB)
Downloading [7/7] artifacts (657.4 KiB / 3.5 MiB)
Downloading [7/7] artifacts (658.7 KiB / 3.5 MiB)
Downloading [7/7] artifacts (660.1 KiB / 3.5 MiB)
Downloading [7/7] artifacts (661.4 KiB / 3.5 MiB)
Downloading [7/7] artifacts (662.7 KiB / 3.5 MiB)
Downloading [7/7] artifacts (666.9 KiB / 3.5 MiB)
Downloading [7/7] artifacts (671.0 KiB / 3.5 MiB)
Downloading [7/7] artifacts (675.1 KiB / 3.5 MiB)
Downloading [7/7] artifacts (679.2 KiB / 3.5 MiB)
Downloading [7/7] artifacts (683.4 KiB / 3.5 MiB)
Downloading [7/7] artifacts (686.3 KiB / 3.5 MiB)
Downloading [7/7] artifacts (686.3 KiB / 3.5 MiB)
Downloading [8/8] artifacts (686.3 KiB / 3.5 MiB)
Downloading [8/8] artifacts (690.4 KiB / 3.5 MiB)
Downloading [8/8] artifacts (694.5 KiB / 3.5 MiB)
Downloading [8/8] artifacts (698.7 KiB / 3.5 MiB)
Downloading [8/8] artifacts (702.8 KiB / 3.5 MiB)
Downloading [8/8] artifacts (706.9 KiB / 3.5 MiB)
Downloading [8/8] artifacts (711.1 KiB / 3.5 MiB)
Downloading [8/8] artifacts (715.2 KiB / 3.5 MiB)
Downloading [8/8] artifacts (719.3 KiB / 3.5 MiB)
Downloading [8/8] artifacts (723.4 KiB / 3.5 MiB)
Downloading [8/8] artifacts (727.6 KiB / 3.5 MiB)
Downloading [8/8] artifacts (731.7 KiB / 3.5 MiB)
Downloading [8/8] artifacts (735.8 KiB / 3.5 MiB)
Downloading [8/8] artifacts (740.0 KiB / 3.5 MiB)
Downloading [8/8] artifacts (744.1 KiB / 3.5 MiB)
Downloading [8/8] artifacts (748.2 KiB / 3.5 MiB)
Downloading [8/8] artifacts (752.4 KiB / 3.5 MiB)
Downloading [8/8] artifacts (756.5 KiB / 3.5 MiB)
Downloading [8/8] artifacts (760.6 KiB / 3.5 MiB)
Downloading [8/8] artifacts (764.7 KiB / 3.5 MiB)
Downloading [8/8] artifacts (768.9 KiB / 3.5 MiB)
Downloading [8/8] artifacts (773.0 KiB / 3.5 MiB)
Downloading [8/8] artifacts (777.1 KiB / 3.5 MiB)
Downloading [8/8] artifacts (781.3 KiB / 3.5 MiB)
Downloading [8/8] artifacts (785.4 KiB / 3.5 MiB)
Downloading [8/8] artifacts (789.5 KiB / 3.5 MiB)
Downloading [8/8] artifacts (793.7 KiB / 3.5 MiB)
Downloading [8/8] artifacts (797.8 KiB / 3.5 MiB)
Downloading [8/8] artifacts (801.9 KiB / 3.5 MiB)
Downloading [8/8] artifacts (806.0 KiB / 3.5 MiB)
Downloading [8/8] artifacts (810.2 KiB / 3.5 MiB)
Downloading [8/8] artifacts (814.3 KiB / 3.5 MiB)
Downloading [8/8] artifacts (818.4 KiB / 3.5 MiB)
Downloading [8/8] artifacts (822.6 KiB / 3.5 MiB)
Downloading [8/8] artifacts (838.6 KiB / 3.5 MiB)
Downloading [8/8] artifacts (854.6 KiB / 3.5 MiB)
Downloading [8/8] artifacts (858.7 KiB / 3.5 MiB)
Downloading [8/8] artifacts (862.8 KiB / 3.5 MiB)
Downloading [8/8] artifacts (878.8 KiB / 3.5 MiB)
Downloading [8/8] artifacts (883.0 KiB / 3.5 MiB)
Downloading [8/8] artifacts (899.0 KiB / 3.5 MiB)
Downloading [8/8] artifacts (903.1 KiB / 3.5 MiB)
Downloading [8/8] artifacts (907.2 KiB / 3.5 MiB)
Downloading [8/8] artifacts (911.3 KiB / 3.5 MiB)
Downloading [8/8] artifacts (927.3 KiB / 3.5 MiB)
Downloading [8/8] artifacts (943.3 KiB / 3.5 MiB)
Downloading [8/8] artifacts (947.5 KiB / 3.5 MiB)
Downloading [8/8] artifacts (963.5 KiB / 3.5 MiB)
Downloading [8/8] artifacts (963.7 KiB / 3.5 MiB)
Downloading [8/8] artifacts (969.9 KiB / 3.5 MiB)
Downloading [8/8] artifacts (974.0 KiB / 3.5 MiB)
Downloading [8/8] artifacts (978.1 KiB / 3.5 MiB)
Downloading [8/8] artifacts (982.3 KiB / 3.5 MiB)
Downloading [8/8] artifacts (986.4 KiB / 3.5 MiB)
Downloading [8/8] artifacts (990.5 KiB / 3.5 MiB)
Downloading [8/8] artifacts (1006.5 KiB / 3.5 MiB)
Downloading [8/8] artifacts (1010.6 KiB / 3.5 MiB)
Downloading [8/8] artifacts (1014.8 KiB / 3.5 MiB)
Downloading [8/8] artifacts (1018.9 KiB / 3.5 MiB)
Downloading [8/8] artifacts (1023.0 KiB / 3.5 MiB)
Downloading [8/8] artifacts (1.0 MiB / 3.5 MiB)
Downloading [8/8] artifacts (1.0 MiB / 3.5 MiB)
Downloading [8/8] artifacts (1.0 MiB / 3.5 MiB)
Downloading [8/8] artifacts (1.0 MiB / 3.5 MiB)
Downloading [8/8] artifacts (1.0 MiB / 3.5 MiB)
Downloading [8/8] artifacts (1.0 MiB / 3.5 MiB)
Downloading [8/8] artifacts (1.0 MiB / 3.5 MiB)
Downloading [8/8] artifacts (1.1 MiB / 3.5 MiB)
Downloading [8/8] artifacts (1.1 MiB / 3.5 MiB)
Downloading [8/8] artifacts (1.1 MiB / 3.5 MiB)
Downloading [8/8] artifacts (1.1 MiB / 3.5 MiB)
Downloading [8/8] artifacts (1.1 MiB / 3.5 MiB)
Downloading [8/8] artifacts (1.1 MiB / 3.5 MiB)
Downloading [8/8] artifacts (1.1 MiB / 3.5 MiB)
Downloading [9/9] artifacts (1.1 MiB / 3.5 MiB)
Downloading [9/9] artifacts (1.1 MiB / 3.5 MiB)
Downloading [9/9] artifacts (1.1 MiB / 3.5 MiB)
Downloading [9/9] artifacts (1.1 MiB / 3.5 MiB)
Downloading [9/9] artifacts (1.1 MiB / 3.5 MiB)
Downloading [9/9] artifacts (1.1 MiB / 3.5 MiB)
Downloading [9/9] artifacts (1.1 MiB / 3.5 MiB)
Downloading [9/9] artifacts (1.1 MiB / 3.5 MiB)
Downloading [9/9] artifacts (1.1 MiB / 3.5 MiB)
Downloading [9/9] artifacts (1.2 MiB / 3.5 MiB)
Downloading [9/9] artifacts (1.2 MiB / 3.5 MiB)
Downloading [9/9] artifacts (1.2 MiB / 3.5 MiB)
Downloading [9/9] artifacts (1.2 MiB / 3.5 MiB)
Downloading [9/9] artifacts (1.2 MiB / 3.5 MiB)
Downloading [9/9] artifacts (1.2 MiB / 3.5 MiB)
Downloading [9/9] artifacts (1.2 MiB / 3.5 MiB)
Downloading [9/9] artifacts (1.2 MiB / 3.5 MiB)
Downloading [9/9] artifacts (1.2 MiB / 3.5 MiB)
Downloading [9/9] artifacts (1.2 MiB / 3.5 MiB)
Downloading [9/9] artifacts (1.2 MiB / 3.5 MiB)
Downloading [9/9] artifacts (1.3 MiB / 3.5 MiB)
Downloading [9/9] artifacts (1.3 MiB / 3.5 MiB)
Downloading [9/9] artifacts (1.3 MiB / 3.5 MiB)
Downloading [9/9] artifacts (1.3 MiB / 3.5 MiB)
Downloading [9/9] artifacts (1.3 MiB / 3.5 MiB)
Downloading [9/9] artifacts (1.3 MiB / 3.5 MiB)
Downloading [9/9] artifacts (1.3 MiB / 3.5 MiB)
Downloading [9/9] artifacts (1.3 MiB / 3.5 MiB)
Downloading [9/9] artifacts (1.3 MiB / 3.5 MiB)
Downloading [9/9] artifacts (1.4 MiB / 3.5 MiB)
Downloading [9/9] artifacts (1.4 MiB / 3.5 MiB)
Downloading [9/9] artifacts (1.4 MiB / 3.5 MiB)
Downloading [9/9] artifacts (1.4 MiB / 3.6 MiB)
Downloading [9/9] artifacts (1.4 MiB / 3.6 MiB)
Downloading [9/9] artifacts (1.4 MiB / 3.6 MiB)
Downloading [9/9] artifacts (1.4 MiB / 3.6 MiB)
Downloading [9/9] artifacts (1.4 MiB / 3.6 MiB)
Downloading [9/9] artifacts (1.4 MiB / 3.6 MiB)
Downloading [9/9] artifacts (1.4 MiB / 3.6 MiB)
Downloading [9/9] artifacts (1.4 MiB / 3.6 MiB)
Downloading [9/9] artifacts (1.4 MiB / 3.6 MiB)
Downloading [9/9] artifacts (1.5 MiB / 3.6 MiB)
Downloading [9/9] artifacts (1.5 MiB / 3.6 MiB)
Downloading [9/9] artifacts (1.5 MiB / 3.6 MiB)
Downloading [9/9] artifacts (1.5 MiB / 3.6 MiB)
Downloading [9/9] artifacts (1.5 MiB / 3.6 MiB)
Downloading [9/9] artifacts (1.5 MiB / 3.6 MiB)
Downloading [9/9] artifacts (1.5 MiB / 3.6 MiB)
Downloading [9/9] artifacts (1.5 MiB / 3.6 MiB)
Downloading [9/9] artifacts (1.5 MiB / 3.6 MiB)
Downloading [9/9] artifacts (1.5 MiB / 3.6 MiB)
Downloading [10/10] artifacts (1.5 MiB / 3.6 MiB)
Downloading [10/10] artifacts (1.5 MiB / 3.6 MiB)
Downloading [10/10] artifacts (1.5 MiB / 3.6 MiB)
Downloading [10/10] artifacts (1.5 MiB / 3.6 MiB)
Downloading [10/10] artifacts (1.5 MiB / 3.6 MiB)
Downloading [10/10] artifacts (1.5 MiB / 3.6 MiB)
Downloading [10/10] artifacts (1.6 MiB / 3.6 MiB)
Downloading [10/10] artifacts (1.6 MiB / 3.6 MiB)
Downloading [10/10] artifacts (1.6 MiB / 3.6 MiB)
Downloading [10/10] artifacts (1.6 MiB / 3.6 MiB)
Downloading [10/10] artifacts (1.6 MiB / 3.6 MiB)
Downloading [10/10] artifacts (1.6 MiB / 3.6 MiB)
Downloading [10/10] artifacts (1.6 MiB / 3.6 MiB)
Downloading [10/10] artifacts (1.6 MiB / 3.6 MiB)
Downloading [10/10] artifacts (1.6 MiB / 3.6 MiB)
Downloading [10/10] artifacts (1.6 MiB / 3.6 MiB)
Downloading [10/10] artifacts (1.6 MiB / 3.6 MiB)
Downloading [10/10] artifacts (1.6 MiB / 3.6 MiB)
Downloading [10/10] artifacts (1.6 MiB / 3.6 MiB)
Downloading [10/10] artifacts (1.6 MiB / 3.6 MiB)
Downloading [10/10] artifacts (1.6 MiB / 3.6 MiB)
Downloading [10/10] artifacts (1.6 MiB / 3.6 MiB)
Downloading [10/10] artifacts (1.6 MiB / 3.6 MiB)
Downloading [10/10] artifacts (1.6 MiB / 3.6 MiB)
Downloading [10/10] artifacts (1.7 MiB / 3.6 MiB)
Downloading [10/10] artifacts (1.7 MiB / 3.6 MiB)
Downloading [10/10] artifacts (1.7 MiB / 3.6 MiB)
Downloading [10/10] artifacts (1.7 MiB / 3.6 MiB)
Downloading [10/10] artifacts (1.7 MiB / 3.6 MiB)
Downloading [10/10] artifacts (1.7 MiB / 3.6 MiB)
Downloading [10/10] artifacts (1.7 MiB / 3.6 MiB)
Downloading [10/10] artifacts (1.7 MiB / 3.6 MiB)
Downloading [10/10] artifacts (1.7 MiB / 3.6 MiB)
Downloading [10/10] artifacts (1.7 MiB / 3.6 MiB)
Downloading [10/10] artifacts (1.7 MiB / 3.6 MiB)
Downloading [11/11] artifacts (1.7 MiB / 3.6 MiB)
Downloading [11/11] artifacts (1.7 MiB / 3.6 MiB)
Downloading [11/11] artifacts (1.7 MiB / 3.6 MiB)
Downloading [11/11] artifacts (1.8 MiB / 3.6 MiB)
Downloading [11/11] artifacts (1.8 MiB / 3.6 MiB)
Downloading [11/11] artifacts (1.8 MiB / 3.6 MiB)
Downloading [11/11] artifacts (1.8 MiB / 3.6 MiB)
Downloading [11/11] artifacts (1.8 MiB / 3.6 MiB)
Downloading [11/11] artifacts (1.8 MiB / 3.6 MiB)
Downloading [11/11] artifacts (1.9 MiB / 3.6 MiB)
Downloading [11/11] artifacts (1.9 MiB / 3.6 MiB)
Downloading [11/11] artifacts (1.9 MiB / 3.6 MiB)
Downloading [11/11] artifacts (1.9 MiB / 3.6 MiB)
Downloading [11/11] artifacts (1.9 MiB / 3.6 MiB)
Downloading [11/11] artifacts (1.9 MiB / 3.6 MiB)
Downloading [11/11] artifacts (1.9 MiB / 3.9 MiB)
Downloading [11/11] artifacts (1.9 MiB / 3.9 MiB)
Downloading [11/11] artifacts (2.0 MiB / 3.9 MiB)
Downloading [11/11] artifacts (2.0 MiB / 3.9 MiB)
Downloading [11/11] artifacts (2.0 MiB / 3.9 MiB)
Downloading [11/11] artifacts (2.0 MiB / 3.9 MiB)
Downloading [11/11] artifacts (2.0 MiB / 3.9 MiB)
Downloading [11/11] artifacts (2.0 MiB / 3.9 MiB)
Downloading [11/11] artifacts (2.0 MiB / 3.9 MiB)
Downloading [11/11] artifacts (2.1 MiB / 3.9 MiB)
Downloading [11/11] artifacts (2.1 MiB / 3.9 MiB)
Downloading [11/11] artifacts (2.1 MiB / 3.9 MiB)
Downloading [11/11] artifacts (2.1 MiB / 3.9 MiB)
Downloading [11/11] artifacts (2.1 MiB / 3.9 MiB)
Downloading [11/11] artifacts (2.1 MiB / 3.9 MiB)
Downloading [11/11] artifacts (2.2 MiB / 3.9 MiB)
Downloading [11/11] artifacts (2.2 MiB / 3.9 MiB)
Downloading [11/11] artifacts (2.2 MiB / 3.9 MiB)
Downloading [11/11] artifacts (2.2 MiB / 3.9 MiB)
Downloading [11/11] artifacts (2.2 MiB / 3.9 MiB)
Downloading [11/11] artifacts (2.2 MiB / 3.9 MiB)
Downloading [11/11] artifacts (2.2 MiB / 3.9 MiB)
Downloading [11/11] artifacts (2.3 MiB / 3.9 MiB)
Downloading [11/11] artifacts (2.3 MiB / 3.9 MiB)
Downloading [11/11] artifacts (2.3 MiB / 3.9 MiB)
Downloading [11/11] artifacts (2.3 MiB / 3.9 MiB)
Downloading [11/11] artifacts (2.3 MiB / 3.9 MiB)
Downloading [11/11] artifacts (2.3 MiB / 3.9 MiB)
Downloading [11/11] artifacts (2.3 MiB / 3.9 MiB)
Downloading [11/11] artifacts (2.3 MiB / 3.9 MiB)
Downloading [11/11] artifacts (2.3 MiB / 3.9 MiB)
Downloading [11/11] artifacts (2.3 MiB / 3.9 MiB)
Downloading [11/11] artifacts (2.3 MiB / 3.9 MiB)
Downloading [11/11] artifacts (2.3 MiB / 3.9 MiB)
Downloading [11/11] artifacts (2.3 MiB / 3.9 MiB)
Downloading [11/11] artifacts (2.4 MiB / 3.9 MiB)
Downloading [11/11] artifacts (2.4 MiB / 3.9 MiB)
Downloading [11/11] artifacts (2.4 MiB / 3.9 MiB)
Downloading [11/11] artifacts (2.4 MiB / 3.9 MiB)
Downloading [11/11] artifacts (2.4 MiB / 3.9 MiB)
Downloading [11/11] artifacts (2.4 MiB / 3.9 MiB)
Downloading [11/11] artifacts (2.4 MiB / 3.9 MiB)
Downloading [11/11] artifacts (2.4 MiB / 3.9 MiB)
Downloading [11/11] artifacts (2.4 MiB / 3.9 MiB)
Downloading [11/11] artifacts (2.4 MiB / 3.9 MiB)
Downloading [11/11] artifacts (2.4 MiB / 3.9 MiB)
Downloading [11/11] artifacts (2.4 MiB / 3.9 MiB)
Downloading [11/11] artifacts (2.5 MiB / 3.9 MiB)
Downloading [11/11] artifacts (2.5 MiB / 3.9 MiB)
Downloading [11/11] artifacts (2.5 MiB / 3.9 MiB)
Downloading [11/11] artifacts (2.5 MiB / 3.9 MiB)
Downloading [11/11] artifacts (2.5 MiB / 3.9 MiB)
Downloading [11/11] artifacts (2.5 MiB / 3.9 MiB)
Downloading [11/11] artifacts (2.5 MiB / 3.9 MiB)
Downloading [11/11] artifacts (2.5 MiB / 3.9 MiB)
Downloading [11/11] artifacts (2.6 MiB / 3.9 MiB)
Downloading [11/11] artifacts (2.6 MiB / 3.9 MiB)
Downloading [11/11] artifacts (2.6 MiB / 3.9 MiB)
Downloading [11/11] artifacts (2.6 MiB / 3.9 MiB)
Downloading [11/11] artifacts (2.6 MiB / 3.9 MiB)
Downloading [11/11] artifacts (2.6 MiB / 3.9 MiB)
Downloading [12/12] artifacts (2.6 MiB / 3.9 MiB)
Downloading [12/12] artifacts (2.6 MiB / 3.9 MiB)
Downloading [12/12] artifacts (2.6 MiB / 3.9 MiB)
Downloading [12/12] artifacts (2.6 MiB / 3.9 MiB)
Downloading [12/12] artifacts (2.6 MiB / 3.9 MiB)
Downloading [12/12] artifacts (2.6 MiB / 3.9 MiB)
Downloading [12/12] artifacts (2.6 MiB / 3.9 MiB)
Downloading [12/12] artifacts (2.7 MiB / 3.9 MiB)
Downloading [12/12] artifacts (2.7 MiB / 3.9 MiB)
Downloading [12/12] artifacts (2.7 MiB / 3.9 MiB)
Downloading [12/12] artifacts (2.7 MiB / 3.9 MiB)
Downloading [12/12] artifacts (2.7 MiB / 3.9 MiB)
Downloading [12/12] artifacts (2.7 MiB / 3.9 MiB)
Downloading [12/12] artifacts (2.7 MiB / 3.9 MiB)
Downloading [12/12] artifacts (2.7 MiB / 3.9 MiB)
Downloading [12/12] artifacts (2.8 MiB / 3.9 MiB)
Downloading [12/12] artifacts (2.8 MiB / 4.0 MiB)
Downloading [12/12] artifacts (2.8 MiB / 4.0 MiB)
Downloading [12/12] artifacts (2.8 MiB / 4.0 MiB)
Downloading [12/12] artifacts (2.8 MiB / 4.1 MiB)
Downloading [12/12] artifacts (2.8 MiB / 4.1 MiB)
Downloading [12/12] artifacts (2.8 MiB / 4.1 MiB)
Downloading [12/12] artifacts (2.8 MiB / 4.1 MiB)
Downloading [12/12] artifacts (2.9 MiB / 4.1 MiB)
Downloading [12/12] artifacts (2.9 MiB / 4.1 MiB)
Downloading [12/12] artifacts (2.9 MiB / 4.1 MiB)
Downloading [12/12] artifacts (2.9 MiB / 4.1 MiB)
Downloading [12/12] artifacts (2.9 MiB / 4.1 MiB)
Downloading [12/12] artifacts (2.9 MiB / 4.1 MiB)
Downloading [12/12] artifacts (2.9 MiB / 4.1 MiB)
Downloading [12/12] artifacts (2.9 MiB / 4.1 MiB)
Downloading [12/12] artifacts (3.0 MiB / 4.1 MiB)
Downloading [12/12] artifacts (3.0 MiB / 4.1 MiB)
Downloading [12/12] artifacts (3.0 MiB / 4.1 MiB)
Downloading [12/12] artifacts (3.0 MiB / 4.1 MiB)
Downloading [12/12] artifacts (3.0 MiB / 4.1 MiB)
Downloading [12/12] artifacts (3.0 MiB / 4.1 MiB)
Downloading [12/12] artifacts (3.1 MiB / 4.1 MiB)
Downloading [12/12] artifacts (3.1 MiB / 4.1 MiB)
Downloading [12/12] artifacts (3.1 MiB / 4.1 MiB)
Downloading [12/12] artifacts (3.1 MiB / 4.1 MiB)
Downloading [12/12] artifacts (3.1 MiB / 4.1 MiB)
Downloading [12/12] artifacts (3.1 MiB / 4.1 MiB)
Downloading [12/12] artifacts (3.1 MiB / 4.1 MiB)
Downloading [12/12] artifacts (3.2 MiB / 4.1 MiB)
Downloading [12/12] artifacts (3.2 MiB / 4.1 MiB)
Downloading [12/12] artifacts (3.2 MiB / 4.1 MiB)
Downloading [12/12] artifacts (3.2 MiB / 4.1 MiB)
Downloading [12/12] artifacts (3.2 MiB / 4.1 MiB)
Downloading [12/12] artifacts (3.2 MiB / 4.1 MiB)
Downloading [12/12] artifacts (3.2 MiB / 4.1 MiB)
Downloading [12/12] artifacts (3.2 MiB / 4.1 MiB)
Downloading [12/12] artifacts (3.3 MiB / 4.1 MiB)
Downloading [12/12] artifacts (3.3 MiB / 4.1 MiB)
Downloading [12/12] artifacts (3.3 MiB / 4.1 MiB)
Downloading [12/12] artifacts (3.3 MiB / 4.1 MiB)
Downloading [12/12] artifacts (3.3 MiB / 4.1 MiB)
Downloading [12/12] artifacts (3.3 MiB / 4.1 MiB)
Downloading [12/12] artifacts (3.3 MiB / 4.1 MiB)
Downloading [12/12] artifacts (3.3 MiB / 4.1 MiB)
Downloading [12/12] artifacts (3.4 MiB / 4.1 MiB)
Downloading [12/12] artifacts (3.4 MiB / 4.1 MiB)
Downloading [12/12] artifacts (3.4 MiB / 4.1 MiB)
Downloading [12/12] artifacts (3.4 MiB / 4.1 MiB)
Downloading [12/12] artifacts (3.4 MiB / 4.1 MiB)
Downloading [12/12] artifacts (3.4 MiB / 4.1 MiB)
Downloading [12/12] artifacts (3.4 MiB / 4.1 MiB)
Downloading [12/12] artifacts (3.5 MiB / 4.1 MiB)
Downloading [12/12] artifacts (3.5 MiB / 4.1 MiB)
Downloading [12/12] artifacts (3.5 MiB / 4.1 MiB)
Downloading [12/12] artifacts (3.5 MiB / 4.1 MiB)
Downloading [12/12] artifacts (3.5 MiB / 4.1 MiB)
Downloading [12/12] artifacts (3.5 MiB / 4.1 MiB)
Downloading [12/12] artifacts (3.5 MiB / 4.1 MiB)
Downloading [12/12] artifacts (3.6 MiB / 4.1 MiB)
Downloading [12/12] artifacts (3.6 MiB / 4.1 MiB)
Downloading [12/12] artifacts (3.6 MiB / 4.1 MiB)
Downloading [12/12] artifacts (3.6 MiB / 4.1 MiB)
Downloading [12/12] artifacts (3.6 MiB / 4.1 MiB)
Downloading [12/12] artifacts (3.6 MiB / 4.1 MiB)
Downloading [12/12] artifacts (3.7 MiB / 4.1 MiB)
Downloading [12/12] artifacts (3.7 MiB / 4.1 MiB)
Downloading [12/12] artifacts (3.7 MiB / 4.1 MiB)
Downloading [12/12] artifacts (3.7 MiB / 4.1 MiB)
Downloading [12/12] artifacts (3.7 MiB / 4.1 MiB)
Downloading [12/12] artifacts (3.7 MiB / 4.1 MiB)
Downloading [12/12] artifacts (3.7 MiB / 4.1 MiB)
Downloading [12/12] artifacts (3.8 MiB / 4.1 MiB)
Downloading [12/12] artifacts (3.8 MiB / 4.1 MiB)
Downloading [12/12] artifacts (3.8 MiB / 4.1 MiB)
Downloading [12/12] artifacts (3.8 MiB / 4.1 MiB)
Downloading [12/12] artifacts (3.8 MiB / 4.1 MiB)
Downloading [12/12] artifacts (3.8 MiB / 4.1 MiB)
Downloading [12/12] artifacts (3.8 MiB / 4.1 MiB)
Downloading [12/12] artifacts (3.9 MiB / 4.1 MiB)
Downloading [12/12] artifacts (3.9 MiB / 4.1 MiB)
Downloading [12/12] artifacts (3.9 MiB / 4.1 MiB)
Downloading [12/12] artifacts (3.9 MiB / 4.1 MiB)
Downloading [12/12] artifacts (3.9 MiB / 4.1 MiB)
Downloading [12/12] artifacts (3.9 MiB / 4.1 MiB)
Downloading [12/12] artifacts (3.9 MiB / 4.1 MiB)
Downloading [12/12] artifacts (3.9 MiB / 4.1 MiB)
Downloading [12/12] artifacts (3.9 MiB / 4.1 MiB)
Downloading [12/12] artifacts (3.9 MiB / 4.1 MiB)
Downloading [12/12] artifacts (4.0 MiB / 4.1 MiB)
Downloading [12/12] artifacts (4.0 MiB / 4.1 MiB)
Downloading [12/12] artifacts (4.0 MiB / 4.1 MiB)
Downloading [12/12] artifacts (4.0 MiB / 4.1 MiB)
Downloading [12/12] artifacts (4.0 MiB / 4.1 MiB)
Downloading [12/12] artifacts (4.0 MiB / 4.1 MiB)
Downloading [12/12] artifacts (4.1 MiB / 4.1 MiB)
Downloading [12/12] artifacts (4.1 MiB / 4.1 MiB)
Downloading [12/12] artifacts (4.1 MiB / 4.1 MiB)
Downloading [12/12] artifacts (4.1 MiB / 4.1 MiB)
Downloading [12/12] artifacts (4.1 MiB / 4.1 MiB)
Downloading [12/12] artifacts (4.1 MiB / 4.1 MiB)
Downloading [12/12] artifacts (4.1 MiB / 4.1 MiB)
Downloading [12/12] artifacts (4.1 MiB / 4.1 MiB)
