Downloading [1/1] artifacts (0 B / 0 B)
Downloading [1/1] artifacts (0 B / 1.7 KiB)
Downloading [1/1] artifacts (909 B / 1.7 KiB)
Downloading [1/1] artifacts (1.7 KiB / 1.7 KiB)
Downloading [1/1] artifacts (1.7 KiB / 1.7 KiB)
Downloading [1/1] artifacts (0 B / 0 B)
Downloading [1/1] artifacts (0 B / 2.4 MiB)
Downloading [1/1] artifacts (889 B / 2.4 MiB)
Downloading [1/1] artifacts (2.2 KiB / 2.4 MiB)
Downloading [1/1] artifacts (3.5 KiB / 2.4 MiB)
Downloading [1/1] artifacts (4.9 KiB / 2.4 MiB)
Downloading [1/1] artifacts (6.2 KiB / 2.4 MiB)
Downloading [1/1] artifacts (7.6 KiB / 2.4 MiB)
Downloading [1/1] artifacts (8.9 KiB / 2.4 MiB)
Downloading [1/1] artifacts (10.2 KiB / 2.4 MiB)
Downloading [1/1] artifacts (11.6 KiB / 2.4 MiB)
Downloading [1/1] artifacts (12.9 KiB / 2.4 MiB)
Downloading [1/1] artifacts (14.2 KiB / 2.4 MiB)
Downloading [1/1] artifacts (15.6 KiB / 2.4 MiB)
Downloading [1/1] artifacts (16.9 KiB / 2.4 MiB)
Downloading [1/1] artifacts (18.2 KiB / 2.4 MiB)
Downloading [1/1] artifacts (19.6 KiB / 2.4 MiB)
Downloading [1/1] artifacts (20.9 KiB / 2.4 MiB)
Downloading [1/1] artifacts (22.3 KiB / 2.4 MiB)
Downloading [1/1] artifacts (23.6 KiB / 2.4 MiB)
Downloading [1/1] artifacts (24.9 KiB / 2.4 MiB)
Downloading [1/1] artifacts (26.3 KiB / 2.4 MiB)
Downloading [1/1] artifacts (27.6 KiB / 2.4 MiB)
Downloading [1/1] artifacts (28.9 KiB / 2.4 MiB)
Downloading [1/1] artifacts (30.3 KiB / 2.4 MiB)
Downloading [1/1] artifacts (31.3 KiB / 2.4 MiB)
Downloading [1/1] artifacts (32.6 KiB / 2.4 MiB)
Downloading [1/1] artifacts (34.0 KiB / 2.4 MiB)
Downloading [1/1] artifacts (35.3 KiB / 2.4 MiB)
Downloading [1/1] artifacts (36.6 KiB / 2.4 MiB)
Downloading [1/1] artifacts (38.0 KiB / 2.4 MiB)
Downloading [1/1] artifacts (39.3 KiB / 2.4 MiB)
Downloading [1/1] artifacts (40.6 KiB / 2.4 MiB)
Downloading [1/1] artifacts (42.0 KiB / 2.4 MiB)
Downloading [1/1] artifacts (43.3 KiB / 2.4 MiB)
Downloading [1/1] artifacts (44.7 KiB / 2.4 MiB)
Downloading [1/1] artifacts (46.0 KiB / 2.4 MiB)
Downloading [1/1] artifacts (47.3 KiB / 2.4 MiB)
Downloading [1/1] artifacts (48.7 KiB / 2.4 MiB)
Downloading [1/1] artifacts (50.0 KiB / 2.4 MiB)
Downloading [1/1] artifacts (51.3 KiB / 2.4 MiB)
Downloading [1/1] artifacts (55.5 KiB / 2.4 MiB)
Downloading [1/1] artifacts (59.6 KiB / 2.4 MiB)
Downloading [1/1] artifacts (63.7 KiB / 2.4 MiB)
Downloading [1/1] artifacts (67.9 KiB / 2.4 MiB)
Downloading [1/1] artifacts (72.0 KiB / 2.4 MiB)
Downloading [1/1] artifacts (76.1 KiB / 2.4 MiB)
Downloading [1/1] artifacts (80.3 KiB / 2.4 MiB)
Downloading [1/1] artifacts (84.4 KiB / 2.4 MiB)
Downloading [1/1] artifacts (88.5 KiB / 2.4 MiB)
Downloading [1/1] artifacts (92.6 KiB / 2.4 MiB)
Downloading [1/1] artifacts (96.8 KiB / 2.4 MiB)
Downloading [1/1] artifacts (100.9 KiB / 2.4 MiB)
Downloading [1/1] artifacts (105.0 KiB / 2.4 MiB)
Downloading [1/1] artifacts (109.2 KiB / 2.4 MiB)
Downloading [1/1] artifacts (113.3 KiB / 2.4 MiB)
Downloading [1/1] artifacts (117.4 KiB / 2.4 MiB)
Downloading [1/1] artifacts (121.6 KiB / 2.4 MiB)
Downloading [1/1] artifacts (125.7 KiB / 2.4 MiB)
Downloading [1/1] artifacts (129.8 KiB / 2.4 MiB)
Downloading [1/1] artifacts (133.9 KiB / 2.4 MiB)
Downloading [1/1] artifacts (138.1 KiB / 2.4 MiB)
Downloading [1/1] artifacts (142.2 KiB / 2.4 MiB)
Downloading [1/1] artifacts (146.3 KiB / 2.4 MiB)
Downloading [1/1] artifacts (150.5 KiB / 2.4 MiB)
Downloading [1/1] artifacts (154.6 KiB / 2.4 MiB)
Downloading [1/1] artifacts (158.7 KiB / 2.4 MiB)
Downloading [1/1] artifacts (159.3 KiB / 2.4 MiB)
Downloading [1/1] artifacts (163.4 KiB / 2.4 MiB)
Downloading [1/1] artifacts (167.5 KiB / 2.4 MiB)
Downloading [1/1] artifacts (171.7 KiB / 2.4 MiB)
Downloading [1/1] artifacts (175.8 KiB / 2.4 MiB)
Downloading [1/1] artifacts (179.9 KiB / 2.4 MiB)
Downloading [1/1] artifacts (184.1 KiB / 2.4 MiB)
Downloading [1/1] artifacts (188.2 KiB / 2.4 MiB)
Downloading [1/1] artifacts (192.3 KiB / 2.4 MiB)
Downloading [1/1] artifacts (196.5 KiB / 2.4 MiB)
Downloading [1/1] artifacts (200.6 KiB / 2.4 MiB)
Downloading [1/1] artifacts (204.7 KiB / 2.4 MiB)
Downloading [1/1] artifacts (208.8 KiB / 2.4 MiB)
Downloading [1/1] artifacts (213.0 KiB / 2.4 MiB)
Downloading [1/1] artifacts (229.0 KiB / 2.4 MiB)
Downloading [1/1] artifacts (245.0 KiB / 2.4 MiB)
Downloading [1/1] artifacts (261.0 KiB / 2.4 MiB)
Downloading [1/1] artifacts (277.0 KiB / 2.4 MiB)
Downloading [1/1] artifacts (287.3 KiB / 2.4 MiB)
Downloading [1/1] artifacts (303.3 KiB / 2.4 MiB)
Downloading [1/1] artifacts (319.3 KiB / 2.4 MiB)
Downloading [1/1] artifacts (335.3 KiB / 2.4 MiB)
Downloading [1/1] artifacts (339.7 KiB / 2.4 MiB)
Downloading [1/1] artifacts (355.7 KiB / 2.4 MiB)
Downloading [1/1] artifacts (371.7 KiB / 2.4 MiB)
Downloading [1/1] artifacts (387.7 KiB / 2.4 MiB)
Downloading [1/1] artifacts (403.7 KiB / 2.4 MiB)
Downloading [1/1] artifacts (419.7 KiB / 2.4 MiB)
Downloading [1/1] artifacts (435.7 KiB / 2.4 MiB)
Downloading [1/1] artifacts (451.7 KiB / 2.4 MiB)
Downloading [1/1] artifacts (467.7 KiB / 2.4 MiB)
Downloading [1/1] artifacts (483.7 KiB / 2.4 MiB)
Downloading [1/1] artifacts (499.7 KiB / 2.4 MiB)
Downloading [1/1] artifacts (515.7 KiB / 2.4 MiB)
Downloading [1/1] artifacts (531.7 KiB / 2.4 MiB)
Downloading [1/1] artifacts (547.7 KiB / 2.4 MiB)
Downloading [1/1] artifacts (563.7 KiB / 2.4 MiB)
Downloading [1/1] artifacts (579.7 KiB / 2.4 MiB)
Downloading [1/1] artifacts (595.7 KiB / 2.4 MiB)
Downloading [1/1] artifacts (611.7 KiB / 2.4 MiB)
Downloading [1/1] artifacts (627.7 KiB / 2.4 MiB)
Downloading [1/1] artifacts (643.7 KiB / 2.4 MiB)
Downloading [1/1] artifacts (659.7 KiB / 2.4 MiB)
Downloading [1/1] artifacts (675.7 KiB / 2.4 MiB)
Downloading [1/1] artifacts (691.7 KiB / 2.4 MiB)
Downloading [1/1] artifacts (707.7 KiB / 2.4 MiB)
Downloading [1/1] artifacts (723.7 KiB / 2.4 MiB)
Downloading [1/1] artifacts (739.7 KiB / 2.4 MiB)
Downloading [1/1] artifacts (755.7 KiB / 2.4 MiB)
Downloading [1/1] artifacts (771.7 KiB / 2.4 MiB)
Downloading [1/1] artifacts (787.7 KiB / 2.4 MiB)
Downloading [1/1] artifacts (803.7 KiB / 2.4 MiB)
Downloading [1/1] artifacts (819.7 KiB / 2.4 MiB)
Downloading [1/1] artifacts (835.7 KiB / 2.4 MiB)
Downloading [1/1] artifacts (851.7 KiB / 2.4 MiB)
Downloading [1/1] artifacts (867.7 KiB / 2.4 MiB)
Downloading [1/1] artifacts (883.7 KiB / 2.4 MiB)
Downloading [1/1] artifacts (899.7 KiB / 2.4 MiB)
Downloading [1/1] artifacts (915.7 KiB / 2.4 MiB)
Downloading [1/1] artifacts (931.7 KiB / 2.4 MiB)
Downloading [1/1] artifacts (947.7 KiB / 2.4 MiB)
Downloading [1/1] artifacts (963.7 KiB / 2.4 MiB)
Downloading [1/1] artifacts (979.7 KiB / 2.4 MiB)
Downloading [1/1] artifacts (995.7 KiB / 2.4 MiB)
Downloading [1/1] artifacts (1011.7 KiB / 2.4 MiB)
Downloading [1/1] artifacts (1.0 MiB / 2.4 MiB)
Downloading [1/1] artifacts (1.0 MiB / 2.4 MiB)
Downloading [1/1] artifacts (1.0 MiB / 2.4 MiB)
Downloading [1/1] artifacts (1.1 MiB / 2.4 MiB)
Downloading [1/1] artifacts (1.1 MiB / 2.4 MiB)
Downloading [1/1] artifacts (1.1 MiB / 2.4 MiB)
Downloading [1/1] artifacts (1.1 MiB / 2.4 MiB)
Downloading [1/1] artifacts (1.1 MiB / 2.4 MiB)
Downloading [1/1] artifacts (1.1 MiB / 2.4 MiB)
Downloading [1/1] artifacts (1.1 MiB / 2.4 MiB)
Downloading [1/1] artifacts (1.2 MiB / 2.4 MiB)
Downloading [1/1] artifacts (1.2 MiB / 2.4 MiB)
Downloading [1/1] artifacts (1.2 MiB / 2.4 MiB)
Downloading [1/1] artifacts (1.2 MiB / 2.4 MiB)
Downloading [1/1] artifacts (1.2 MiB / 2.4 MiB)
Downloading [1/1] artifacts (1.2 MiB / 2.4 MiB)
Downloading [1/1] artifacts (1.3 MiB / 2.4 MiB)
Downloading [1/1] artifacts (1.3 MiB / 2.4 MiB)
Downloading [1/1] artifacts (1.3 MiB / 2.4 MiB)
Downloading [1/1] artifacts (1.3 MiB / 2.4 MiB)
Downloading [1/1] artifacts (1.3 MiB / 2.4 MiB)
Downloading [1/1] artifacts (1.3 MiB / 2.4 MiB)
Downloading [1/1] artifacts (1.3 MiB / 2.4 MiB)
Downloading [1/1] artifacts (1.4 MiB / 2.4 MiB)
Downloading [1/1] artifacts (1.4 MiB / 2.4 MiB)
Downloading [1/1] artifacts (1.4 MiB / 2.4 MiB)
Downloading [1/1] artifacts (1.4 MiB / 2.4 MiB)
Downloading [1/1] artifacts (1.4 MiB / 2.4 MiB)
Downloading [1/1] artifacts (1.4 MiB / 2.4 MiB)
Downloading [1/1] artifacts (1.5 MiB / 2.4 MiB)
Downloading [1/1] artifacts (1.5 MiB / 2.4 MiB)
Downloading [1/1] artifacts (1.5 MiB / 2.4 MiB)
Downloading [1/1] artifacts (1.5 MiB / 2.4 MiB)
Downloading [1/1] artifacts (1.5 MiB / 2.4 MiB)
Downloading [1/1] artifacts (1.5 MiB / 2.4 MiB)
Downloading [1/1] artifacts (1.6 MiB / 2.4 MiB)
Downloading [1/1] artifacts (1.6 MiB / 2.4 MiB)
Downloading [1/1] artifacts (1.6 MiB / 2.4 MiB)
Downloading [1/1] artifacts (1.6 MiB / 2.4 MiB)
Downloading [1/1] artifacts (1.6 MiB / 2.4 MiB)
Downloading [1/1] artifacts (1.6 MiB / 2.4 MiB)
Downloading [1/1] artifacts (1.6 MiB / 2.4 MiB)
Downloading [1/1] artifacts (1.7 MiB / 2.4 MiB)
Downloading [1/1] artifacts (1.7 MiB / 2.4 MiB)
Downloading [1/1] artifacts (1.7 MiB / 2.4 MiB)
Downloading [1/1] artifacts (1.7 MiB / 2.4 MiB)
Downloading [1/1] artifacts (1.7 MiB / 2.4 MiB)
Downloading [1/1] artifacts (1.7 MiB / 2.4 MiB)
Downloading [1/1] artifacts (1.8 MiB / 2.4 MiB)
Downloading [1/1] artifacts (1.8 MiB / 2.4 MiB)
Downloading [1/1] artifacts (1.8 MiB / 2.4 MiB)
Downloading [1/1] artifacts (1.8 MiB / 2.4 MiB)
Downloading [1/1] artifacts (1.8 MiB / 2.4 MiB)
Downloading [1/1] artifacts (1.8 MiB / 2.4 MiB)
Downloading [1/1] artifacts (1.8 MiB / 2.4 MiB)
Downloading [1/1] artifacts (1.8 MiB / 2.4 MiB)
Downloading [1/1] artifacts (1.9 MiB / 2.4 MiB)
Downloading [1/1] artifacts (1.9 MiB / 2.4 MiB)
Downloading [1/1] artifacts (1.9 MiB / 2.4 MiB)
Downloading [1/1] artifacts (1.9 MiB / 2.4 MiB)
Downloading [1/1] artifacts (1.9 MiB / 2.4 MiB)
Downloading [1/1] artifacts (1.9 MiB / 2.4 MiB)
Downloading [1/1] artifacts (2.0 MiB / 2.4 MiB)
Downloading [1/1] artifacts (2.0 MiB / 2.4 MiB)
Downloading [1/1] artifacts (2.0 MiB / 2.4 MiB)
Downloading [1/1] artifacts (2.0 MiB / 2.4 MiB)
Downloading [1/1] artifacts (2.0 MiB / 2.4 MiB)
Downloading [1/1] artifacts (2.0 MiB / 2.4 MiB)
Downloading [1/1] artifacts (2.0 MiB / 2.4 MiB)
Downloading [1/1] artifacts (2.1 MiB / 2.4 MiB)
Downloading [1/1] artifacts (2.1 MiB / 2.4 MiB)
Downloading [1/1] artifacts (2.1 MiB / 2.4 MiB)
Downloading [1/1] artifacts (2.1 MiB / 2.4 MiB)
Downloading [1/1] artifacts (2.1 MiB / 2.4 MiB)
Downloading [1/1] artifacts (2.1 MiB / 2.4 MiB)
Downloading [1/1] artifacts (2.2 MiB / 2.4 MiB)
Downloading [1/1] artifacts (2.2 MiB / 2.4 MiB)
Downloading [1/1] artifacts (2.2 MiB / 2.4 MiB)
Downloading [1/1] artifacts (2.2 MiB / 2.4 MiB)
Downloading [1/1] artifacts (2.2 MiB / 2.4 MiB)
Downloading [1/1] artifacts (2.2 MiB / 2.4 MiB)
Downloading [1/1] artifacts (2.2 MiB / 2.4 MiB)
Downloading [1/1] artifacts (2.3 MiB / 2.4 MiB)
Downloading [1/1] artifacts (2.3 MiB / 2.4 MiB)
Downloading [1/1] artifacts (2.3 MiB / 2.4 MiB)
Downloading [1/1] artifacts (2.3 MiB / 2.4 MiB)
Downloading [1/1] artifacts (2.3 MiB / 2.4 MiB)
Downloading [1/1] artifacts (2.3 MiB / 2.4 MiB)
Downloading [1/1] artifacts (2.4 MiB / 2.4 MiB)
Downloading [1/1] artifacts (2.4 MiB / 2.4 MiB)
Downloading [1/1] artifacts (2.4 MiB / 2.4 MiB)
Downloading [1/1] artifacts (2.4 MiB / 2.4 MiB)
Downloading [1/1] artifacts (2.4 MiB / 2.4 MiB)
Downloading [1/1] artifacts (2.4 MiB / 2.4 MiB)
Downloading [1/1] artifacts (2.4 MiB / 2.4 MiB)
