Downloading [1/1] artifacts (0 B / 0 B)
Downloading [1/1] artifacts (0 B / 2.5 KiB)
Downloading [1/1] artifacts (909 B / 2.5 KiB)
Downloading [1/1] artifacts (2.2 KiB / 2.5 KiB)
Downloading [1/1] artifacts (2.5 KiB / 2.5 KiB)
Downloading [1/1] artifacts (2.5 KiB / 2.5 KiB)
Downloading [2/2] artifacts (2.5 KiB / 2.5 KiB)
Downloading [2/2] artifacts (2.5 KiB / 5.9 KiB)
Downloading [2/2] artifacts (3.4 KiB / 5.9 KiB)
Downloading [2/2] artifacts (4.7 KiB / 5.9 KiB)
Downloading [2/2] artifacts (5.9 KiB / 5.9 KiB)
Downloading [2/2] artifacts (5.9 KiB / 5.9 KiB)
Downloading [3/3] artifacts (5.9 KiB / 5.9 KiB)
Downloading [3/3] artifacts (5.9 KiB / 9.0 KiB)
Downloading [3/3] artifacts (6.8 KiB / 9.0 KiB)
Downloading [3/3] artifacts (8.2 KiB / 9.0 KiB)
Downloading [3/3] artifacts (9.0 KiB / 9.0 KiB)
Downloading [3/3] artifacts (9.0 KiB / 9.0 KiB)
Downloading [4/4] artifacts (9.0 KiB / 9.0 KiB)
Downloading [4/4] artifacts (9.0 KiB / 12.5 KiB)
Downloading [4/4] artifacts (9.9 KiB / 12.5 KiB)
Downloading [4/4] artifacts (11.2 KiB / 12.5 KiB)
Downloading [4/4] artifacts (12.5 KiB / 12.5 KiB)
Downloading [4/4] artifacts (12.5 KiB / 12.5 KiB)
Downloading [5/5] artifacts (12.5 KiB / 12.5 KiB)
Downloading [5/5] artifacts (12.5 KiB / 16.3 KiB)
Downloading [5/5] artifacts (13.4 KiB / 16.3 KiB)
Downloading [5/5] artifacts (14.7 KiB / 16.3 KiB)
Downloading [5/5] artifacts (16.0 KiB / 16.3 KiB)
Downloading [5/5] artifacts (16.3 KiB / 16.3 KiB)
Downloading [5/5] artifacts (16.3 KiB / 16.3 KiB)
Downloading [6/6] artifacts (16.3 KiB / 16.3 KiB)
Downloading [7/7] artifacts (16.3 KiB / 16.3 KiB)
Downloading [7/7] artifacts (16.3 KiB / 19.6 KiB)
Downloading [7/7] artifacts (16.3 KiB / 22.5 KiB)
Downloading [7/7] artifacts (17.2 KiB / 22.5 KiB)
Downloading [7/7] artifacts (18.6 KiB / 22.5 KiB)
Downloading [7/7] artifacts (19.6 KiB / 22.5 KiB)
Downloading [7/7] artifacts (19.6 KiB / 22.5 KiB)
Downloading [7/7] artifacts (22.5 KiB / 22.5 KiB)
Downloading [7/7] artifacts (22.5 KiB / 22.5 KiB)
Downloading [1/1] artifacts (0 B / 0 B)
Downloading [2/2] artifacts (0 B / 0 B)
Downloading [3/3] artifacts (0 B / 0 B)
Downloading [4/4] artifacts (0 B / 0 B)
Downloading [5/5] artifacts (0 B / 0 B)
Downloading [6/6] artifacts (0 B / 0 B)
Downloading [6/6] artifacts (0 B / 172.0 KiB)
Downloading [6/6] artifacts (890 B / 172.0 KiB)
Downloading [6/6] artifacts (2.2 KiB / 172.0 KiB)
Downloading [6/6] artifacts (3.5 KiB / 172.0 KiB)
Downloading [6/6] artifacts (4.9 KiB / 172.0 KiB)
Downloading [6/6] artifacts (6.2 KiB / 172.0 KiB)
Downloading [6/6] artifacts (7.6 KiB / 172.0 KiB)
Downloading [6/6] artifacts (8.9 KiB / 172.0 KiB)
Downloading [6/6] artifacts (10.2 KiB / 172.0 KiB)
Downloading [6/6] artifacts (11.6 KiB / 172.0 KiB)
Downloading [6/6] artifacts (12.0 KiB / 172.0 KiB)
Downloading [6/6] artifacts (13.3 KiB / 172.0 KiB)
Downloading [6/6] artifacts (14.7 KiB / 172.0 KiB)
Downloading [6/6] artifacts (16.0 KiB / 172.0 KiB)
Downloading [6/6] artifacts (17.3 KiB / 172.0 KiB)
Downloading [6/6] artifacts (18.7 KiB / 172.0 KiB)
Downloading [6/6] artifacts (20.0 KiB / 172.0 KiB)
Downloading [6/6] artifacts (21.4 KiB / 172.0 KiB)
Downloading [6/6] artifacts (22.7 KiB / 172.0 KiB)
Downloading [6/6] artifacts (24.0 KiB / 172.0 KiB)
Downloading [6/6] artifacts (25.4 KiB / 172.0 KiB)
Downloading [6/6] artifacts (26.7 KiB / 172.0 KiB)
Downloading [6/6] artifacts (28.0 KiB / 172.0 KiB)
Downloading [6/6] artifacts (29.4 KiB / 172.0 KiB)
Downloading [6/6] artifacts (30.7 KiB / 172.0 KiB)
Downloading [6/6] artifacts (30.7 KiB / 1.0 MiB)
Downloading [6/6] artifacts (46.3 KiB / 1.0 MiB)
Downloading [6/6] artifacts (54.7 KiB / 1.0 MiB)
Downloading [6/6] artifacts (70.7 KiB / 1.0 MiB)
Downloading [6/6] artifacts (86.7 KiB / 1.0 MiB)
Downloading [6/6] artifacts (90.8 KiB / 1.0 MiB)
Downloading [6/6] artifacts (106.8 KiB / 1.0 MiB)
Downloading [6/6] artifacts (122.8 KiB / 1.0 MiB)
Downloading [6/6] artifacts (130.8 KiB / 1.0 MiB)
Downloading [6/6] artifacts (146.8 KiB / 1.0 MiB)
Downloading [6/6] artifacts (162.8 KiB / 1.0 MiB)
Downloading [6/6] artifacts (178.8 KiB / 1.0 MiB)
Downloading [6/6] artifacts (194.8 KiB / 1.0 MiB)
Downloading [6/6] artifacts (210.8 KiB / 1.0 MiB)
Downloading [6/6] artifacts (210.8 KiB / 1.0 MiB)
Downloading [6/6] artifacts (215.0 KiB / 1.0 MiB)
Downloading [6/6] artifacts (215.0 KiB / 2.0 MiB)
Downloading [6/6] artifacts (231.0 KiB / 2.0 MiB)
Downloading [6/6] artifacts (247.0 KiB / 2.0 MiB)
Downloading [6/6] artifacts (263.0 KiB / 2.0 MiB)
Downloading [6/6] artifacts (279.0 KiB / 2.0 MiB)
Downloading [6/6] artifacts (295.0 KiB / 2.0 MiB)
Downloading [6/6] artifacts (311.0 KiB / 2.0 MiB)
Downloading [6/6] artifacts (327.0 KiB / 2.0 MiB)
Downloading [6/6] artifacts (343.0 KiB / 2.0 MiB)
Downloading [6/6] artifacts (359.0 KiB / 2.0 MiB)
Downloading [6/6] artifacts (375.0 KiB / 2.0 MiB)
Downloading [6/6] artifacts (391.0 KiB / 2.0 MiB)
Downloading [6/6] artifacts (407.0 KiB / 2.0 MiB)
Downloading [6/6] artifacts (423.0 KiB / 2.0 MiB)
Downloading [6/6] artifacts (439.0 KiB / 2.0 MiB)
Downloading [6/6] artifacts (455.0 KiB / 2.0 MiB)
Downloading [6/6] artifacts (471.0 KiB / 2.0 MiB)
Downloading [6/6] artifacts (487.0 KiB / 2.0 MiB)
Downloading [6/6] artifacts (503.0 KiB / 2.0 MiB)
Downloading [6/6] artifacts (519.0 KiB / 2.0 MiB)
Downloading [6/6] artifacts (531.0 KiB / 2.0 MiB)
Downloading [6/6] artifacts (547.0 KiB / 2.0 MiB)
Downloading [6/6] artifacts (551.0 KiB / 2.0 MiB)
Downloading [6/6] artifacts (563.0 KiB / 2.0 MiB)
Downloading [6/6] artifacts (567.0 KiB / 2.0 MiB)
Downloading [6/6] artifacts (583.0 KiB / 2.0 MiB)
Downloading [6/6] artifacts (599.0 KiB / 2.0 MiB)
Downloading [6/6] artifacts (611.0 KiB / 2.0 MiB)
Downloading [6/6] artifacts (615.0 KiB / 2.0 MiB)
Downloading [6/6] artifacts (627.0 KiB / 2.0 MiB)
Downloading [6/6] artifacts (643.0 KiB / 2.0 MiB)
Downloading [6/6] artifacts (659.0 KiB / 2.0 MiB)
Downloading [6/6] artifacts (675.0 KiB / 2.0 MiB)
Downloading [6/6] artifacts (679.0 KiB / 2.0 MiB)
Downloading [6/6] artifacts (695.0 KiB / 2.0 MiB)
Downloading [6/6] artifacts (711.0 KiB / 2.0 MiB)
Downloading [6/6] artifacts (712.3 KiB / 2.0 MiB)
Downloading [6/6] artifacts (713.7 KiB / 2.0 MiB)
Downloading [6/6] artifacts (715.0 KiB / 2.0 MiB)
Downloading [6/6] artifacts (716.3 KiB / 2.0 MiB)
Downloading [6/6] artifacts (717.7 KiB / 2.0 MiB)
Downloading [6/6] artifacts (719.0 KiB / 2.0 MiB)
Downloading [6/6] artifacts (720.3 KiB / 2.0 MiB)
Downloading [6/6] artifacts (721.7 KiB / 2.0 MiB)
Downloading [6/6] artifacts (723.0 KiB / 2.0 MiB)
Downloading [6/6] artifacts (724.3 KiB / 2.0 MiB)
Downloading [6/6] artifacts (725.7 KiB / 2.0 MiB)
Downloading [6/6] artifacts (727.0 KiB / 2.0 MiB)
Downloading [6/6] artifacts (728.3 KiB / 2.0 MiB)
Downloading [6/6] artifacts (729.7 KiB / 2.0 MiB)
Downloading [6/6] artifacts (731.0 KiB / 2.0 MiB)
Downloading [6/6] artifacts (732.3 KiB / 2.0 MiB)
Downloading [6/6] artifacts (733.7 KiB / 2.0 MiB)
Downloading [6/6] artifacts (735.0 KiB / 2.0 MiB)
Downloading [6/6] artifacts (736.4 KiB / 2.0 MiB)
Downloading [6/6] artifacts (736.5 KiB / 2.0 MiB)
Downloading [6/6] artifacts (737.8 KiB / 2.0 MiB)
Downloading [6/6] artifacts (739.2 KiB / 2.0 MiB)
Downloading [6/6] artifacts (740.5 KiB / 2.0 MiB)
Downloading [6/6] artifacts (741.8 KiB / 2.0 MiB)
Downloading [6/6] artifacts (743.2 KiB / 2.0 MiB)
Downloading [6/6] artifacts (744.5 KiB / 2.0 MiB)
Downloading [6/6] artifacts (745.8 KiB / 2.0 MiB)
Downloading [6/6] artifacts (747.2 KiB / 2.0 MiB)
Downloading [6/6] artifacts (748.4 KiB / 2.0 MiB)
Downloading [6/6] artifacts (749.8 KiB / 2.0 MiB)
Downloading [6/6] artifacts (751.1 KiB / 2.0 MiB)
Downloading [6/6] artifacts (752.5 KiB / 2.0 MiB)
Downloading [6/6] artifacts (752.5 KiB / 2.0 MiB)
Downloading [7/7] artifacts (752.5 KiB / 2.0 MiB)
Downloading [7/7] artifacts (753.8 KiB / 2.0 MiB)
Downloading [7/7] artifacts (755.1 KiB / 2.0 MiB)
Downloading [7/7] artifacts (771.1 KiB / 2.0 MiB)
Downloading [7/7] artifacts (772.5 KiB / 2.0 MiB)
Downloading [7/7] artifacts (788.5 KiB / 2.0 MiB)
Downloading [7/7] artifacts (804.5 KiB / 2.0 MiB)
Downloading [7/7] artifacts (820.5 KiB / 2.0 MiB)
Downloading [7/7] artifacts (836.5 KiB / 2.0 MiB)
Downloading [7/7] artifacts (852.5 KiB / 2.0 MiB)
Downloading [7/7] artifacts (868.5 KiB / 2.0 MiB)
Downloading [7/7] artifacts (884.5 KiB / 2.0 MiB)
Downloading [7/7] artifacts (885.8 KiB / 2.0 MiB)
Downloading [7/7] artifacts (887.1 KiB / 2.0 MiB)
Downloading [7/7] artifacts (888.5 KiB / 2.0 MiB)
Downloading [7/7] artifacts (889.8 KiB / 2.0 MiB)
Downloading [7/7] artifacts (891.2 KiB / 2.0 MiB)
Downloading [7/7] artifacts (907.2 KiB / 2.0 MiB)
Downloading [7/7] artifacts (908.5 KiB / 2.0 MiB)
Downloading [7/7] artifacts (908.5 KiB / 14.0 MiB)
Downloading [7/7] artifacts (909.8 KiB / 14.0 MiB)
Downloading [7/7] artifacts (911.2 KiB / 14.0 MiB)
Downloading [7/7] artifacts (927.2 KiB / 14.0 MiB)
Downloading [7/7] artifacts (928.5 KiB / 14.0 MiB)
Downloading [7/7] artifacts (929.8 KiB / 14.0 MiB)
Downloading [7/7] artifacts (931.2 KiB / 14.0 MiB)
Downloading [7/7] artifacts (935.3 KiB / 14.0 MiB)
Downloading [7/7] artifacts (951.3 KiB / 14.0 MiB)
Downloading [7/7] artifacts (955.4 KiB / 14.0 MiB)
Downloading [7/7] artifacts (971.4 KiB / 14.0 MiB)
Downloading [7/7] artifacts (983.2 KiB / 14.0 MiB)
Downloading [7/7] artifacts (983.2 KiB / 14.0 MiB)
Downloading [7/7] artifacts (984.1 KiB / 14.0 MiB)
Downloading [7/7] artifacts (985.4 KiB / 14.0 MiB)
Downloading [7/7] artifacts (986.8 KiB / 14.0 MiB)
Downloading [7/7] artifacts (988.1 KiB / 14.0 MiB)
Downloading [7/7] artifacts (989.4 KiB / 14.0 MiB)
Downloading [7/7] artifacts (990.8 KiB / 14.0 MiB)
Downloading [7/7] artifacts (992.1 KiB / 14.0 MiB)
Downloading [7/7] artifacts (993.5 KiB / 14.0 MiB)
Downloading [7/7] artifacts (994.8 KiB / 14.0 MiB)
Downloading [7/7] artifacts (996.1 KiB / 14.0 MiB)
Downloading [7/7] artifacts (997.5 KiB / 14.0 MiB)
Downloading [7/7] artifacts (998.5 KiB / 14.0 MiB)
Downloading [7/7] artifacts (999.2 KiB / 14.0 MiB)
Downloading [7/7] artifacts (1000.6 KiB / 14.0 MiB)
Downloading [7/7] artifacts (1001.9 KiB / 14.0 MiB)
Downloading [7/7] artifacts (1003.2 KiB / 14.0 MiB)
Downloading [7/7] artifacts (1004.6 KiB / 14.0 MiB)
Downloading [7/7] artifacts (1005.9 KiB / 14.0 MiB)
Downloading [7/7] artifacts (1007.3 KiB / 14.0 MiB)
Downloading [7/7] artifacts (1008.6 KiB / 14.0 MiB)
Downloading [7/7] artifacts (1009.9 KiB / 14.0 MiB)
Downloading [7/7] artifacts (1011.3 KiB / 14.0 MiB)
Downloading [7/7] artifacts (1012.6 KiB / 14.0 MiB)
Downloading [7/7] artifacts (1013.9 KiB / 14.0 MiB)
Downloading [7/7] artifacts (1015.3 KiB / 14.0 MiB)
Downloading [7/7] artifacts (1016.6 KiB / 14.0 MiB)
Downloading [7/7] artifacts (1017.9 KiB / 14.0 MiB)
Downloading [7/7] artifacts (1019.3 KiB / 14.0 MiB)
Downloading [7/7] artifacts (1020.6 KiB / 14.0 MiB)
Downloading [7/7] artifacts (1022.0 KiB / 14.0 MiB)
Downloading [7/7] artifacts (1023.3 KiB / 14.0 MiB)
Downloading [7/7] artifacts (1.0 MiB / 14.0 MiB)
Downloading [7/7] artifacts (1.0 MiB / 14.0 MiB)
Downloading [7/7] artifacts (1.0 MiB / 14.0 MiB)
Downloading [7/7] artifacts (1.0 MiB / 14.0 MiB)
Downloading [7/7] artifacts (1.0 MiB / 14.0 MiB)
Downloading [7/7] artifacts (1.0 MiB / 14.0 MiB)
Downloading [7/7] artifacts (1.0 MiB / 14.0 MiB)
Downloading [7/7] artifacts (1.0 MiB / 14.0 MiB)
Downloading [7/7] artifacts (1.0 MiB / 14.0 MiB)
Downloading [7/7] artifacts (1.0 MiB / 14.0 MiB)
Downloading [7/7] artifacts (1.0 MiB / 14.0 MiB)
Downloading [7/7] artifacts (1.0 MiB / 14.0 MiB)
Downloading [7/7] artifacts (1.0 MiB / 14.0 MiB)
Downloading [7/7] artifacts (1.0 MiB / 14.0 MiB)
Downloading [7/7] artifacts (1.0 MiB / 14.0 MiB)
Downloading [7/7] artifacts (1.0 MiB / 14.0 MiB)
Downloading [7/7] artifacts (1.1 MiB / 14.0 MiB)
Downloading [7/7] artifacts (1.1 MiB / 14.0 MiB)
Downloading [7/7] artifacts (1.1 MiB / 14.0 MiB)
Downloading [7/7] artifacts (1.1 MiB / 14.0 MiB)
Downloading [7/7] artifacts (1.1 MiB / 14.0 MiB)
Downloading [7/7] artifacts (1.1 MiB / 14.0 MiB)
Downloading [7/7] artifacts (1.1 MiB / 14.0 MiB)
Downloading [7/7] artifacts (1.1 MiB / 14.0 MiB)
Downloading [7/7] artifacts (1.1 MiB / 14.0 MiB)
Downloading [7/7] artifacts (1.1 MiB / 14.1 MiB)
Downloading [7/7] artifacts (1.1 MiB / 14.1 MiB)
Downloading [7/7] artifacts (1.1 MiB / 14.1 MiB)
Downloading [7/7] artifacts (1.1 MiB / 14.1 MiB)
Downloading [7/7] artifacts (1.1 MiB / 14.1 MiB)
Downloading [7/7] artifacts (1.1 MiB / 14.1 MiB)
Downloading [7/7] artifacts (1.1 MiB / 14.1 MiB)
Downloading [7/7] artifacts (1.1 MiB / 14.1 MiB)
Downloading [7/7] artifacts (1.1 MiB / 14.1 MiB)
Downloading [7/7] artifacts (1.1 MiB / 14.1 MiB)
Downloading [7/7] artifacts (1.1 MiB / 14.1 MiB)
Downloading [7/7] artifacts (1.1 MiB / 14.1 MiB)
Downloading [7/7] artifacts (1.1 MiB / 14.1 MiB)
Downloading [7/7] artifacts (1.1 MiB / 14.1 MiB)
Downloading [7/7] artifacts (1.1 MiB / 14.1 MiB)
Downloading [7/7] artifacts (1.1 MiB / 14.1 MiB)
Downloading [7/7] artifacts (1.1 MiB / 14.1 MiB)
Downloading [7/7] artifacts (1.1 MiB / 14.1 MiB)
Downloading [7/7] artifacts (1.2 MiB / 14.1 MiB)
Downloading [7/7] artifacts (1.2 MiB / 14.1 MiB)
Downloading [7/7] artifacts (1.2 MiB / 14.1 MiB)
Downloading [7/7] artifacts (1.2 MiB / 14.1 MiB)
Downloading [7/7] artifacts (1.2 MiB / 14.1 MiB)
Downloading [7/7] artifacts (1.2 MiB / 14.1 MiB)
Downloading [7/7] artifacts (1.2 MiB / 14.1 MiB)
Downloading [7/7] artifacts (1.2 MiB / 14.1 MiB)
Downloading [7/7] artifacts (1.2 MiB / 14.1 MiB)
Downloading [7/7] artifacts (1.2 MiB / 14.1 MiB)
Downloading [7/7] artifacts (1.2 MiB / 14.1 MiB)
Downloading [7/7] artifacts (1.2 MiB / 14.1 MiB)
Downloading [7/7] artifacts (1.2 MiB / 14.1 MiB)
Downloading [7/7] artifacts (1.2 MiB / 14.1 MiB)
Downloading [7/7] artifacts (1.2 MiB / 14.1 MiB)
Downloading [7/7] artifacts (1.2 MiB / 14.1 MiB)
Downloading [7/7] artifacts (1.2 MiB / 14.1 MiB)
Downloading [7/7] artifacts (1.2 MiB / 14.1 MiB)
Downloading [7/7] artifacts (1.2 MiB / 14.1 MiB)
Downloading [7/7] artifacts (1.2 MiB / 14.1 MiB)
Downloading [7/7] artifacts (1.2 MiB / 14.1 MiB)
Downloading [7/7] artifacts (1.2 MiB / 14.1 MiB)
Downloading [7/7] artifacts (1.2 MiB / 14.1 MiB)
Downloading [7/7] artifacts (1.2 MiB / 14.1 MiB)
Downloading [7/7] artifacts (1.2 MiB / 14.1 MiB)
Downloading [7/7] artifacts (1.2 MiB / 14.1 MiB)
Downloading [7/7] artifacts (1.2 MiB / 14.1 MiB)
Downloading [7/7] artifacts (1.2 MiB / 14.1 MiB)
Downloading [7/7] artifacts (1.2 MiB / 14.1 MiB)
Downloading [7/7] artifacts (1.2 MiB / 14.1 MiB)
Downloading [7/7] artifacts (1.2 MiB / 14.1 MiB)
Downloading [7/7] artifacts (1.2 MiB / 14.1 MiB)
Downloading [7/7] artifacts (1.2 MiB / 14.1 MiB)
Downloading [7/7] artifacts (1.2 MiB / 14.1 MiB)
Downloading [7/7] artifacts (1.2 MiB / 15.8 MiB)
Downloading [7/7] artifacts (1.2 MiB / 15.8 MiB)
Downloading [7/7] artifacts (1.2 MiB / 15.8 MiB)
Downloading [7/7] artifacts (1.2 MiB / 15.8 MiB)
Downloading [7/7] artifacts (1.2 MiB / 15.8 MiB)
Downloading [7/7] artifacts (1.2 MiB / 15.8 MiB)
Downloading [7/7] artifacts (1.2 MiB / 15.8 MiB)
Downloading [7/7] artifacts (1.2 MiB / 15.8 MiB)
Downloading [7/7] artifacts (1.2 MiB / 15.8 MiB)
Downloading [7/7] artifacts (1.2 MiB / 15.8 MiB)
Downloading [7/7] artifacts (1.2 MiB / 15.8 MiB)
Downloading [7/7] artifacts (1.2 MiB / 15.8 MiB)
Downloading [7/7] artifacts (1.2 MiB / 15.8 MiB)
Downloading [7/7] artifacts (1.2 MiB / 15.8 MiB)
Downloading [7/7] artifacts (1.3 MiB / 15.8 MiB)
Downloading [7/7] artifacts (1.3 MiB / 15.8 MiB)
Downloading [7/7] artifacts (1.3 MiB / 15.8 MiB)
Downloading [7/7] artifacts (1.3 MiB / 15.8 MiB)
Downloading [7/7] artifacts (1.3 MiB / 15.8 MiB)
Downloading [7/7] artifacts (1.3 MiB / 15.8 MiB)
Downloading [7/7] artifacts (1.3 MiB / 15.8 MiB)
Downloading [7/7] artifacts (1.3 MiB / 15.8 MiB)
Downloading [7/7] artifacts (1.3 MiB / 15.8 MiB)
Downloading [7/7] artifacts (1.3 MiB / 15.8 MiB)
Downloading [7/7] artifacts (1.3 MiB / 15.8 MiB)
Downloading [7/7] artifacts (1.3 MiB / 15.8 MiB)
Downloading [7/7] artifacts (1.3 MiB / 15.8 MiB)
Downloading [7/7] artifacts (1.3 MiB / 15.8 MiB)
Downloading [7/7] artifacts (1.3 MiB / 15.8 MiB)
Downloading [7/7] artifacts (1.3 MiB / 15.8 MiB)
Downloading [7/7] artifacts (1.3 MiB / 15.8 MiB)
Downloading [7/7] artifacts (1.3 MiB / 15.8 MiB)
Downloading [7/7] artifacts (1.3 MiB / 15.8 MiB)
Downloading [7/7] artifacts (1.3 MiB / 15.8 MiB)
Downloading [7/7] artifacts (1.3 MiB / 15.8 MiB)
Downloading [7/7] artifacts (1.3 MiB / 15.8 MiB)
Downloading [7/7] artifacts (1.3 MiB / 15.8 MiB)
Downloading [7/7] artifacts (1.3 MiB / 15.8 MiB)
Downloading [7/7] artifacts (1.3 MiB / 15.8 MiB)
Downloading [7/7] artifacts (1.3 MiB / 15.8 MiB)
Downloading [7/7] artifacts (1.3 MiB / 15.8 MiB)
Downloading [7/7] artifacts (1.3 MiB / 15.8 MiB)
Downloading [7/7] artifacts (1.3 MiB / 15.8 MiB)
Downloading [7/7] artifacts (1.3 MiB / 15.8 MiB)
Downloading [7/7] artifacts (1.3 MiB / 15.8 MiB)
Downloading [7/7] artifacts (1.3 MiB / 15.8 MiB)
Downloading [7/7] artifacts (1.3 MiB / 15.8 MiB)
Downloading [7/7] artifacts (1.3 MiB / 15.8 MiB)
Downloading [7/7] artifacts (1.3 MiB / 15.8 MiB)
Downloading [7/7] artifacts (1.3 MiB / 15.8 MiB)
Downloading [7/7] artifacts (1.3 MiB / 15.8 MiB)
Downloading [7/7] artifacts (1.3 MiB / 15.8 MiB)
Downloading [7/7] artifacts (1.3 MiB / 15.8 MiB)
Downloading [7/7] artifacts (1.3 MiB / 15.8 MiB)
Downloading [7/7] artifacts (1.3 MiB / 15.8 MiB)
Downloading [7/7] artifacts (1.3 MiB / 15.8 MiB)
Downloading [7/7] artifacts (1.3 MiB / 15.8 MiB)
Downloading [7/7] artifacts (1.3 MiB / 15.8 MiB)
Downloading [7/7] artifacts (1.3 MiB / 15.8 MiB)
Downloading [7/7] artifacts (1.3 MiB / 15.8 MiB)
Downloading [7/7] artifacts (1.3 MiB / 15.8 MiB)
Downloading [7/7] artifacts (1.3 MiB / 15.8 MiB)
Downloading [7/7] artifacts (1.3 MiB / 15.8 MiB)
Downloading [7/7] artifacts (1.4 MiB / 15.8 MiB)
Downloading [7/7] artifacts (1.4 MiB / 15.8 MiB)
Downloading [7/7] artifacts (1.4 MiB / 15.8 MiB)
Downloading [7/7] artifacts (1.4 MiB / 15.8 MiB)
Downloading [7/7] artifacts (1.4 MiB / 15.8 MiB)
Downloading [7/7] artifacts (1.4 MiB / 15.8 MiB)
Downloading [7/7] artifacts (1.4 MiB / 15.8 MiB)
Downloading [7/7] artifacts (1.4 MiB / 15.8 MiB)
Downloading [7/7] artifacts (1.4 MiB / 15.8 MiB)
Downloading [7/7] artifacts (1.4 MiB / 15.8 MiB)
Downloading [7/7] artifacts (1.4 MiB / 15.8 MiB)
Downloading [7/7] artifacts (1.4 MiB / 15.8 MiB)
Downloading [7/7] artifacts (1.4 MiB / 15.8 MiB)
Downloading [7/7] artifacts (1.4 MiB / 15.8 MiB)
Downloading [7/7] artifacts (1.4 MiB / 15.8 MiB)
Downloading [7/7] artifacts (1.4 MiB / 15.8 MiB)
Downloading [7/7] artifacts (1.4 MiB / 15.8 MiB)
Downloading [7/7] artifacts (1.4 MiB / 15.8 MiB)
Downloading [7/7] artifacts (1.4 MiB / 15.8 MiB)
Downloading [7/7] artifacts (1.4 MiB / 15.8 MiB)
Downloading [7/7] artifacts (1.4 MiB / 15.8 MiB)
Downloading [7/7] artifacts (1.4 MiB / 15.8 MiB)
Downloading [7/7] artifacts (1.4 MiB / 15.8 MiB)
Downloading [7/7] artifacts (1.4 MiB / 15.8 MiB)
Downloading [7/7] artifacts (1.4 MiB / 15.8 MiB)
Downloading [7/7] artifacts (1.4 MiB / 15.8 MiB)
Downloading [7/7] artifacts (1.4 MiB / 15.8 MiB)
Downloading [7/7] artifacts (1.5 MiB / 15.8 MiB)
Downloading [7/7] artifacts (1.5 MiB / 15.8 MiB)
Downloading [7/7] artifacts (1.5 MiB / 15.8 MiB)
Downloading [7/7] artifacts (1.5 MiB / 15.8 MiB)
Downloading [7/7] artifacts (1.5 MiB / 15.8 MiB)
Downloading [7/7] artifacts (1.5 MiB / 15.8 MiB)
Downloading [7/7] artifacts (1.5 MiB / 15.8 MiB)
Downloading [7/7] artifacts (1.5 MiB / 15.8 MiB)
Downloading [7/7] artifacts (1.5 MiB / 15.8 MiB)
Downloading [7/7] artifacts (1.5 MiB / 15.8 MiB)
Downloading [7/7] artifacts (1.5 MiB / 15.8 MiB)
Downloading [7/7] artifacts (1.5 MiB / 15.8 MiB)
Downloading [7/7] artifacts (1.5 MiB / 15.8 MiB)
Downloading [7/7] artifacts (1.5 MiB / 15.8 MiB)
Downloading [7/7] artifacts (1.5 MiB / 15.8 MiB)
Downloading [7/7] artifacts (1.5 MiB / 15.8 MiB)
Downloading [7/7] artifacts (1.5 MiB / 15.8 MiB)
Downloading [7/7] artifacts (1.5 MiB / 15.8 MiB)
Downloading [7/7] artifacts (1.5 MiB / 15.8 MiB)
Downloading [7/7] artifacts (1.5 MiB / 15.8 MiB)
Downloading [7/7] artifacts (1.5 MiB / 15.8 MiB)
Downloading [7/7] artifacts (1.5 MiB / 15.8 MiB)
Downloading [7/7] artifacts (1.5 MiB / 15.8 MiB)
Downloading [7/7] artifacts (1.5 MiB / 15.8 MiB)
Downloading [7/7] artifacts (1.5 MiB / 15.8 MiB)
Downloading [7/7] artifacts (1.5 MiB / 15.8 MiB)
Downloading [7/7] artifacts (1.6 MiB / 15.8 MiB)
Downloading [7/7] artifacts (1.6 MiB / 15.8 MiB)
Downloading [7/7] artifacts (1.6 MiB / 15.8 MiB)
Downloading [7/7] artifacts (1.6 MiB / 15.8 MiB)
Downloading [7/7] artifacts (1.6 MiB / 15.8 MiB)
Downloading [7/7] artifacts (1.6 MiB / 15.8 MiB)
Downloading [7/7] artifacts (1.6 MiB / 15.8 MiB)
Downloading [7/7] artifacts (1.6 MiB / 15.8 MiB)
Downloading [7/7] artifacts (1.6 MiB / 15.8 MiB)
Downloading [7/7] artifacts (1.6 MiB / 15.8 MiB)
Downloading [7/7] artifacts (1.6 MiB / 15.8 MiB)
Downloading [7/7] artifacts (1.7 MiB / 15.8 MiB)
Downloading [7/7] artifacts (1.7 MiB / 15.8 MiB)
Downloading [7/7] artifacts (1.7 MiB / 15.8 MiB)
Downloading [7/7] artifacts (1.7 MiB / 15.8 MiB)
Downloading [7/7] artifacts (1.7 MiB / 15.8 MiB)
Downloading [7/7] artifacts (1.7 MiB / 15.8 MiB)
Downloading [7/7] artifacts (1.7 MiB / 15.8 MiB)
Downloading [7/7] artifacts (1.7 MiB / 15.8 MiB)
Downloading [7/7] artifacts (1.7 MiB / 15.8 MiB)
Downloading [7/7] artifacts (1.7 MiB / 15.8 MiB)
Downloading [7/7] artifacts (1.7 MiB / 15.8 MiB)
Downloading [7/7] artifacts (1.7 MiB / 15.8 MiB)
Downloading [7/7] artifacts (1.7 MiB / 15.8 MiB)
Downloading [7/7] artifacts (1.8 MiB / 15.8 MiB)
Downloading [7/7] artifacts (1.8 MiB / 15.8 MiB)
Downloading [7/7] artifacts (1.8 MiB / 15.8 MiB)
Downloading [7/7] artifacts (1.8 MiB / 15.8 MiB)
Downloading [7/7] artifacts (1.8 MiB / 15.8 MiB)
Downloading [7/7] artifacts (1.8 MiB / 15.8 MiB)
Downloading [7/7] artifacts (1.8 MiB / 15.8 MiB)
Downloading [7/7] artifacts (1.8 MiB / 15.8 MiB)
Downloading [7/7] artifacts (1.8 MiB / 15.8 MiB)
Downloading [7/7] artifacts (1.8 MiB / 15.8 MiB)
Downloading [7/7] artifacts (1.8 MiB / 15.8 MiB)
Downloading [7/7] artifacts (1.8 MiB / 15.8 MiB)
Downloading [7/7] artifacts (1.9 MiB / 15.8 MiB)
Downloading [7/7] artifacts (1.9 MiB / 15.8 MiB)
Downloading [7/7] artifacts (1.9 MiB / 15.8 MiB)
Downloading [7/7] artifacts (1.9 MiB / 15.8 MiB)
Downloading [7/7] artifacts (1.9 MiB / 15.8 MiB)
Downloading [7/7] artifacts (1.9 MiB / 15.8 MiB)
Downloading [7/7] artifacts (1.9 MiB / 15.8 MiB)
Downloading [7/7] artifacts (2.0 MiB / 15.8 MiB)
Downloading [7/7] artifacts (2.0 MiB / 15.8 MiB)
Downloading [7/7] artifacts (2.0 MiB / 15.8 MiB)
Downloading [7/7] artifacts (2.0 MiB / 15.8 MiB)
Downloading [7/7] artifacts (2.0 MiB / 15.8 MiB)
Downloading [7/7] artifacts (2.0 MiB / 15.8 MiB)
Downloading [7/7] artifacts (2.1 MiB / 15.8 MiB)
Downloading [7/7] artifacts (2.1 MiB / 15.8 MiB)
Downloading [7/7] artifacts (2.1 MiB / 15.8 MiB)
Downloading [7/7] artifacts (2.1 MiB / 15.8 MiB)
Downloading [7/7] artifacts (2.1 MiB / 15.8 MiB)
Downloading [7/7] artifacts (2.1 MiB / 15.8 MiB)
Downloading [7/7] artifacts (2.1 MiB / 15.8 MiB)
Downloading [7/7] artifacts (2.2 MiB / 15.8 MiB)
Downloading [7/7] artifacts (2.2 MiB / 15.8 MiB)
Downloading [7/7] artifacts (2.2 MiB / 15.8 MiB)
Downloading [7/7] artifacts (2.2 MiB / 15.8 MiB)
Downloading [7/7] artifacts (2.2 MiB / 15.8 MiB)
Downloading [7/7] artifacts (2.2 MiB / 15.8 MiB)
Downloading [7/7] artifacts (2.2 MiB / 15.8 MiB)
Downloading [7/7] artifacts (2.2 MiB / 15.8 MiB)
Downloading [7/7] artifacts (2.3 MiB / 15.8 MiB)
Downloading [7/7] artifacts (2.3 MiB / 15.8 MiB)
Downloading [7/7] artifacts (2.3 MiB / 15.8 MiB)
Downloading [7/7] artifacts (2.3 MiB / 15.8 MiB)
Downloading [7/7] artifacts (2.3 MiB / 15.8 MiB)
Downloading [7/7] artifacts (2.3 MiB / 15.8 MiB)
Downloading [7/7] artifacts (2.3 MiB / 15.8 MiB)
Downloading [7/7] artifacts (2.3 MiB / 15.8 MiB)
Downloading [7/7] artifacts (2.3 MiB / 15.8 MiB)
Downloading [7/7] artifacts (2.3 MiB / 15.8 MiB)
Downloading [7/7] artifacts (2.3 MiB / 15.8 MiB)
Downloading [7/7] artifacts (2.3 MiB / 15.8 MiB)
Downloading [7/7] artifacts (2.3 MiB / 15.8 MiB)
Downloading [7/7] artifacts (2.3 MiB / 15.8 MiB)
Downloading [7/7] artifacts (2.4 MiB / 15.8 MiB)
Downloading [7/7] artifacts (2.4 MiB / 15.8 MiB)
Downloading [7/7] artifacts (2.4 MiB / 15.8 MiB)
Downloading [7/7] artifacts (2.4 MiB / 15.8 MiB)
Downloading [7/7] artifacts (2.4 MiB / 15.8 MiB)
Downloading [7/7] artifacts (2.4 MiB / 15.8 MiB)
Downloading [7/7] artifacts (2.4 MiB / 15.8 MiB)
Downloading [7/7] artifacts (2.4 MiB / 15.8 MiB)
Downloading [7/7] artifacts (2.4 MiB / 15.8 MiB)
Downloading [7/7] artifacts (2.5 MiB / 15.8 MiB)
Downloading [7/7] artifacts (2.5 MiB / 15.8 MiB)
Downloading [7/7] artifacts (2.5 MiB / 15.8 MiB)
Downloading [7/7] artifacts (2.5 MiB / 15.8 MiB)
Downloading [7/7] artifacts (2.5 MiB / 15.8 MiB)
Downloading [7/7] artifacts (2.5 MiB / 15.8 MiB)
Downloading [7/7] artifacts (2.5 MiB / 15.8 MiB)
Downloading [7/7] artifacts (2.5 MiB / 15.8 MiB)
Downloading [7/7] artifacts (2.6 MiB / 15.8 MiB)
Downloading [7/7] artifacts (2.6 MiB / 15.8 MiB)
Downloading [7/7] artifacts (2.6 MiB / 15.8 MiB)
Downloading [7/7] artifacts (2.6 MiB / 15.8 MiB)
Downloading [7/7] artifacts (2.6 MiB / 15.8 MiB)
Downloading [7/7] artifacts (2.6 MiB / 15.8 MiB)
Downloading [7/7] artifacts (2.6 MiB / 15.8 MiB)
Downloading [7/7] artifacts (2.6 MiB / 15.8 MiB)
Downloading [7/7] artifacts (2.6 MiB / 15.8 MiB)
Downloading [7/7] artifacts (2.7 MiB / 15.8 MiB)
Downloading [7/7] artifacts (2.7 MiB / 15.8 MiB)
Downloading [7/7] artifacts (2.7 MiB / 15.8 MiB)
Downloading [7/7] artifacts (2.7 MiB / 15.8 MiB)
Downloading [7/7] artifacts (2.7 MiB / 15.8 MiB)
Downloading [7/7] artifacts (2.7 MiB / 15.8 MiB)
Downloading [7/7] artifacts (2.7 MiB / 15.8 MiB)
Downloading [7/7] artifacts (2.8 MiB / 15.8 MiB)
Downloading [7/7] artifacts (2.8 MiB / 15.8 MiB)
Downloading [7/7] artifacts (2.8 MiB / 15.8 MiB)
Downloading [7/7] artifacts (2.8 MiB / 15.8 MiB)
Downloading [7/7] artifacts (2.8 MiB / 15.8 MiB)
Downloading [7/7] artifacts (2.8 MiB / 15.8 MiB)
Downloading [7/7] artifacts (2.9 MiB / 15.8 MiB)
Downloading [7/7] artifacts (2.9 MiB / 15.8 MiB)
Downloading [7/7] artifacts (2.9 MiB / 15.8 MiB)
Downloading [7/7] artifacts (2.9 MiB / 15.8 MiB)
Downloading [7/7] artifacts (2.9 MiB / 15.8 MiB)
Downloading [7/7] artifacts (2.9 MiB / 15.8 MiB)
Downloading [7/7] artifacts (2.9 MiB / 15.8 MiB)
Downloading [7/7] artifacts (3.0 MiB / 15.8 MiB)
Downloading [7/7] artifacts (3.0 MiB / 15.8 MiB)
Downloading [7/7] artifacts (3.0 MiB / 15.8 MiB)
Downloading [7/7] artifacts (3.0 MiB / 15.8 MiB)
Downloading [7/7] artifacts (3.0 MiB / 15.8 MiB)
Downloading [7/7] artifacts (3.0 MiB / 15.8 MiB)
Downloading [7/7] artifacts (3.0 MiB / 15.8 MiB)
Downloading [7/7] artifacts (3.1 MiB / 15.8 MiB)
Downloading [7/7] artifacts (3.1 MiB / 15.8 MiB)
Downloading [7/7] artifacts (3.1 MiB / 15.8 MiB)
Downloading [7/7] artifacts (3.1 MiB / 15.8 MiB)
Downloading [7/7] artifacts (3.1 MiB / 15.8 MiB)
Downloading [7/7] artifacts (3.1 MiB / 15.8 MiB)
Downloading [7/7] artifacts (3.1 MiB / 15.8 MiB)
Downloading [7/7] artifacts (3.2 MiB / 15.8 MiB)
Downloading [7/7] artifacts (3.2 MiB / 15.8 MiB)
Downloading [7/7] artifacts (3.2 MiB / 15.8 MiB)
Downloading [7/7] artifacts (3.2 MiB / 15.8 MiB)
Downloading [7/7] artifacts (3.2 MiB / 15.8 MiB)
Downloading [7/7] artifacts (3.2 MiB / 15.8 MiB)
Downloading [7/7] artifacts (3.2 MiB / 15.8 MiB)
Downloading [7/7] artifacts (3.3 MiB / 15.8 MiB)
Downloading [7/7] artifacts (3.3 MiB / 15.8 MiB)
Downloading [7/7] artifacts (3.3 MiB / 15.8 MiB)
Downloading [7/7] artifacts (3.3 MiB / 15.8 MiB)
Downloading [7/7] artifacts (3.3 MiB / 15.8 MiB)
Downloading [7/7] artifacts (3.3 MiB / 15.8 MiB)
Downloading [7/7] artifacts (3.4 MiB / 15.8 MiB)
Downloading [7/7] artifacts (3.4 MiB / 15.8 MiB)
Downloading [7/7] artifacts (3.4 MiB / 15.8 MiB)
Downloading [7/7] artifacts (3.4 MiB / 15.8 MiB)
Downloading [7/7] artifacts (3.4 MiB / 15.8 MiB)
Downloading [7/7] artifacts (3.4 MiB / 15.8 MiB)
Downloading [7/7] artifacts (3.5 MiB / 15.8 MiB)
Downloading [7/7] artifacts (3.5 MiB / 15.8 MiB)
Downloading [7/7] artifacts (3.5 MiB / 15.8 MiB)
Downloading [7/7] artifacts (3.5 MiB / 15.8 MiB)
Downloading [7/7] artifacts (3.5 MiB / 15.8 MiB)
Downloading [7/7] artifacts (3.5 MiB / 15.8 MiB)
Downloading [7/7] artifacts (3.5 MiB / 15.8 MiB)
Downloading [7/7] artifacts (3.6 MiB / 15.8 MiB)
Downloading [7/7] artifacts (3.6 MiB / 15.8 MiB)
Downloading [7/7] artifacts (3.6 MiB / 15.8 MiB)
Downloading [7/7] artifacts (3.6 MiB / 15.8 MiB)
Downloading [7/7] artifacts (3.6 MiB / 15.8 MiB)
Downloading [7/7] artifacts (3.6 MiB / 15.8 MiB)
Downloading [7/7] artifacts (3.7 MiB / 15.8 MiB)
Downloading [7/7] artifacts (3.7 MiB / 15.8 MiB)
Downloading [7/7] artifacts (3.7 MiB / 15.8 MiB)
Downloading [7/7] artifacts (3.7 MiB / 15.8 MiB)
Downloading [7/7] artifacts (3.7 MiB / 15.8 MiB)
Downloading [7/7] artifacts (3.7 MiB / 15.8 MiB)
Downloading [7/7] artifacts (3.7 MiB / 15.8 MiB)
Downloading [7/7] artifacts (3.8 MiB / 15.8 MiB)
Downloading [7/7] artifacts (3.8 MiB / 15.8 MiB)
Downloading [7/7] artifacts (3.8 MiB / 15.8 MiB)
Downloading [7/7] artifacts (3.8 MiB / 15.8 MiB)
Downloading [7/7] artifacts (3.8 MiB / 15.8 MiB)
Downloading [7/7] artifacts (3.8 MiB / 15.8 MiB)
Downloading [7/7] artifacts (3.9 MiB / 15.8 MiB)
Downloading [7/7] artifacts (3.9 MiB / 15.8 MiB)
Downloading [7/7] artifacts (3.9 MiB / 15.8 MiB)
Downloading [7/7] artifacts (3.9 MiB / 15.8 MiB)
Downloading [7/7] artifacts (3.9 MiB / 15.8 MiB)
Downloading [7/7] artifacts (3.9 MiB / 15.8 MiB)
Downloading [7/7] artifacts (4.0 MiB / 15.8 MiB)
Downloading [7/7] artifacts (4.0 MiB / 15.8 MiB)
Downloading [7/7] artifacts (4.0 MiB / 15.8 MiB)
Downloading [7/7] artifacts (4.0 MiB / 15.8 MiB)
Downloading [7/7] artifacts (4.0 MiB / 15.8 MiB)
Downloading [7/7] artifacts (4.0 MiB / 15.8 MiB)
Downloading [7/7] artifacts (4.0 MiB / 15.8 MiB)
Downloading [7/7] artifacts (4.1 MiB / 15.8 MiB)
Downloading [7/7] artifacts (4.1 MiB / 15.8 MiB)
Downloading [7/7] artifacts (4.1 MiB / 15.8 MiB)
Downloading [7/7] artifacts (4.1 MiB / 15.8 MiB)
Downloading [7/7] artifacts (4.1 MiB / 15.8 MiB)
Downloading [7/7] artifacts (4.1 MiB / 15.8 MiB)
Downloading [7/7] artifacts (4.2 MiB / 15.8 MiB)
Downloading [7/7] artifacts (4.2 MiB / 15.8 MiB)
Downloading [7/7] artifacts (4.2 MiB / 15.8 MiB)
Downloading [7/7] artifacts (4.2 MiB / 15.8 MiB)
Downloading [7/7] artifacts (4.2 MiB / 15.8 MiB)
Downloading [7/7] artifacts (4.2 MiB / 15.8 MiB)
Downloading [7/7] artifacts (4.2 MiB / 15.8 MiB)
Downloading [7/7] artifacts (4.3 MiB / 15.8 MiB)
Downloading [7/7] artifacts (4.3 MiB / 15.8 MiB)
Downloading [7/7] artifacts (4.3 MiB / 15.8 MiB)
Downloading [7/7] artifacts (4.3 MiB / 15.8 MiB)
Downloading [7/7] artifacts (4.3 MiB / 15.8 MiB)
Downloading [7/7] artifacts (4.3 MiB / 15.8 MiB)
Downloading [7/7] artifacts (4.4 MiB / 15.8 MiB)
Downloading [7/7] artifacts (4.4 MiB / 15.8 MiB)
Downloading [7/7] artifacts (4.4 MiB / 15.8 MiB)
Downloading [7/7] artifacts (4.4 MiB / 15.8 MiB)
Downloading [7/7] artifacts (4.4 MiB / 15.8 MiB)
Downloading [7/7] artifacts (4.4 MiB / 15.8 MiB)
Downloading [7/7] artifacts (4.5 MiB / 15.8 MiB)
Downloading [7/7] artifacts (4.5 MiB / 15.8 MiB)
Downloading [7/7] artifacts (4.5 MiB / 15.8 MiB)
Downloading [7/7] artifacts (4.5 MiB / 15.8 MiB)
Downloading [7/7] artifacts (4.5 MiB / 15.8 MiB)
Downloading [7/7] artifacts (4.5 MiB / 15.8 MiB)
Downloading [7/7] artifacts (4.5 MiB / 15.8 MiB)
Downloading [7/7] artifacts (4.6 MiB / 15.8 MiB)
Downloading [7/7] artifacts (4.6 MiB / 15.8 MiB)
Downloading [7/7] artifacts (4.6 MiB / 15.8 MiB)
Downloading [7/7] artifacts (4.6 MiB / 15.8 MiB)
Downloading [7/7] artifacts (4.6 MiB / 15.8 MiB)
Downloading [7/7] artifacts (4.6 MiB / 15.8 MiB)
Downloading [7/7] artifacts (4.7 MiB / 15.8 MiB)
Downloading [7/7] artifacts (4.7 MiB / 15.8 MiB)
Downloading [7/7] artifacts (4.7 MiB / 15.8 MiB)
Downloading [7/7] artifacts (4.7 MiB / 15.8 MiB)
Downloading [7/7] artifacts (4.7 MiB / 15.8 MiB)
Downloading [7/7] artifacts (4.7 MiB / 15.8 MiB)
Downloading [7/7] artifacts (4.7 MiB / 15.8 MiB)
Downloading [7/7] artifacts (4.8 MiB / 15.8 MiB)
Downloading [7/7] artifacts (4.8 MiB / 15.8 MiB)
Downloading [7/7] artifacts (4.8 MiB / 15.8 MiB)
Downloading [7/7] artifacts (4.8 MiB / 15.8 MiB)
Downloading [7/7] artifacts (4.8 MiB / 15.8 MiB)
Downloading [7/7] artifacts (4.8 MiB / 15.8 MiB)
Downloading [7/7] artifacts (4.9 MiB / 15.8 MiB)
Downloading [7/7] artifacts (4.9 MiB / 15.8 MiB)
Downloading [7/7] artifacts (4.9 MiB / 15.8 MiB)
Downloading [7/7] artifacts (4.9 MiB / 15.8 MiB)
Downloading [7/7] artifacts (4.9 MiB / 15.8 MiB)
Downloading [7/7] artifacts (4.9 MiB / 15.8 MiB)
Downloading [7/7] artifacts (5.0 MiB / 15.8 MiB)
Downloading [7/7] artifacts (5.0 MiB / 15.8 MiB)
Downloading [7/7] artifacts (5.0 MiB / 15.8 MiB)
Downloading [7/7] artifacts (5.0 MiB / 15.8 MiB)
Downloading [7/7] artifacts (5.0 MiB / 15.8 MiB)
Downloading [7/7] artifacts (5.0 MiB / 15.8 MiB)
Downloading [7/7] artifacts (5.0 MiB / 15.8 MiB)
Downloading [7/7] artifacts (5.1 MiB / 15.8 MiB)
Downloading [7/7] artifacts (5.1 MiB / 15.8 MiB)
Downloading [7/7] artifacts (5.1 MiB / 15.8 MiB)
Downloading [7/7] artifacts (5.1 MiB / 15.8 MiB)
Downloading [7/7] artifacts (5.1 MiB / 15.8 MiB)
Downloading [7/7] artifacts (5.1 MiB / 15.8 MiB)
Downloading [7/7] artifacts (5.2 MiB / 15.8 MiB)
Downloading [7/7] artifacts (5.2 MiB / 15.8 MiB)
Downloading [7/7] artifacts (5.2 MiB / 15.8 MiB)
Downloading [7/7] artifacts (5.2 MiB / 15.8 MiB)
Downloading [7/7] artifacts (5.2 MiB / 15.8 MiB)
Downloading [7/7] artifacts (5.2 MiB / 15.8 MiB)
Downloading [7/7] artifacts (5.2 MiB / 15.8 MiB)
Downloading [7/7] artifacts (5.3 MiB / 15.8 MiB)
Downloading [7/7] artifacts (5.3 MiB / 15.8 MiB)
Downloading [7/7] artifacts (5.3 MiB / 15.8 MiB)
Downloading [7/7] artifacts (5.3 MiB / 15.8 MiB)
Downloading [7/7] artifacts (5.3 MiB / 15.8 MiB)
Downloading [7/7] artifacts (5.3 MiB / 15.8 MiB)
Downloading [7/7] artifacts (5.4 MiB / 15.8 MiB)
Downloading [7/7] artifacts (5.4 MiB / 15.8 MiB)
Downloading [7/7] artifacts (5.4 MiB / 15.8 MiB)
Downloading [7/7] artifacts (5.4 MiB / 15.8 MiB)
Downloading [7/7] artifacts (5.4 MiB / 15.8 MiB)
Downloading [7/7] artifacts (5.4 MiB / 15.8 MiB)
Downloading [7/7] artifacts (5.4 MiB / 15.8 MiB)
Downloading [7/7] artifacts (5.5 MiB / 15.8 MiB)
Downloading [7/7] artifacts (5.5 MiB / 15.8 MiB)
Downloading [7/7] artifacts (5.5 MiB / 15.8 MiB)
Downloading [7/7] artifacts (5.5 MiB / 15.8 MiB)
Downloading [7/7] artifacts (5.5 MiB / 15.8 MiB)
Downloading [7/7] artifacts (5.5 MiB / 15.8 MiB)
Downloading [7/7] artifacts (5.6 MiB / 15.8 MiB)
Downloading [7/7] artifacts (5.6 MiB / 15.8 MiB)
Downloading [7/7] artifacts (5.6 MiB / 15.8 MiB)
Downloading [7/7] artifacts (5.6 MiB / 15.8 MiB)
Downloading [7/7] artifacts (5.6 MiB / 15.8 MiB)
Downloading [7/7] artifacts (5.6 MiB / 15.8 MiB)
Downloading [7/7] artifacts (5.7 MiB / 15.8 MiB)
Downloading [7/7] artifacts (5.7 MiB / 15.8 MiB)
Downloading [7/7] artifacts (5.7 MiB / 15.8 MiB)
Downloading [7/7] artifacts (5.7 MiB / 15.8 MiB)
Downloading [7/7] artifacts (5.7 MiB / 15.8 MiB)
Downloading [7/7] artifacts (5.7 MiB / 15.8 MiB)
Downloading [7/7] artifacts (5.7 MiB / 15.8 MiB)
Downloading [7/7] artifacts (5.8 MiB / 15.8 MiB)
Downloading [7/7] artifacts (5.8 MiB / 15.8 MiB)
Downloading [7/7] artifacts (5.8 MiB / 15.8 MiB)
Downloading [7/7] artifacts (5.8 MiB / 15.8 MiB)
Downloading [7/7] artifacts (5.8 MiB / 15.8 MiB)
Downloading [7/7] artifacts (5.8 MiB / 15.8 MiB)
Downloading [7/7] artifacts (5.8 MiB / 15.8 MiB)
Downloading [7/7] artifacts (5.9 MiB / 15.8 MiB)
Downloading [7/7] artifacts (5.9 MiB / 15.8 MiB)
Downloading [7/7] artifacts (5.9 MiB / 15.8 MiB)
Downloading [7/7] artifacts (5.9 MiB / 15.8 MiB)
Downloading [7/7] artifacts (5.9 MiB / 15.8 MiB)
Downloading [7/7] artifacts (5.9 MiB / 15.8 MiB)
Downloading [7/7] artifacts (5.9 MiB / 15.8 MiB)
Downloading [7/7] artifacts (6.0 MiB / 15.8 MiB)
Downloading [7/7] artifacts (6.0 MiB / 15.8 MiB)
Downloading [7/7] artifacts (6.0 MiB / 15.8 MiB)
Downloading [7/7] artifacts (6.0 MiB / 15.8 MiB)
Downloading [7/7] artifacts (6.0 MiB / 15.8 MiB)
Downloading [7/7] artifacts (6.0 MiB / 15.8 MiB)
Downloading [7/7] artifacts (6.1 MiB / 15.8 MiB)
Downloading [7/7] artifacts (6.1 MiB / 15.8 MiB)
Downloading [7/7] artifacts (6.1 MiB / 15.8 MiB)
Downloading [7/7] artifacts (6.1 MiB / 15.8 MiB)
Downloading [7/7] artifacts (6.1 MiB / 15.8 MiB)
Downloading [7/7] artifacts (6.1 MiB / 15.8 MiB)
Downloading [7/7] artifacts (6.2 MiB / 15.8 MiB)
Downloading [7/7] artifacts (6.2 MiB / 15.8 MiB)
Downloading [7/7] artifacts (6.2 MiB / 15.8 MiB)
Downloading [7/7] artifacts (6.2 MiB / 15.8 MiB)
Downloading [7/7] artifacts (6.2 MiB / 15.8 MiB)
Downloading [7/7] artifacts (6.2 MiB / 15.8 MiB)
Downloading [7/7] artifacts (6.2 MiB / 15.8 MiB)
Downloading [7/7] artifacts (6.3 MiB / 15.8 MiB)
Downloading [7/7] artifacts (6.3 MiB / 15.8 MiB)
Downloading [7/7] artifacts (6.3 MiB / 15.8 MiB)
Downloading [7/7] artifacts (6.3 MiB / 15.8 MiB)
Downloading [7/7] artifacts (6.3 MiB / 15.8 MiB)
Downloading [7/7] artifacts (6.3 MiB / 15.8 MiB)
Downloading [7/7] artifacts (6.4 MiB / 15.8 MiB)
Downloading [7/7] artifacts (6.4 MiB / 15.8 MiB)
Downloading [7/7] artifacts (6.4 MiB / 15.8 MiB)
Downloading [7/7] artifacts (6.4 MiB / 15.8 MiB)
Downloading [7/7] artifacts (6.4 MiB / 15.8 MiB)
Downloading [7/7] artifacts (6.4 MiB / 15.8 MiB)
Downloading [7/7] artifacts (6.4 MiB / 15.8 MiB)
Downloading [7/7] artifacts (6.5 MiB / 15.8 MiB)
Downloading [7/7] artifacts (6.5 MiB / 15.8 MiB)
Downloading [7/7] artifacts (6.5 MiB / 15.8 MiB)
Downloading [7/7] artifacts (6.5 MiB / 15.8 MiB)
Downloading [7/7] artifacts (6.5 MiB / 15.8 MiB)
Downloading [7/7] artifacts (6.5 MiB / 15.8 MiB)
Downloading [7/7] artifacts (6.6 MiB / 15.8 MiB)
Downloading [7/7] artifacts (6.6 MiB / 15.8 MiB)
Downloading [7/7] artifacts (6.6 MiB / 15.8 MiB)
Downloading [7/7] artifacts (6.6 MiB / 15.8 MiB)
Downloading [7/7] artifacts (6.6 MiB / 15.8 MiB)
Downloading [7/7] artifacts (6.6 MiB / 15.8 MiB)
Downloading [7/7] artifacts (6.7 MiB / 15.8 MiB)
Downloading [7/7] artifacts (6.7 MiB / 15.8 MiB)
Downloading [7/7] artifacts (6.7 MiB / 15.8 MiB)
Downloading [7/7] artifacts (6.7 MiB / 15.8 MiB)
Downloading [7/7] artifacts (6.7 MiB / 15.8 MiB)
Downloading [7/7] artifacts (6.7 MiB / 15.8 MiB)
Downloading [7/7] artifacts (6.7 MiB / 15.8 MiB)
Downloading [7/7] artifacts (6.8 MiB / 15.8 MiB)
Downloading [7/7] artifacts (6.8 MiB / 15.8 MiB)
Downloading [7/7] artifacts (6.8 MiB / 15.8 MiB)
Downloading [7/7] artifacts (6.8 MiB / 15.8 MiB)
Downloading [7/7] artifacts (6.8 MiB / 15.8 MiB)
Downloading [7/7] artifacts (6.8 MiB / 15.8 MiB)
Downloading [7/7] artifacts (6.9 MiB / 15.8 MiB)
Downloading [7/7] artifacts (6.9 MiB / 15.8 MiB)
Downloading [7/7] artifacts (6.9 MiB / 15.8 MiB)
Downloading [7/7] artifacts (6.9 MiB / 15.8 MiB)
Downloading [7/7] artifacts (6.9 MiB / 15.8 MiB)
Downloading [7/7] artifacts (6.9 MiB / 15.8 MiB)
Downloading [7/7] artifacts (6.9 MiB / 15.8 MiB)
Downloading [7/7] artifacts (7.0 MiB / 15.8 MiB)
Downloading [7/7] artifacts (7.0 MiB / 15.8 MiB)
Downloading [7/7] artifacts (7.0 MiB / 15.8 MiB)
Downloading [7/7] artifacts (7.0 MiB / 15.8 MiB)
Downloading [7/7] artifacts (7.0 MiB / 15.8 MiB)
Downloading [7/7] artifacts (7.0 MiB / 15.8 MiB)
Downloading [7/7] artifacts (7.1 MiB / 15.8 MiB)
Downloading [7/7] artifacts (7.1 MiB / 15.8 MiB)
Downloading [7/7] artifacts (7.1 MiB / 15.8 MiB)
Downloading [7/7] artifacts (7.1 MiB / 15.8 MiB)
Downloading [7/7] artifacts (7.1 MiB / 15.8 MiB)
Downloading [7/7] artifacts (7.1 MiB / 15.8 MiB)
Downloading [7/7] artifacts (7.1 MiB / 15.8 MiB)
Downloading [7/7] artifacts (7.2 MiB / 15.8 MiB)
Downloading [7/7] artifacts (7.2 MiB / 15.8 MiB)
Downloading [7/7] artifacts (7.2 MiB / 15.8 MiB)
Downloading [7/7] artifacts (7.2 MiB / 15.8 MiB)
Downloading [7/7] artifacts (7.2 MiB / 15.8 MiB)
Downloading [7/7] artifacts (7.2 MiB / 15.8 MiB)
Downloading [7/7] artifacts (7.3 MiB / 15.8 MiB)
Downloading [7/7] artifacts (7.3 MiB / 15.8 MiB)
Downloading [7/7] artifacts (7.3 MiB / 15.8 MiB)
Downloading [7/7] artifacts (7.3 MiB / 15.8 MiB)
Downloading [7/7] artifacts (7.3 MiB / 15.8 MiB)
Downloading [7/7] artifacts (7.3 MiB / 15.8 MiB)
Downloading [7/7] artifacts (7.4 MiB / 15.8 MiB)
Downloading [7/7] artifacts (7.4 MiB / 15.8 MiB)
Downloading [7/7] artifacts (7.4 MiB / 15.8 MiB)
Downloading [7/7] artifacts (7.4 MiB / 15.8 MiB)
Downloading [7/7] artifacts (7.4 MiB / 15.8 MiB)
Downloading [7/7] artifacts (7.4 MiB / 15.8 MiB)
Downloading [7/7] artifacts (7.4 MiB / 15.8 MiB)
Downloading [7/7] artifacts (7.5 MiB / 15.8 MiB)
Downloading [7/7] artifacts (7.5 MiB / 15.8 MiB)
Downloading [7/7] artifacts (7.5 MiB / 15.8 MiB)
Downloading [7/7] artifacts (7.5 MiB / 15.8 MiB)
Downloading [7/7] artifacts (7.5 MiB / 15.8 MiB)
Downloading [7/7] artifacts (7.5 MiB / 15.8 MiB)
Downloading [7/7] artifacts (7.6 MiB / 15.8 MiB)
Downloading [7/7] artifacts (7.6 MiB / 15.8 MiB)
Downloading [7/7] artifacts (7.6 MiB / 15.8 MiB)
Downloading [7/7] artifacts (7.6 MiB / 15.8 MiB)
Downloading [7/7] artifacts (7.6 MiB / 15.8 MiB)
Downloading [7/7] artifacts (7.6 MiB / 15.8 MiB)
Downloading [7/7] artifacts (7.6 MiB / 15.8 MiB)
Downloading [7/7] artifacts (7.6 MiB / 15.8 MiB)
Downloading [7/7] artifacts (7.7 MiB / 15.8 MiB)
Downloading [7/7] artifacts (7.7 MiB / 15.8 MiB)
Downloading [7/7] artifacts (7.7 MiB / 15.8 MiB)
Downloading [7/7] artifacts (7.7 MiB / 15.8 MiB)
Downloading [7/7] artifacts (7.7 MiB / 15.8 MiB)
Downloading [7/7] artifacts (7.7 MiB / 15.8 MiB)
Downloading [7/7] artifacts (7.8 MiB / 15.8 MiB)
Downloading [7/7] artifacts (7.8 MiB / 15.8 MiB)
Downloading [7/7] artifacts (7.8 MiB / 15.8 MiB)
Downloading [7/7] artifacts (7.8 MiB / 15.8 MiB)
Downloading [7/7] artifacts (7.8 MiB / 15.8 MiB)
Downloading [7/7] artifacts (7.8 MiB / 15.8 MiB)
Downloading [7/7] artifacts (7.9 MiB / 15.8 MiB)
Downloading [7/7] artifacts (7.9 MiB / 15.8 MiB)
Downloading [7/7] artifacts (7.9 MiB / 15.8 MiB)
Downloading [7/7] artifacts (7.9 MiB / 15.8 MiB)
Downloading [7/7] artifacts (7.9 MiB / 15.8 MiB)
Downloading [7/7] artifacts (7.9 MiB / 15.8 MiB)
Downloading [7/7] artifacts (7.9 MiB / 15.8 MiB)
Downloading [7/7] artifacts (8.0 MiB / 15.8 MiB)
Downloading [7/7] artifacts (8.0 MiB / 15.8 MiB)
Downloading [7/7] artifacts (8.0 MiB / 15.8 MiB)
Downloading [7/7] artifacts (8.0 MiB / 15.8 MiB)
Downloading [7/7] artifacts (8.0 MiB / 15.8 MiB)
Downloading [7/7] artifacts (8.0 MiB / 15.8 MiB)
Downloading [7/7] artifacts (8.1 MiB / 15.8 MiB)
Downloading [7/7] artifacts (8.1 MiB / 15.8 MiB)
Downloading [7/7] artifacts (8.1 MiB / 15.8 MiB)
Downloading [7/7] artifacts (8.1 MiB / 15.8 MiB)
Downloading [7/7] artifacts (8.1 MiB / 15.8 MiB)
Downloading [7/7] artifacts (8.1 MiB / 15.8 MiB)
Downloading [7/7] artifacts (8.1 MiB / 15.8 MiB)
Downloading [7/7] artifacts (8.2 MiB / 15.8 MiB)
Downloading [7/7] artifacts (8.2 MiB / 15.8 MiB)
Downloading [7/7] artifacts (8.2 MiB / 15.8 MiB)
Downloading [7/7] artifacts (8.2 MiB / 15.8 MiB)
Downloading [7/7] artifacts (8.2 MiB / 15.8 MiB)
Downloading [7/7] artifacts (8.2 MiB / 15.8 MiB)
Downloading [7/7] artifacts (8.3 MiB / 15.8 MiB)
Downloading [7/7] artifacts (8.3 MiB / 15.8 MiB)
Downloading [7/7] artifacts (8.3 MiB / 15.8 MiB)
Downloading [7/7] artifacts (8.3 MiB / 15.8 MiB)
Downloading [7/7] artifacts (8.3 MiB / 15.8 MiB)
Downloading [7/7] artifacts (8.3 MiB / 15.8 MiB)
Downloading [7/7] artifacts (8.3 MiB / 15.8 MiB)
Downloading [7/7] artifacts (8.4 MiB / 15.8 MiB)
Downloading [7/7] artifacts (8.4 MiB / 15.8 MiB)
Downloading [7/7] artifacts (8.4 MiB / 15.8 MiB)
Downloading [7/7] artifacts (8.4 MiB / 15.8 MiB)
Downloading [7/7] artifacts (8.4 MiB / 15.8 MiB)
Downloading [7/7] artifacts (8.4 MiB / 15.8 MiB)
Downloading [7/7] artifacts (8.5 MiB / 15.8 MiB)
Downloading [7/7] artifacts (8.5 MiB / 15.8 MiB)
Downloading [7/7] artifacts (8.5 MiB / 15.8 MiB)
Downloading [7/7] artifacts (8.5 MiB / 15.8 MiB)
Downloading [7/7] artifacts (8.5 MiB / 15.8 MiB)
Downloading [7/7] artifacts (8.5 MiB / 15.8 MiB)
Downloading [7/7] artifacts (8.6 MiB / 15.8 MiB)
Downloading [7/7] artifacts (8.6 MiB / 15.8 MiB)
Downloading [7/7] artifacts (8.6 MiB / 15.8 MiB)
Downloading [7/7] artifacts (8.6 MiB / 15.8 MiB)
Downloading [7/7] artifacts (8.6 MiB / 15.8 MiB)
Downloading [7/7] artifacts (8.6 MiB / 15.8 MiB)
Downloading [7/7] artifacts (8.6 MiB / 15.8 MiB)
Downloading [7/7] artifacts (8.7 MiB / 15.8 MiB)
Downloading [7/7] artifacts (8.7 MiB / 15.8 MiB)
Downloading [7/7] artifacts (8.7 MiB / 15.8 MiB)
Downloading [7/7] artifacts (8.7 MiB / 15.8 MiB)
Downloading [7/7] artifacts (8.7 MiB / 15.8 MiB)
Downloading [7/7] artifacts (8.7 MiB / 15.8 MiB)
Downloading [7/7] artifacts (8.8 MiB / 15.8 MiB)
Downloading [7/7] artifacts (8.8 MiB / 15.8 MiB)
Downloading [7/7] artifacts (8.8 MiB / 15.8 MiB)
Downloading [7/7] artifacts (8.8 MiB / 15.8 MiB)
Downloading [7/7] artifacts (8.8 MiB / 15.8 MiB)
Downloading [7/7] artifacts (8.8 MiB / 15.8 MiB)
Downloading [7/7] artifacts (8.8 MiB / 15.8 MiB)
Downloading [7/7] artifacts (8.9 MiB / 15.8 MiB)
Downloading [7/7] artifacts (8.9 MiB / 15.8 MiB)
Downloading [7/7] artifacts (8.9 MiB / 15.8 MiB)
Downloading [7/7] artifacts (8.9 MiB / 15.8 MiB)
Downloading [7/7] artifacts (8.9 MiB / 15.8 MiB)
Downloading [7/7] artifacts (8.9 MiB / 15.8 MiB)
Downloading [7/7] artifacts (9.0 MiB / 15.8 MiB)
Downloading [7/7] artifacts (9.0 MiB / 15.8 MiB)
Downloading [7/7] artifacts (9.0 MiB / 15.8 MiB)
Downloading [7/7] artifacts (9.0 MiB / 15.8 MiB)
Downloading [7/7] artifacts (9.0 MiB / 15.8 MiB)
Downloading [7/7] artifacts (9.0 MiB / 15.8 MiB)
Downloading [7/7] artifacts (9.0 MiB / 15.8 MiB)
Downloading [7/7] artifacts (9.1 MiB / 15.8 MiB)
Downloading [7/7] artifacts (9.1 MiB / 15.8 MiB)
Downloading [7/7] artifacts (9.1 MiB / 15.8 MiB)
Downloading [7/7] artifacts (9.1 MiB / 15.8 MiB)
Downloading [7/7] artifacts (9.1 MiB / 15.8 MiB)
Downloading [7/7] artifacts (9.1 MiB / 15.8 MiB)
Downloading [7/7] artifacts (9.2 MiB / 15.8 MiB)
Downloading [7/7] artifacts (9.2 MiB / 15.8 MiB)
Downloading [7/7] artifacts (9.2 MiB / 15.8 MiB)
Downloading [7/7] artifacts (9.2 MiB / 15.8 MiB)
Downloading [7/7] artifacts (9.2 MiB / 15.8 MiB)
Downloading [7/7] artifacts (9.2 MiB / 15.8 MiB)
Downloading [7/7] artifacts (9.2 MiB / 15.8 MiB)
Downloading [7/7] artifacts (9.3 MiB / 15.8 MiB)
Downloading [7/7] artifacts (9.3 MiB / 15.8 MiB)
Downloading [7/7] artifacts (9.3 MiB / 15.8 MiB)
Downloading [7/7] artifacts (9.3 MiB / 15.8 MiB)
Downloading [7/7] artifacts (9.3 MiB / 15.8 MiB)
Downloading [7/7] artifacts (9.3 MiB / 15.8 MiB)
Downloading [7/7] artifacts (9.4 MiB / 15.8 MiB)
Downloading [7/7] artifacts (9.4 MiB / 15.8 MiB)
Downloading [7/7] artifacts (9.4 MiB / 15.8 MiB)
Downloading [7/7] artifacts (9.4 MiB / 15.8 MiB)
Downloading [7/7] artifacts (9.4 MiB / 15.8 MiB)
Downloading [7/7] artifacts (9.4 MiB / 15.8 MiB)
Downloading [7/7] artifacts (9.5 MiB / 15.8 MiB)
Downloading [7/7] artifacts (9.5 MiB / 15.8 MiB)
Downloading [7/7] artifacts (9.5 MiB / 15.8 MiB)
Downloading [7/7] artifacts (9.5 MiB / 15.8 MiB)
Downloading [7/7] artifacts (9.5 MiB / 15.8 MiB)
Downloading [7/7] artifacts (9.5 MiB / 15.8 MiB)
Downloading [7/7] artifacts (9.5 MiB / 15.8 MiB)
Downloading [7/7] artifacts (9.6 MiB / 15.8 MiB)
Downloading [7/7] artifacts (9.6 MiB / 15.8 MiB)
Downloading [7/7] artifacts (9.6 MiB / 15.8 MiB)
Downloading [7/7] artifacts (9.6 MiB / 15.8 MiB)
Downloading [7/7] artifacts (9.6 MiB / 15.8 MiB)
Downloading [7/7] artifacts (9.6 MiB / 15.8 MiB)
Downloading [7/7] artifacts (9.6 MiB / 15.8 MiB)
Downloading [7/7] artifacts (9.7 MiB / 15.8 MiB)
Downloading [7/7] artifacts (9.7 MiB / 15.8 MiB)
Downloading [7/7] artifacts (9.7 MiB / 15.8 MiB)
Downloading [7/7] artifacts (9.7 MiB / 15.8 MiB)
Downloading [7/7] artifacts (9.7 MiB / 15.8 MiB)
Downloading [7/7] artifacts (9.7 MiB / 15.8 MiB)
Downloading [7/7] artifacts (9.8 MiB / 15.8 MiB)
Downloading [7/7] artifacts (9.8 MiB / 15.8 MiB)
Downloading [7/7] artifacts (9.8 MiB / 15.8 MiB)
Downloading [7/7] artifacts (9.8 MiB / 15.8 MiB)
Downloading [7/7] artifacts (9.8 MiB / 15.8 MiB)
Downloading [7/7] artifacts (9.8 MiB / 15.8 MiB)
Downloading [7/7] artifacts (9.8 MiB / 15.8 MiB)
Downloading [7/7] artifacts (9.9 MiB / 15.8 MiB)
Downloading [7/7] artifacts (9.9 MiB / 15.8 MiB)
Downloading [7/7] artifacts (9.9 MiB / 15.8 MiB)
Downloading [7/7] artifacts (9.9 MiB / 15.8 MiB)
Downloading [7/7] artifacts (9.9 MiB / 15.8 MiB)
Downloading [7/7] artifacts (9.9 MiB / 15.8 MiB)
Downloading [7/7] artifacts (9.9 MiB / 15.8 MiB)
Downloading [7/7] artifacts (10.0 MiB / 15.8 MiB)
Downloading [7/7] artifacts (10.0 MiB / 15.8 MiB)
Downloading [7/7] artifacts (10.0 MiB / 15.8 MiB)
Downloading [7/7] artifacts (10.0 MiB / 15.8 MiB)
Downloading [7/7] artifacts (10.0 MiB / 15.8 MiB)
Downloading [7/7] artifacts (10.0 MiB / 15.8 MiB)
Downloading [7/7] artifacts (10.1 MiB / 15.8 MiB)
Downloading [7/7] artifacts (10.1 MiB / 15.8 MiB)
Downloading [7/7] artifacts (10.1 MiB / 15.8 MiB)
Downloading [7/7] artifacts (10.1 MiB / 15.8 MiB)
Downloading [7/7] artifacts (10.1 MiB / 15.8 MiB)
Downloading [7/7] artifacts (10.1 MiB / 15.8 MiB)
Downloading [7/7] artifacts (10.1 MiB / 15.8 MiB)
Downloading [7/7] artifacts (10.2 MiB / 15.8 MiB)
Downloading [7/7] artifacts (10.2 MiB / 15.8 MiB)
Downloading [7/7] artifacts (10.2 MiB / 15.8 MiB)
Downloading [7/7] artifacts (10.2 MiB / 15.8 MiB)
Downloading [7/7] artifacts (10.2 MiB / 15.8 MiB)
Downloading [7/7] artifacts (10.2 MiB / 15.8 MiB)
Downloading [7/7] artifacts (10.3 MiB / 15.8 MiB)
Downloading [7/7] artifacts (10.3 MiB / 15.8 MiB)
Downloading [7/7] artifacts (10.3 MiB / 15.8 MiB)
Downloading [7/7] artifacts (10.3 MiB / 15.8 MiB)
Downloading [7/7] artifacts (10.3 MiB / 15.8 MiB)
Downloading [7/7] artifacts (10.3 MiB / 15.8 MiB)
Downloading [7/7] artifacts (10.4 MiB / 15.8 MiB)
Downloading [7/7] artifacts (10.4 MiB / 15.8 MiB)
Downloading [7/7] artifacts (10.4 MiB / 15.8 MiB)
Downloading [7/7] artifacts (10.4 MiB / 15.8 MiB)
Downloading [7/7] artifacts (10.4 MiB / 15.8 MiB)
Downloading [7/7] artifacts (10.4 MiB / 15.8 MiB)
Downloading [7/7] artifacts (10.4 MiB / 15.8 MiB)
Downloading [7/7] artifacts (10.5 MiB / 15.8 MiB)
Downloading [7/7] artifacts (10.5 MiB / 15.8 MiB)
Downloading [7/7] artifacts (10.5 MiB / 15.8 MiB)
Downloading [7/7] artifacts (10.5 MiB / 15.8 MiB)
Downloading [7/7] artifacts (10.5 MiB / 15.8 MiB)
Downloading [7/7] artifacts (10.5 MiB / 15.8 MiB)
Downloading [7/7] artifacts (10.5 MiB / 15.8 MiB)
Downloading [7/7] artifacts (10.6 MiB / 15.8 MiB)
Downloading [7/7] artifacts (10.6 MiB / 15.8 MiB)
Downloading [7/7] artifacts (10.6 MiB / 15.8 MiB)
Downloading [7/7] artifacts (10.6 MiB / 15.8 MiB)
Downloading [7/7] artifacts (10.6 MiB / 15.8 MiB)
Downloading [7/7] artifacts (10.6 MiB / 15.8 MiB)
Downloading [7/7] artifacts (10.6 MiB / 15.8 MiB)
Downloading [7/7] artifacts (10.7 MiB / 15.8 MiB)
Downloading [7/7] artifacts (10.7 MiB / 15.8 MiB)
Downloading [7/7] artifacts (10.7 MiB / 15.8 MiB)
Downloading [7/7] artifacts (10.7 MiB / 15.8 MiB)
Downloading [7/7] artifacts (10.7 MiB / 15.8 MiB)
Downloading [7/7] artifacts (10.7 MiB / 15.8 MiB)
Downloading [7/7] artifacts (10.8 MiB / 15.8 MiB)
Downloading [7/7] artifacts (10.8 MiB / 15.8 MiB)
Downloading [7/7] artifacts (10.8 MiB / 15.8 MiB)
Downloading [7/7] artifacts (10.8 MiB / 15.8 MiB)
Downloading [7/7] artifacts (10.8 MiB / 15.8 MiB)
Downloading [7/7] artifacts (10.8 MiB / 15.8 MiB)
Downloading [7/7] artifacts (10.8 MiB / 15.8 MiB)
Downloading [7/7] artifacts (10.8 MiB / 15.8 MiB)
Downloading [7/7] artifacts (10.9 MiB / 15.8 MiB)
Downloading [7/7] artifacts (10.9 MiB / 15.8 MiB)
Downloading [7/7] artifacts (10.9 MiB / 15.8 MiB)
Downloading [7/7] artifacts (10.9 MiB / 15.8 MiB)
Downloading [7/7] artifacts (10.9 MiB / 15.8 MiB)
Downloading [7/7] artifacts (10.9 MiB / 15.8 MiB)
Downloading [7/7] artifacts (11.0 MiB / 15.8 MiB)
Downloading [7/7] artifacts (11.0 MiB / 15.8 MiB)
Downloading [7/7] artifacts (11.0 MiB / 15.8 MiB)
Downloading [7/7] artifacts (11.0 MiB / 15.8 MiB)
Downloading [7/7] artifacts (11.0 MiB / 15.8 MiB)
Downloading [7/7] artifacts (11.0 MiB / 15.8 MiB)
Downloading [7/7] artifacts (11.0 MiB / 15.8 MiB)
Downloading [7/7] artifacts (11.1 MiB / 15.8 MiB)
Downloading [7/7] artifacts (11.1 MiB / 15.8 MiB)
Downloading [7/7] artifacts (11.1 MiB / 15.8 MiB)
Downloading [7/7] artifacts (11.1 MiB / 15.8 MiB)
Downloading [7/7] artifacts (11.1 MiB / 15.8 MiB)
Downloading [7/7] artifacts (11.1 MiB / 15.8 MiB)
Downloading [7/7] artifacts (11.2 MiB / 15.8 MiB)
Downloading [7/7] artifacts (11.2 MiB / 15.8 MiB)
Downloading [7/7] artifacts (11.2 MiB / 15.8 MiB)
Downloading [7/7] artifacts (11.2 MiB / 15.8 MiB)
Downloading [7/7] artifacts (11.2 MiB / 15.8 MiB)
Downloading [7/7] artifacts (11.2 MiB / 15.8 MiB)
Downloading [7/7] artifacts (11.3 MiB / 15.8 MiB)
Downloading [7/7] artifacts (11.3 MiB / 15.8 MiB)
Downloading [7/7] artifacts (11.3 MiB / 15.8 MiB)
Downloading [7/7] artifacts (11.3 MiB / 15.8 MiB)
Downloading [7/7] artifacts (11.3 MiB / 15.8 MiB)
Downloading [7/7] artifacts (11.3 MiB / 15.8 MiB)
Downloading [7/7] artifacts (11.3 MiB / 15.8 MiB)
Downloading [7/7] artifacts (11.4 MiB / 15.8 MiB)
Downloading [7/7] artifacts (11.4 MiB / 15.8 MiB)
Downloading [7/7] artifacts (11.4 MiB / 15.8 MiB)
Downloading [7/7] artifacts (11.4 MiB / 15.8 MiB)
Downloading [7/7] artifacts (11.4 MiB / 15.8 MiB)
Downloading [7/7] artifacts (11.4 MiB / 15.8 MiB)
Downloading [7/7] artifacts (11.5 MiB / 15.8 MiB)
Downloading [7/7] artifacts (11.5 MiB / 15.8 MiB)
Downloading [7/7] artifacts (11.5 MiB / 15.8 MiB)
Downloading [7/7] artifacts (11.5 MiB / 15.8 MiB)
Downloading [7/7] artifacts (11.5 MiB / 15.8 MiB)
Downloading [7/7] artifacts (11.5 MiB / 15.8 MiB)
Downloading [7/7] artifacts (11.5 MiB / 15.8 MiB)
Downloading [7/7] artifacts (11.6 MiB / 15.8 MiB)
Downloading [7/7] artifacts (11.6 MiB / 15.8 MiB)
Downloading [7/7] artifacts (11.6 MiB / 15.8 MiB)
Downloading [7/7] artifacts (11.6 MiB / 15.8 MiB)
Downloading [7/7] artifacts (11.6 MiB / 15.8 MiB)
Downloading [7/7] artifacts (11.6 MiB / 15.8 MiB)
Downloading [7/7] artifacts (11.7 MiB / 15.8 MiB)
Downloading [7/7] artifacts (11.7 MiB / 15.8 MiB)
Downloading [7/7] artifacts (11.7 MiB / 15.8 MiB)
Downloading [7/7] artifacts (11.7 MiB / 15.8 MiB)
Downloading [7/7] artifacts (11.7 MiB / 15.8 MiB)
Downloading [7/7] artifacts (11.7 MiB / 15.8 MiB)
Downloading [7/7] artifacts (11.8 MiB / 15.8 MiB)
Downloading [7/7] artifacts (11.8 MiB / 15.8 MiB)
Downloading [7/7] artifacts (11.8 MiB / 15.8 MiB)
Downloading [7/7] artifacts (11.8 MiB / 15.8 MiB)
Downloading [7/7] artifacts (11.8 MiB / 15.8 MiB)
Downloading [7/7] artifacts (11.8 MiB / 15.8 MiB)
Downloading [7/7] artifacts (11.8 MiB / 15.8 MiB)
Downloading [7/7] artifacts (11.9 MiB / 15.8 MiB)
Downloading [7/7] artifacts (11.9 MiB / 15.8 MiB)
Downloading [7/7] artifacts (11.9 MiB / 15.8 MiB)
Downloading [7/7] artifacts (11.9 MiB / 15.8 MiB)
Downloading [7/7] artifacts (11.9 MiB / 15.8 MiB)
Downloading [7/7] artifacts (11.9 MiB / 15.8 MiB)
Downloading [7/7] artifacts (12.0 MiB / 15.8 MiB)
Downloading [7/7] artifacts (12.0 MiB / 15.8 MiB)
Downloading [7/7] artifacts (12.0 MiB / 15.8 MiB)
Downloading [7/7] artifacts (12.0 MiB / 15.8 MiB)
Downloading [7/7] artifacts (12.0 MiB / 15.8 MiB)
Downloading [7/7] artifacts (12.0 MiB / 15.8 MiB)
Downloading [7/7] artifacts (12.0 MiB / 15.8 MiB)
Downloading [7/7] artifacts (12.1 MiB / 15.8 MiB)
Downloading [7/7] artifacts (12.1 MiB / 15.8 MiB)
Downloading [7/7] artifacts (12.1 MiB / 15.8 MiB)
Downloading [7/7] artifacts (12.1 MiB / 15.8 MiB)
Downloading [7/7] artifacts (12.1 MiB / 15.8 MiB)
Downloading [7/7] artifacts (12.1 MiB / 15.8 MiB)
Downloading [7/7] artifacts (12.1 MiB / 15.8 MiB)
Downloading [7/7] artifacts (12.2 MiB / 15.8 MiB)
Downloading [7/7] artifacts (12.2 MiB / 15.8 MiB)
Downloading [7/7] artifacts (12.2 MiB / 15.8 MiB)
Downloading [7/7] artifacts (12.2 MiB / 15.8 MiB)
Downloading [7/7] artifacts (12.2 MiB / 15.8 MiB)
Downloading [7/7] artifacts (12.2 MiB / 15.8 MiB)
Downloading [7/7] artifacts (12.3 MiB / 15.8 MiB)
Downloading [7/7] artifacts (12.3 MiB / 15.8 MiB)
Downloading [7/7] artifacts (12.3 MiB / 15.8 MiB)
Downloading [7/7] artifacts (12.3 MiB / 15.8 MiB)
Downloading [7/7] artifacts (12.3 MiB / 15.8 MiB)
Downloading [7/7] artifacts (12.3 MiB / 15.8 MiB)
Downloading [7/7] artifacts (12.3 MiB / 15.8 MiB)
Downloading [7/7] artifacts (12.4 MiB / 15.8 MiB)
Downloading [7/7] artifacts (12.4 MiB / 15.8 MiB)
Downloading [7/7] artifacts (12.4 MiB / 15.8 MiB)
Downloading [7/7] artifacts (12.4 MiB / 15.8 MiB)
Downloading [7/7] artifacts (12.4 MiB / 15.8 MiB)
Downloading [7/7] artifacts (12.4 MiB / 15.8 MiB)
Downloading [7/7] artifacts (12.5 MiB / 15.8 MiB)
Downloading [7/7] artifacts (12.5 MiB / 15.8 MiB)
Downloading [7/7] artifacts (12.5 MiB / 15.8 MiB)
Downloading [7/7] artifacts (12.5 MiB / 15.8 MiB)
Downloading [7/7] artifacts (12.5 MiB / 15.8 MiB)
Downloading [7/7] artifacts (12.5 MiB / 15.8 MiB)
Downloading [7/7] artifacts (12.6 MiB / 15.8 MiB)
Downloading [7/7] artifacts (12.6 MiB / 15.8 MiB)
Downloading [7/7] artifacts (12.6 MiB / 15.8 MiB)
Downloading [7/7] artifacts (12.6 MiB / 15.8 MiB)
Downloading [7/7] artifacts (12.6 MiB / 15.8 MiB)
Downloading [7/7] artifacts (12.6 MiB / 15.8 MiB)
Downloading [7/7] artifacts (12.6 MiB / 15.8 MiB)
Downloading [7/7] artifacts (12.7 MiB / 15.8 MiB)
Downloading [7/7] artifacts (12.7 MiB / 15.8 MiB)
Downloading [7/7] artifacts (12.7 MiB / 15.8 MiB)
Downloading [7/7] artifacts (12.7 MiB / 15.8 MiB)
Downloading [7/7] artifacts (12.7 MiB / 15.8 MiB)
Downloading [7/7] artifacts (12.7 MiB / 15.8 MiB)
Downloading [7/7] artifacts (12.8 MiB / 15.8 MiB)
Downloading [7/7] artifacts (12.8 MiB / 15.8 MiB)
Downloading [7/7] artifacts (12.8 MiB / 15.8 MiB)
Downloading [7/7] artifacts (12.8 MiB / 15.8 MiB)
Downloading [7/7] artifacts (12.8 MiB / 15.8 MiB)
Downloading [7/7] artifacts (12.8 MiB / 15.8 MiB)
Downloading [7/7] artifacts (12.8 MiB / 15.8 MiB)
Downloading [7/7] artifacts (12.8 MiB / 15.8 MiB)
Downloading [7/7] artifacts (12.9 MiB / 15.8 MiB)
Downloading [7/7] artifacts (12.9 MiB / 15.8 MiB)
Downloading [7/7] artifacts (12.9 MiB / 15.8 MiB)
Downloading [7/7] artifacts (12.9 MiB / 15.8 MiB)
Downloading [7/7] artifacts (12.9 MiB / 15.8 MiB)
Downloading [7/7] artifacts (12.9 MiB / 15.8 MiB)
Downloading [7/7] artifacts (13.0 MiB / 15.8 MiB)
Downloading [7/7] artifacts (13.0 MiB / 15.8 MiB)
Downloading [7/7] artifacts (13.0 MiB / 15.8 MiB)
Downloading [7/7] artifacts (13.0 MiB / 15.8 MiB)
Downloading [7/7] artifacts (13.0 MiB / 15.8 MiB)
Downloading [7/7] artifacts (13.0 MiB / 15.8 MiB)
Downloading [7/7] artifacts (13.1 MiB / 15.8 MiB)
Downloading [7/7] artifacts (13.1 MiB / 15.8 MiB)
Downloading [7/7] artifacts (13.1 MiB / 15.8 MiB)
Downloading [7/7] artifacts (13.1 MiB / 15.8 MiB)
Downloading [7/7] artifacts (13.1 MiB / 15.8 MiB)
Downloading [7/7] artifacts (13.1 MiB / 15.8 MiB)
Downloading [7/7] artifacts (13.1 MiB / 15.8 MiB)
Downloading [7/7] artifacts (13.2 MiB / 15.8 MiB)
Downloading [7/7] artifacts (13.2 MiB / 15.8 MiB)
Downloading [7/7] artifacts (13.2 MiB / 15.8 MiB)
Downloading [7/7] artifacts (13.2 MiB / 15.8 MiB)
Downloading [7/7] artifacts (13.2 MiB / 15.8 MiB)
Downloading [7/7] artifacts (13.2 MiB / 15.8 MiB)
Downloading [7/7] artifacts (13.2 MiB / 15.8 MiB)
Downloading [7/7] artifacts (13.3 MiB / 15.8 MiB)
Downloading [7/7] artifacts (13.3 MiB / 15.8 MiB)
Downloading [7/7] artifacts (13.3 MiB / 15.8 MiB)
Downloading [7/7] artifacts (13.3 MiB / 15.8 MiB)
Downloading [7/7] artifacts (13.3 MiB / 15.8 MiB)
Downloading [7/7] artifacts (13.3 MiB / 15.8 MiB)
Downloading [7/7] artifacts (13.3 MiB / 15.8 MiB)
Downloading [7/7] artifacts (13.4 MiB / 15.8 MiB)
Downloading [7/7] artifacts (13.4 MiB / 15.8 MiB)
Downloading [7/7] artifacts (13.4 MiB / 15.8 MiB)
Downloading [7/7] artifacts (13.4 MiB / 15.8 MiB)
Downloading [7/7] artifacts (13.4 MiB / 15.8 MiB)
Downloading [7/7] artifacts (13.4 MiB / 15.8 MiB)
Downloading [7/7] artifacts (13.4 MiB / 15.8 MiB)
Downloading [7/7] artifacts (13.5 MiB / 15.8 MiB)
Downloading [7/7] artifacts (13.5 MiB / 15.8 MiB)
Downloading [7/7] artifacts (13.5 MiB / 15.8 MiB)
Downloading [7/7] artifacts (13.5 MiB / 15.8 MiB)
Downloading [7/7] artifacts (13.5 MiB / 15.8 MiB)
Downloading [7/7] artifacts (13.5 MiB / 15.8 MiB)
Downloading [7/7] artifacts (13.5 MiB / 15.8 MiB)
Downloading [7/7] artifacts (13.6 MiB / 15.8 MiB)
Downloading [7/7] artifacts (13.6 MiB / 15.8 MiB)
Downloading [7/7] artifacts (13.6 MiB / 15.8 MiB)
Downloading [7/7] artifacts (13.6 MiB / 15.8 MiB)
Downloading [7/7] artifacts (13.6 MiB / 15.8 MiB)
Downloading [7/7] artifacts (13.6 MiB / 15.8 MiB)
Downloading [7/7] artifacts (13.6 MiB / 15.8 MiB)
Downloading [7/7] artifacts (13.7 MiB / 15.8 MiB)
Downloading [7/7] artifacts (13.7 MiB / 15.8 MiB)
Downloading [7/7] artifacts (13.7 MiB / 15.8 MiB)
Downloading [7/7] artifacts (13.7 MiB / 15.8 MiB)
Downloading [7/7] artifacts (13.7 MiB / 15.8 MiB)
Downloading [7/7] artifacts (13.7 MiB / 15.8 MiB)
Downloading [7/7] artifacts (13.8 MiB / 15.8 MiB)
Downloading [7/7] artifacts (13.8 MiB / 15.8 MiB)
Downloading [7/7] artifacts (13.8 MiB / 15.8 MiB)
Downloading [7/7] artifacts (13.8 MiB / 15.8 MiB)
Downloading [7/7] artifacts (13.8 MiB / 15.8 MiB)
Downloading [7/7] artifacts (13.8 MiB / 15.8 MiB)
Downloading [7/7] artifacts (13.9 MiB / 15.8 MiB)
Downloading [7/7] artifacts (13.9 MiB / 15.8 MiB)
Downloading [7/7] artifacts (13.9 MiB / 15.8 MiB)
Downloading [7/7] artifacts (13.9 MiB / 15.8 MiB)
Downloading [7/7] artifacts (13.9 MiB / 15.8 MiB)
Downloading [7/7] artifacts (13.9 MiB / 15.8 MiB)
Downloading [7/7] artifacts (13.9 MiB / 15.8 MiB)
Downloading [7/7] artifacts (14.0 MiB / 15.8 MiB)
Downloading [7/7] artifacts (14.0 MiB / 15.8 MiB)
Downloading [7/7] artifacts (14.0 MiB / 15.8 MiB)
Downloading [7/7] artifacts (14.0 MiB / 15.8 MiB)
Downloading [7/7] artifacts (14.0 MiB / 15.8 MiB)
Downloading [7/7] artifacts (14.0 MiB / 15.8 MiB)
Downloading [7/7] artifacts (14.1 MiB / 15.8 MiB)
Downloading [7/7] artifacts (14.1 MiB / 15.8 MiB)
Downloading [7/7] artifacts (14.1 MiB / 15.8 MiB)
Downloading [7/7] artifacts (14.1 MiB / 15.8 MiB)
Downloading [7/7] artifacts (14.1 MiB / 15.8 MiB)
Downloading [7/7] artifacts (14.1 MiB / 15.8 MiB)
Downloading [7/7] artifacts (14.1 MiB / 15.8 MiB)
Downloading [7/7] artifacts (14.2 MiB / 15.8 MiB)
Downloading [7/7] artifacts (14.2 MiB / 15.8 MiB)
Downloading [7/7] artifacts (14.2 MiB / 15.8 MiB)
Downloading [7/7] artifacts (14.2 MiB / 15.8 MiB)
Downloading [7/7] artifacts (14.2 MiB / 15.8 MiB)
Downloading [7/7] artifacts (14.2 MiB / 15.8 MiB)
Downloading [7/7] artifacts (14.3 MiB / 15.8 MiB)
Downloading [7/7] artifacts (14.3 MiB / 15.8 MiB)
Downloading [7/7] artifacts (14.3 MiB / 15.8 MiB)
Downloading [7/7] artifacts (14.3 MiB / 15.8 MiB)
Downloading [7/7] artifacts (14.3 MiB / 15.8 MiB)
Downloading [7/7] artifacts (14.3 MiB / 15.8 MiB)
Downloading [7/7] artifacts (14.4 MiB / 15.8 MiB)
Downloading [7/7] artifacts (14.4 MiB / 15.8 MiB)
Downloading [7/7] artifacts (14.4 MiB / 15.8 MiB)
Downloading [7/7] artifacts (14.4 MiB / 15.8 MiB)
Downloading [7/7] artifacts (14.4 MiB / 15.8 MiB)
Downloading [7/7] artifacts (14.4 MiB / 15.8 MiB)
Downloading [7/7] artifacts (14.4 MiB / 15.8 MiB)
Downloading [7/7] artifacts (14.5 MiB / 15.8 MiB)
Downloading [7/7] artifacts (14.5 MiB / 15.8 MiB)
Downloading [7/7] artifacts (14.5 MiB / 15.8 MiB)
Downloading [7/7] artifacts (14.5 MiB / 15.8 MiB)
Downloading [7/7] artifacts (14.5 MiB / 15.8 MiB)
Downloading [7/7] artifacts (14.5 MiB / 15.8 MiB)
Downloading [7/7] artifacts (14.6 MiB / 15.8 MiB)
Downloading [7/7] artifacts (14.6 MiB / 15.8 MiB)
Downloading [7/7] artifacts (14.6 MiB / 15.8 MiB)
Downloading [7/7] artifacts (14.6 MiB / 15.8 MiB)
Downloading [7/7] artifacts (14.6 MiB / 15.8 MiB)
Downloading [7/7] artifacts (14.6 MiB / 15.8 MiB)
Downloading [7/7] artifacts (14.6 MiB / 15.8 MiB)
Downloading [7/7] artifacts (14.7 MiB / 15.8 MiB)
Downloading [7/7] artifacts (14.7 MiB / 15.8 MiB)
Downloading [7/7] artifacts (14.7 MiB / 15.8 MiB)
Downloading [7/7] artifacts (14.7 MiB / 15.8 MiB)
Downloading [7/7] artifacts (14.7 MiB / 15.8 MiB)
Downloading [7/7] artifacts (14.7 MiB / 15.8 MiB)
Downloading [7/7] artifacts (14.8 MiB / 15.8 MiB)
Downloading [7/7] artifacts (14.8 MiB / 15.8 MiB)
Downloading [7/7] artifacts (14.8 MiB / 15.8 MiB)
Downloading [7/7] artifacts (14.8 MiB / 15.8 MiB)
Downloading [7/7] artifacts (14.8 MiB / 15.8 MiB)
Downloading [7/7] artifacts (14.8 MiB / 15.8 MiB)
Downloading [7/7] artifacts (14.9 MiB / 15.8 MiB)
Downloading [7/7] artifacts (14.9 MiB / 15.8 MiB)
Downloading [7/7] artifacts (14.9 MiB / 15.8 MiB)
Downloading [7/7] artifacts (14.9 MiB / 15.8 MiB)
Downloading [7/7] artifacts (14.9 MiB / 15.8 MiB)
Downloading [7/7] artifacts (14.9 MiB / 15.8 MiB)
Downloading [7/7] artifacts (14.9 MiB / 15.8 MiB)
Downloading [7/7] artifacts (15.0 MiB / 15.8 MiB)
Downloading [7/7] artifacts (15.0 MiB / 15.8 MiB)
Downloading [7/7] artifacts (15.0 MiB / 15.8 MiB)
Downloading [7/7] artifacts (15.0 MiB / 15.8 MiB)
Downloading [7/7] artifacts (15.0 MiB / 15.8 MiB)
Downloading [7/7] artifacts (15.0 MiB / 15.8 MiB)
Downloading [7/7] artifacts (15.0 MiB / 15.8 MiB)
Downloading [7/7] artifacts (15.1 MiB / 15.8 MiB)
Downloading [7/7] artifacts (15.1 MiB / 15.8 MiB)
Downloading [7/7] artifacts (15.1 MiB / 15.8 MiB)
Downloading [7/7] artifacts (15.1 MiB / 15.8 MiB)
Downloading [7/7] artifacts (15.1 MiB / 15.8 MiB)
Downloading [7/7] artifacts (15.1 MiB / 15.8 MiB)
Downloading [7/7] artifacts (15.2 MiB / 15.8 MiB)
Downloading [7/7] artifacts (15.2 MiB / 15.8 MiB)
Downloading [7/7] artifacts (15.2 MiB / 15.8 MiB)
Downloading [7/7] artifacts (15.2 MiB / 15.8 MiB)
Downloading [7/7] artifacts (15.2 MiB / 15.8 MiB)
Downloading [7/7] artifacts (15.2 MiB / 15.8 MiB)
Downloading [7/7] artifacts (15.2 MiB / 15.8 MiB)
Downloading [7/7] artifacts (15.3 MiB / 15.8 MiB)
Downloading [7/7] artifacts (15.3 MiB / 15.8 MiB)
Downloading [7/7] artifacts (15.3 MiB / 15.8 MiB)
Downloading [7/7] artifacts (15.3 MiB / 15.8 MiB)
Downloading [7/7] artifacts (15.3 MiB / 15.8 MiB)
Downloading [7/7] artifacts (15.3 MiB / 15.8 MiB)
Downloading [7/7] artifacts (15.3 MiB / 15.8 MiB)
Downloading [7/7] artifacts (15.4 MiB / 15.8 MiB)
Downloading [7/7] artifacts (15.4 MiB / 15.8 MiB)
Downloading [7/7] artifacts (15.4 MiB / 15.8 MiB)
Downloading [7/7] artifacts (15.4 MiB / 15.8 MiB)
Downloading [7/7] artifacts (15.4 MiB / 15.8 MiB)
Downloading [7/7] artifacts (15.4 MiB / 15.8 MiB)
Downloading [7/7] artifacts (15.4 MiB / 15.8 MiB)
Downloading [7/7] artifacts (15.5 MiB / 15.8 MiB)
Downloading [7/7] artifacts (15.5 MiB / 15.8 MiB)
Downloading [7/7] artifacts (15.5 MiB / 15.8 MiB)
Downloading [7/7] artifacts (15.5 MiB / 15.8 MiB)
Downloading [7/7] artifacts (15.5 MiB / 15.8 MiB)
Downloading [7/7] artifacts (15.5 MiB / 15.8 MiB)
Downloading [7/7] artifacts (15.5 MiB / 15.8 MiB)
Downloading [7/7] artifacts (15.5 MiB / 15.8 MiB)
Downloading [7/7] artifacts (15.6 MiB / 15.8 MiB)
Downloading [7/7] artifacts (15.6 MiB / 15.8 MiB)
Downloading [7/7] artifacts (15.6 MiB / 15.8 MiB)
Downloading [7/7] artifacts (15.6 MiB / 15.8 MiB)
Downloading [7/7] artifacts (15.6 MiB / 15.8 MiB)
Downloading [7/7] artifacts (15.6 MiB / 15.8 MiB)
Downloading [7/7] artifacts (15.7 MiB / 15.8 MiB)
Downloading [7/7] artifacts (15.7 MiB / 15.8 MiB)
Downloading [7/7] artifacts (15.7 MiB / 15.8 MiB)
Downloading [7/7] artifacts (15.7 MiB / 15.8 MiB)
Downloading [7/7] artifacts (15.7 MiB / 15.8 MiB)
Downloading [7/7] artifacts (15.7 MiB / 15.8 MiB)
Downloading [7/7] artifacts (15.7 MiB / 15.8 MiB)
Downloading [7/7] artifacts (15.8 MiB / 15.8 MiB)
Downloading [7/7] artifacts (15.8 MiB / 15.8 MiB)
