Downloading [1/1] artifacts (0 B / 0 B)
Downloading [1/1] artifacts (0 B / 2.4 KiB)
Downloading [1/1] artifacts (909 B / 2.4 KiB)
Downloading [1/1] artifacts (2.2 KiB / 2.4 KiB)
Downloading [1/1] artifacts (2.4 KiB / 2.4 KiB)
Downloading [1/1] artifacts (2.4 KiB / 2.4 KiB)
Downloading [2/2] artifacts (2.4 KiB / 2.4 KiB)
Downloading [2/2] artifacts (2.4 KiB / 7.9 KiB)
Downloading [2/2] artifacts (3.3 KiB / 7.9 KiB)
Downloading [2/2] artifacts (4.7 KiB / 7.9 KiB)
Downloading [2/2] artifacts (6.0 KiB / 7.9 KiB)
Downloading [2/2] artifacts (7.3 KiB / 7.9 KiB)
Downloading [2/2] artifacts (7.9 KiB / 7.9 KiB)
Downloading [2/2] artifacts (7.9 KiB / 7.9 KiB)
Downloading [3/3] artifacts (7.9 KiB / 7.9 KiB)
Downloading [4/4] artifacts (7.9 KiB / 7.9 KiB)
Downloading [5/5] artifacts (7.9 KiB / 7.9 KiB)
Downloading [5/5] artifacts (7.9 KiB / 10.0 KiB)
Downloading [5/5] artifacts (7.9 KiB / 12.6 KiB)
Downloading [5/5] artifacts (7.9 KiB / 14.3 KiB)
Downloading [5/5] artifacts (8.8 KiB / 14.3 KiB)
Downloading [5/5] artifacts (10.1 KiB / 14.3 KiB)
Downloading [5/5] artifacts (10.5 KiB / 14.3 KiB)
Downloading [5/5] artifacts (10.5 KiB / 14.3 KiB)
Downloading [5/5] artifacts (12.6 KiB / 14.3 KiB)
Downloading [5/5] artifacts (12.6 KiB / 14.3 KiB)
Downloading [5/5] artifacts (14.3 KiB / 14.3 KiB)
Downloading [5/5] artifacts (14.3 KiB / 14.3 KiB)
Downloading [6/6] artifacts (14.3 KiB / 14.3 KiB)
Downloading [7/7] artifacts (14.3 KiB / 14.3 KiB)
Downloading [8/8] artifacts (14.3 KiB / 14.3 KiB)
Downloading [9/9] artifacts (14.3 KiB / 14.3 KiB)
Downloading [9/9] artifacts (14.3 KiB / 16.5 KiB)
Downloading [9/9] artifacts (14.3 KiB / 18.4 KiB)
Downloading [9/9] artifacts (14.3 KiB / 20.4 KiB)
Downloading [9/9] artifacts (14.3 KiB / 22.4 KiB)
Downloading [9/9] artifacts (15.2 KiB / 22.4 KiB)
Downloading [9/9] artifacts (16.5 KiB / 22.4 KiB)
Downloading [9/9] artifacts (16.5 KiB / 22.4 KiB)
Downloading [9/9] artifacts (16.5 KiB / 22.4 KiB)
Downloading [9/9] artifacts (17.4 KiB / 22.4 KiB)
Downloading [9/9] artifacts (18.4 KiB / 22.4 KiB)
Downloading [9/9] artifacts (18.4 KiB / 22.4 KiB)
Downloading [9/9] artifacts (20.5 KiB / 22.4 KiB)
Downloading [9/9] artifacts (20.5 KiB / 22.4 KiB)
Downloading [9/9] artifacts (22.4 KiB / 22.4 KiB)
Downloading [9/9] artifacts (22.4 KiB / 22.4 KiB)
Downloading [10/10] artifacts (22.4 KiB / 22.4 KiB)
Downloading [10/10] artifacts (22.4 KiB / 24.5 KiB)
Downloading [10/10] artifacts (23.3 KiB / 24.5 KiB)
Downloading [10/10] artifacts (24.5 KiB / 24.5 KiB)
Downloading [10/10] artifacts (24.5 KiB / 24.5 KiB)
Downloading [1/1] artifacts (0 B / 0 B)
Downloading [2/2] artifacts (0 B / 0 B)
Downloading [3/3] artifacts (0 B / 0 B)
Downloading [4/4] artifacts (0 B / 0 B)
Downloading [4/4] artifacts (0 B / 705.8 KiB)
Downloading [4/4] artifacts (0 B / 763.9 KiB)
Downloading [4/4] artifacts (890 B / 763.9 KiB)
Downloading [4/4] artifacts (2.2 KiB / 763.9 KiB)
Downloading [4/4] artifacts (3.5 KiB / 763.9 KiB)
Downloading [4/4] artifacts (4.9 KiB / 763.9 KiB)
Downloading [4/4] artifacts (6.2 KiB / 763.9 KiB)
Downloading [4/4] artifacts (7.6 KiB / 763.9 KiB)
Downloading [4/4] artifacts (8.0 KiB / 763.9 KiB)
Downloading [4/4] artifacts (9.3 KiB / 763.9 KiB)
Downloading [4/4] artifacts (10.7 KiB / 763.9 KiB)
Downloading [4/4] artifacts (12.0 KiB / 763.9 KiB)
Downloading [4/4] artifacts (13.3 KiB / 763.9 KiB)
Downloading [4/4] artifacts (14.7 KiB / 763.9 KiB)
Downloading [4/4] artifacts (16.0 KiB / 763.9 KiB)
Downloading [4/4] artifacts (17.4 KiB / 763.9 KiB)
Downloading [4/4] artifacts (18.7 KiB / 763.9 KiB)
Downloading [4/4] artifacts (20.0 KiB / 763.9 KiB)
Downloading [4/4] artifacts (21.4 KiB / 763.9 KiB)
Downloading [4/4] artifacts (22.7 KiB / 763.9 KiB)
Downloading [4/4] artifacts (24.0 KiB / 763.9 KiB)
Downloading [4/4] artifacts (25.4 KiB / 763.9 KiB)
Downloading [4/4] artifacts (26.7 KiB / 763.9 KiB)
Downloading [4/4] artifacts (28.1 KiB / 763.9 KiB)
Downloading [4/4] artifacts (29.4 KiB / 763.9 KiB)
Downloading [4/4] artifacts (30.7 KiB / 763.9 KiB)
Downloading [4/4] artifacts (32.1 KiB / 763.9 KiB)
Downloading [4/4] artifacts (33.4 KiB / 763.9 KiB)
Downloading [4/4] artifacts (34.7 KiB / 763.9 KiB)
Downloading [4/4] artifacts (36.1 KiB / 763.9 KiB)
Downloading [4/4] artifacts (37.4 KiB / 763.9 KiB)
Downloading [4/4] artifacts (38.7 KiB / 763.9 KiB)
Downloading [4/4] artifacts (40.1 KiB / 763.9 KiB)
Downloading [4/4] artifacts (41.4 KiB / 763.9 KiB)
Downloading [4/4] artifacts (45.6 KiB / 763.9 KiB)
Downloading [4/4] artifacts (49.7 KiB / 763.9 KiB)
Downloading [4/4] artifacts (53.8 KiB / 763.9 KiB)
Downloading [5/5] artifacts (53.8 KiB / 763.9 KiB)
Downloading [5/5] artifacts (54.7 KiB / 763.9 KiB)
Downloading [5/5] artifacts (56.0 KiB / 763.9 KiB)
Downloading [5/5] artifacts (57.4 KiB / 763.9 KiB)
Downloading [5/5] artifacts (58.7 KiB / 763.9 KiB)
Downloading [5/5] artifacts (60.0 KiB / 763.9 KiB)
Downloading [5/5] artifacts (61.4 KiB / 763.9 KiB)
Downloading [5/5] artifacts (62.7 KiB / 763.9 KiB)
Downloading [5/5] artifacts (64.0 KiB / 763.9 KiB)
Downloading [5/5] artifacts (65.4 KiB / 763.9 KiB)
Downloading [5/5] artifacts (66.7 KiB / 763.9 KiB)
Downloading [5/5] artifacts (68.1 KiB / 763.9 KiB)
Downloading [5/5] artifacts (69.4 KiB / 763.9 KiB)
Downloading [5/5] artifacts (70.7 KiB / 763.9 KiB)
Downloading [5/5] artifacts (72.1 KiB / 763.9 KiB)
Downloading [5/5] artifacts (73.4 KiB / 763.9 KiB)
Downloading [5/5] artifacts (74.7 KiB / 763.9 KiB)
Downloading [5/5] artifacts (76.1 KiB / 763.9 KiB)
Downloading [5/5] artifacts (77.4 KiB / 763.9 KiB)
Downloading [5/5] artifacts (78.7 KiB / 763.9 KiB)
Downloading [5/5] artifacts (80.0 KiB / 763.9 KiB)
Downloading [5/5] artifacts (81.4 KiB / 763.9 KiB)
Downloading [5/5] artifacts (82.7 KiB / 763.9 KiB)
Downloading [5/5] artifacts (84.0 KiB / 763.9 KiB)
Downloading [5/5] artifacts (85.4 KiB / 763.9 KiB)
Downloading [5/5] artifacts (86.7 KiB / 763.9 KiB)
Downloading [5/5] artifacts (88.1 KiB / 763.9 KiB)
Downloading [5/5] artifacts (89.4 KiB / 763.9 KiB)
Downloading [5/5] artifacts (90.7 KiB / 763.9 KiB)
Downloading [5/5] artifacts (92.1 KiB / 763.9 KiB)
Downloading [5/5] artifacts (93.4 KiB / 763.9 KiB)
Downloading [5/5] artifacts (94.7 KiB / 763.9 KiB)
Downloading [5/5] artifacts (96.1 KiB / 763.9 KiB)
Downloading [5/5] artifacts (97.4 KiB / 763.9 KiB)
Downloading [5/5] artifacts (98.7 KiB / 763.9 KiB)
Downloading [5/5] artifacts (100.1 KiB / 763.9 KiB)
Downloading [5/5] artifacts (101.4 KiB / 763.9 KiB)
Downloading [5/5] artifacts (102.8 KiB / 763.9 KiB)
Downloading [5/5] artifacts (104.1 KiB / 763.9 KiB)
Downloading [5/5] artifacts (105.4 KiB / 763.9 KiB)
Downloading [5/5] artifacts (109.6 KiB / 763.9 KiB)
Downloading [5/5] artifacts (111.9 KiB / 763.9 KiB)
Downloading [5/5] artifacts (111.9 KiB / 763.9 KiB)
Downloading [6/6] artifacts (111.9 KiB / 763.9 KiB)
Downloading [7/7] artifacts (111.9 KiB / 763.9 KiB)
Downloading [7/7] artifacts (111.9 KiB / 798.9 KiB)
Downloading [7/7] artifacts (116.0 KiB / 798.9 KiB)
Downloading [7/7] artifacts (120.2 KiB / 798.9 KiB)
Downloading [7/7] artifacts (124.3 KiB / 798.9 KiB)
Downloading [7/7] artifacts (139.6 KiB / 798.9 KiB)
Downloading [7/7] artifacts (155.6 KiB / 798.9 KiB)
Downloading [7/7] artifacts (159.4 KiB / 798.9 KiB)
Downloading [7/7] artifacts (159.4 KiB / 798.9 KiB)
Downloading [8/8] artifacts (159.4 KiB / 798.9 KiB)
Downloading [8/8] artifacts (163.5 KiB / 798.9 KiB)
Downloading [8/8] artifacts (167.6 KiB / 798.9 KiB)
Downloading [8/8] artifacts (171.8 KiB / 798.9 KiB)
Downloading [8/8] artifacts (175.9 KiB / 798.9 KiB)
Downloading [8/8] artifacts (180.0 KiB / 798.9 KiB)
Downloading [8/8] artifacts (184.2 KiB / 798.9 KiB)
Downloading [8/8] artifacts (188.3 KiB / 798.9 KiB)
Downloading [8/8] artifacts (192.4 KiB / 798.9 KiB)
Downloading [8/8] artifacts (196.5 KiB / 798.9 KiB)
Downloading [8/8] artifacts (200.7 KiB / 798.9 KiB)
Downloading [8/8] artifacts (204.8 KiB / 798.9 KiB)
Downloading [8/8] artifacts (208.9 KiB / 798.9 KiB)
Downloading [8/8] artifacts (208.9 KiB / 808.2 KiB)
Downloading [8/8] artifacts (213.1 KiB / 808.2 KiB)
Downloading [8/8] artifacts (213.1 KiB / 941.5 KiB)
Downloading [8/8] artifacts (217.2 KiB / 941.5 KiB)
Downloading [8/8] artifacts (217.2 KiB / 5.8 MiB)
Downloading [8/8] artifacts (221.3 KiB / 5.8 MiB)
Downloading [8/8] artifacts (225.5 KiB / 5.8 MiB)
Downloading [8/8] artifacts (229.2 KiB / 5.8 MiB)
Downloading [8/8] artifacts (233.3 KiB / 5.8 MiB)
Downloading [8/8] artifacts (237.4 KiB / 5.8 MiB)
Downloading [8/8] artifacts (241.6 KiB / 5.8 MiB)
Downloading [8/8] artifacts (245.7 KiB / 5.8 MiB)
Downloading [8/8] artifacts (249.8 KiB / 5.8 MiB)
Downloading [8/8] artifacts (254.0 KiB / 5.8 MiB)
Downloading [8/8] artifacts (258.1 KiB / 5.8 MiB)
Downloading [8/8] artifacts (262.2 KiB / 5.8 MiB)
Downloading [8/8] artifacts (266.3 KiB / 5.8 MiB)
Downloading [8/8] artifacts (270.5 KiB / 5.8 MiB)
Downloading [8/8] artifacts (274.6 KiB / 5.8 MiB)
Downloading [8/8] artifacts (278.7 KiB / 5.8 MiB)
Downloading [8/8] artifacts (282.9 KiB / 5.8 MiB)
Downloading [8/8] artifacts (286.5 KiB / 5.8 MiB)
Downloading [8/8] artifacts (290.7 KiB / 5.8 MiB)
Downloading [8/8] artifacts (290.9 KiB / 5.8 MiB)
Downloading [8/8] artifacts (295.0 KiB / 5.8 MiB)
Downloading [8/8] artifacts (299.1 KiB / 5.8 MiB)
Downloading [8/8] artifacts (303.3 KiB / 5.8 MiB)
Downloading [8/8] artifacts (307.4 KiB / 5.8 MiB)
Downloading [8/8] artifacts (311.5 KiB / 5.8 MiB)
Downloading [8/8] artifacts (315.6 KiB / 5.8 MiB)
Downloading [8/8] artifacts (319.8 KiB / 5.8 MiB)
Downloading [8/8] artifacts (323.9 KiB / 5.8 MiB)
Downloading [8/8] artifacts (328.0 KiB / 5.8 MiB)
Downloading [8/8] artifacts (328.9 KiB / 5.8 MiB)
Downloading [8/8] artifacts (330.2 KiB / 5.8 MiB)
Downloading [8/8] artifacts (334.4 KiB / 5.8 MiB)
Downloading [8/8] artifacts (335.5 KiB / 5.8 MiB)
Downloading [8/8] artifacts (336.8 KiB / 5.8 MiB)
Downloading [8/8] artifacts (340.9 KiB / 5.8 MiB)
Downloading [8/8] artifacts (342.3 KiB / 5.8 MiB)
Downloading [8/8] artifacts (343.6 KiB / 5.8 MiB)
Downloading [8/8] artifacts (344.9 KiB / 5.8 MiB)
Downloading [8/8] artifacts (345.5 KiB / 5.8 MiB)
Downloading [8/8] artifacts (345.5 KiB / 5.8 MiB)
Downloading [9/9] artifacts (345.5 KiB / 5.8 MiB)
Downloading [9/9] artifacts (346.8 KiB / 5.8 MiB)
Downloading [9/9] artifacts (348.2 KiB / 5.8 MiB)
Downloading [9/9] artifacts (349.5 KiB / 5.8 MiB)
Downloading [9/9] artifacts (350.9 KiB / 5.8 MiB)
Downloading [9/9] artifacts (352.2 KiB / 5.8 MiB)
Downloading [9/9] artifacts (353.5 KiB / 5.8 MiB)
Downloading [9/9] artifacts (354.8 KiB / 5.8 MiB)
Downloading [9/9] artifacts (356.2 KiB / 5.8 MiB)
Downloading [9/9] artifacts (357.5 KiB / 5.8 MiB)
Downloading [9/9] artifacts (358.9 KiB / 5.8 MiB)
Downloading [9/9] artifacts (360.2 KiB / 5.8 MiB)
Downloading [9/9] artifacts (361.5 KiB / 5.8 MiB)
Downloading [9/9] artifacts (362.9 KiB / 5.8 MiB)
Downloading [9/9] artifacts (364.2 KiB / 5.8 MiB)
Downloading [9/9] artifacts (365.5 KiB / 5.8 MiB)
Downloading [9/9] artifacts (366.9 KiB / 5.8 MiB)
Downloading [9/9] artifacts (368.2 KiB / 5.8 MiB)
Downloading [9/9] artifacts (369.6 KiB / 5.8 MiB)
Downloading [9/9] artifacts (370.9 KiB / 5.8 MiB)
Downloading [9/9] artifacts (372.2 KiB / 5.8 MiB)
Downloading [9/9] artifacts (373.6 KiB / 5.8 MiB)
Downloading [9/9] artifacts (374.9 KiB / 5.8 MiB)
Downloading [9/9] artifacts (376.2 KiB / 5.8 MiB)
Downloading [9/9] artifacts (377.6 KiB / 5.8 MiB)
Downloading [9/9] artifacts (378.9 KiB / 5.8 MiB)
Downloading [9/9] artifacts (380.2 KiB / 5.8 MiB)
Downloading [9/9] artifacts (381.6 KiB / 5.8 MiB)
Downloading [9/9] artifacts (382.9 KiB / 5.8 MiB)
Downloading [9/9] artifacts (384.3 KiB / 5.8 MiB)
Downloading [9/9] artifacts (385.6 KiB / 5.8 MiB)
Downloading [9/9] artifacts (386.9 KiB / 5.8 MiB)
Downloading [9/9] artifacts (388.3 KiB / 5.8 MiB)
Downloading [9/9] artifacts (389.6 KiB / 5.8 MiB)
Downloading [9/9] artifacts (390.9 KiB / 5.8 MiB)
Downloading [9/9] artifacts (392.3 KiB / 5.8 MiB)
Downloading [9/9] artifacts (393.5 KiB / 5.8 MiB)
Downloading [9/9] artifacts (394.8 KiB / 5.8 MiB)
Downloading [9/9] artifacts (396.2 KiB / 5.8 MiB)
Downloading [9/9] artifacts (397.5 KiB / 5.8 MiB)
Downloading [9/9] artifacts (401.7 KiB / 5.8 MiB)
Downloading [9/9] artifacts (405.8 KiB / 5.8 MiB)
Downloading [9/9] artifacts (421.8 KiB / 5.8 MiB)
Downloading [9/9] artifacts (437.8 KiB / 5.8 MiB)
Downloading [9/9] artifacts (453.8 KiB / 5.8 MiB)
Downloading [9/9] artifacts (457.9 KiB / 5.8 MiB)
Downloading [9/9] artifacts (462.0 KiB / 5.8 MiB)
Downloading [9/9] artifacts (466.2 KiB / 5.8 MiB)
Downloading [9/9] artifacts (470.3 KiB / 5.8 MiB)
Downloading [9/9] artifacts (472.9 KiB / 5.8 MiB)
Downloading [9/9] artifacts (477.0 KiB / 5.8 MiB)
Downloading [9/9] artifacts (481.1 KiB / 5.8 MiB)
Downloading [9/9] artifacts (485.3 KiB / 5.8 MiB)
Downloading [9/9] artifacts (489.4 KiB / 5.8 MiB)
Downloading [9/9] artifacts (493.5 KiB / 5.8 MiB)
Downloading [9/9] artifacts (497.7 KiB / 5.8 MiB)
Downloading [9/9] artifacts (501.8 KiB / 5.8 MiB)
Downloading [9/9] artifacts (505.9 KiB / 5.8 MiB)
Downloading [9/9] artifacts (510.0 KiB / 5.8 MiB)
Downloading [9/9] artifacts (519.8 KiB / 5.8 MiB)
Downloading [9/9] artifacts (524.0 KiB / 5.8 MiB)
Downloading [9/9] artifacts (528.1 KiB / 5.8 MiB)
Downloading [9/9] artifacts (532.2 KiB / 5.8 MiB)
Downloading [9/9] artifacts (548.2 KiB / 5.8 MiB)
Downloading [9/9] artifacts (552.4 KiB / 5.8 MiB)
Downloading [9/9] artifacts (568.4 KiB / 5.8 MiB)
Downloading [9/9] artifacts (584.4 KiB / 5.8 MiB)
Downloading [9/9] artifacts (588.5 KiB / 5.8 MiB)
Downloading [9/9] artifacts (592.6 KiB / 5.8 MiB)
Downloading [9/9] artifacts (596.7 KiB / 5.8 MiB)
Downloading [9/9] artifacts (600.9 KiB / 5.8 MiB)
Downloading [9/9] artifacts (605.0 KiB / 5.8 MiB)
Downloading [9/9] artifacts (608.0 KiB / 5.8 MiB)
Downloading [9/9] artifacts (624.0 KiB / 5.8 MiB)
Downloading [9/9] artifacts (624.0 KiB / 7.3 MiB)
Downloading [9/9] artifacts (624.0 KiB / 7.3 MiB)
Downloading [9/9] artifacts (640.0 KiB / 7.3 MiB)
Downloading [10/10] artifacts (640.0 KiB / 7.3 MiB)
Downloading [10/10] artifacts (656.0 KiB / 7.3 MiB)
Downloading [10/10] artifacts (672.0 KiB / 7.3 MiB)
Downloading [10/10] artifacts (676.1 KiB / 7.3 MiB)
Downloading [10/10] artifacts (680.2 KiB / 7.3 MiB)
Downloading [10/10] artifacts (684.4 KiB / 7.3 MiB)
Downloading [10/10] artifacts (688.5 KiB / 7.3 MiB)
Downloading [10/10] artifacts (692.6 KiB / 7.3 MiB)
Downloading [10/10] artifacts (696.8 KiB / 7.3 MiB)
Downloading [10/10] artifacts (700.9 KiB / 7.3 MiB)
Downloading [10/10] artifacts (705.0 KiB / 7.3 MiB)
Downloading [10/10] artifacts (705.0 KiB / 7.3 MiB)
Downloading [10/10] artifacts (721.0 KiB / 7.3 MiB)
Downloading [10/10] artifacts (737.0 KiB / 7.3 MiB)
Downloading [10/10] artifacts (753.0 KiB / 7.3 MiB)
Downloading [10/10] artifacts (769.0 KiB / 7.3 MiB)
Downloading [10/10] artifacts (785.0 KiB / 7.3 MiB)
Downloading [10/10] artifacts (801.0 KiB / 7.3 MiB)
Downloading [10/10] artifacts (817.0 KiB / 7.3 MiB)
Downloading [10/10] artifacts (833.0 KiB / 7.3 MiB)
Downloading [10/10] artifacts (837.2 KiB / 7.3 MiB)
Downloading [10/10] artifacts (841.0 KiB / 7.3 MiB)
Downloading [10/10] artifacts (845.2 KiB / 7.3 MiB)
Downloading [10/10] artifacts (849.0 KiB / 7.3 MiB)
Downloading [10/10] artifacts (853.2 KiB / 7.3 MiB)
Downloading [10/10] artifacts (853.2 KiB / 7.4 MiB)
Downloading [10/10] artifacts (869.2 KiB / 7.4 MiB)
Downloading [10/10] artifacts (885.2 KiB / 7.4 MiB)
Downloading [10/10] artifacts (901.2 KiB / 7.4 MiB)
Downloading [10/10] artifacts (917.2 KiB / 7.4 MiB)
Downloading [10/10] artifacts (929.0 KiB / 7.4 MiB)
Downloading [10/10] artifacts (945.0 KiB / 7.4 MiB)
Downloading [10/10] artifacts (961.0 KiB / 7.4 MiB)
Downloading [10/10] artifacts (977.0 KiB / 7.4 MiB)
Downloading [10/10] artifacts (993.0 KiB / 7.4 MiB)
Downloading [10/10] artifacts (1009.0 KiB / 7.4 MiB)
Downloading [10/10] artifacts (1.0 MiB / 7.4 MiB)
Downloading [10/10] artifacts (1.0 MiB / 7.4 MiB)
Downloading [10/10] artifacts (1.0 MiB / 7.4 MiB)
Downloading [10/10] artifacts (1.0 MiB / 7.4 MiB)
Downloading [10/10] artifacts (1.1 MiB / 7.4 MiB)
Downloading [10/10] artifacts (1.1 MiB / 7.4 MiB)
Downloading [10/10] artifacts (1.1 MiB / 7.4 MiB)
Downloading [10/10] artifacts (1.1 MiB / 7.4 MiB)
Downloading [10/10] artifacts (1.1 MiB / 7.4 MiB)
Downloading [10/10] artifacts (1.1 MiB / 7.4 MiB)
Downloading [10/10] artifacts (1.1 MiB / 7.4 MiB)
Downloading [10/10] artifacts (1.1 MiB / 7.4 MiB)
Downloading [10/10] artifacts (1.1 MiB / 7.4 MiB)
Downloading [10/10] artifacts (1.2 MiB / 7.4 MiB)
Downloading [10/10] artifacts (1.2 MiB / 7.4 MiB)
Downloading [10/10] artifacts (1.2 MiB / 7.4 MiB)
Downloading [10/10] artifacts (1.2 MiB / 7.4 MiB)
Downloading [10/10] artifacts (1.2 MiB / 7.4 MiB)
Downloading [10/10] artifacts (1.2 MiB / 7.4 MiB)
Downloading [10/10] artifacts (1.2 MiB / 7.4 MiB)
Downloading [10/10] artifacts (1.2 MiB / 7.4 MiB)
Downloading [10/10] artifacts (1.2 MiB / 7.4 MiB)
Downloading [10/10] artifacts (1.2 MiB / 7.4 MiB)
Downloading [10/10] artifacts (1.2 MiB / 7.4 MiB)
Downloading [10/10] artifacts (1.2 MiB / 7.4 MiB)
Downloading [10/10] artifacts (1.2 MiB / 7.4 MiB)
Downloading [10/10] artifacts (1.3 MiB / 7.4 MiB)
Downloading [10/10] artifacts (1.3 MiB / 7.4 MiB)
Downloading [10/10] artifacts (1.3 MiB / 7.4 MiB)
Downloading [10/10] artifacts (1.3 MiB / 7.4 MiB)
Downloading [10/10] artifacts (1.3 MiB / 7.4 MiB)
Downloading [10/10] artifacts (1.3 MiB / 7.4 MiB)
Downloading [10/10] artifacts (1.3 MiB / 7.4 MiB)
Downloading [10/10] artifacts (1.3 MiB / 7.4 MiB)
Downloading [10/10] artifacts (1.3 MiB / 7.4 MiB)
Downloading [10/10] artifacts (1.3 MiB / 7.4 MiB)
Downloading [10/10] artifacts (1.3 MiB / 7.4 MiB)
Downloading [10/10] artifacts (1.3 MiB / 7.4 MiB)
Downloading [10/10] artifacts (1.3 MiB / 7.4 MiB)
Downloading [10/10] artifacts (1.3 MiB / 7.4 MiB)
Downloading [10/10] artifacts (1.3 MiB / 7.4 MiB)
Downloading [10/10] artifacts (1.3 MiB / 7.4 MiB)
Downloading [10/10] artifacts (1.3 MiB / 7.4 MiB)
Downloading [10/10] artifacts (1.3 MiB / 7.4 MiB)
Downloading [10/10] artifacts (1.3 MiB / 7.4 MiB)
Downloading [10/10] artifacts (1.3 MiB / 7.4 MiB)
Downloading [10/10] artifacts (1.3 MiB / 7.4 MiB)
Downloading [10/10] artifacts (1.3 MiB / 7.4 MiB)
Downloading [10/10] artifacts (1.3 MiB / 7.4 MiB)
Downloading [10/10] artifacts (1.3 MiB / 7.4 MiB)
Downloading [10/10] artifacts (1.3 MiB / 7.4 MiB)
Downloading [10/10] artifacts (1.3 MiB / 7.4 MiB)
Downloading [10/10] artifacts (1.3 MiB / 7.4 MiB)
Downloading [10/10] artifacts (1.3 MiB / 7.4 MiB)
Downloading [10/10] artifacts (1.3 MiB / 7.4 MiB)
Downloading [10/10] artifacts (1.3 MiB / 7.4 MiB)
Downloading [10/10] artifacts (1.3 MiB / 7.4 MiB)
Downloading [10/10] artifacts (1.3 MiB / 7.4 MiB)
Downloading [10/10] artifacts (1.3 MiB / 7.4 MiB)
Downloading [10/10] artifacts (1.4 MiB / 7.4 MiB)
Downloading [10/10] artifacts (1.4 MiB / 7.4 MiB)
Downloading [10/10] artifacts (1.4 MiB / 7.4 MiB)
Downloading [10/10] artifacts (1.4 MiB / 7.4 MiB)
Downloading [10/10] artifacts (1.4 MiB / 7.4 MiB)
Downloading [10/10] artifacts (1.4 MiB / 7.4 MiB)
Downloading [10/10] artifacts (1.4 MiB / 7.4 MiB)
Downloading [10/10] artifacts (1.5 MiB / 7.4 MiB)
Downloading [10/10] artifacts (1.5 MiB / 7.4 MiB)
Downloading [10/10] artifacts (1.5 MiB / 9.0 MiB)
Downloading [10/10] artifacts (1.5 MiB / 9.0 MiB)
Downloading [10/10] artifacts (1.5 MiB / 9.0 MiB)
Downloading [10/10] artifacts (1.5 MiB / 9.0 MiB)
Downloading [10/10] artifacts (1.5 MiB / 9.0 MiB)
Downloading [10/10] artifacts (1.5 MiB / 9.0 MiB)
Downloading [10/10] artifacts (1.5 MiB / 9.0 MiB)
Downloading [10/10] artifacts (1.5 MiB / 9.0 MiB)
Downloading [10/10] artifacts (1.6 MiB / 9.0 MiB)
Downloading [10/10] artifacts (1.6 MiB / 9.0 MiB)
Downloading [10/10] artifacts (1.6 MiB / 9.0 MiB)
Downloading [10/10] artifacts (1.6 MiB / 9.0 MiB)
Downloading [10/10] artifacts (1.6 MiB / 9.0 MiB)
Downloading [10/10] artifacts (1.6 MiB / 9.0 MiB)
Downloading [10/10] artifacts (1.6 MiB / 9.0 MiB)
Downloading [10/10] artifacts (1.6 MiB / 9.0 MiB)
Downloading [10/10] artifacts (1.6 MiB / 9.0 MiB)
Downloading [10/10] artifacts (1.6 MiB / 9.0 MiB)
Downloading [10/10] artifacts (1.6 MiB / 9.0 MiB)
Downloading [10/10] artifacts (1.7 MiB / 9.0 MiB)
Downloading [10/10] artifacts (1.7 MiB / 9.0 MiB)
Downloading [10/10] artifacts (1.7 MiB / 9.0 MiB)
Downloading [10/10] artifacts (1.7 MiB / 9.0 MiB)
Downloading [10/10] artifacts (1.7 MiB / 9.0 MiB)
Downloading [10/10] artifacts (1.7 MiB / 9.0 MiB)
Downloading [10/10] artifacts (1.7 MiB / 9.0 MiB)
Downloading [10/10] artifacts (1.7 MiB / 9.0 MiB)
Downloading [10/10] artifacts (1.7 MiB / 9.0 MiB)
Downloading [10/10] artifacts (1.7 MiB / 9.0 MiB)
Downloading [10/10] artifacts (1.7 MiB / 9.0 MiB)
Downloading [10/10] artifacts (1.7 MiB / 9.0 MiB)
Downloading [10/10] artifacts (1.7 MiB / 9.0 MiB)
Downloading [10/10] artifacts (1.7 MiB / 9.0 MiB)
Downloading [10/10] artifacts (1.8 MiB / 9.0 MiB)
Downloading [10/10] artifacts (1.8 MiB / 9.0 MiB)
Downloading [10/10] artifacts (1.8 MiB / 9.0 MiB)
Downloading [10/10] artifacts (1.8 MiB / 9.0 MiB)
Downloading [10/10] artifacts (1.8 MiB / 9.0 MiB)
Downloading [10/10] artifacts (1.8 MiB / 9.0 MiB)
Downloading [10/10] artifacts (1.8 MiB / 9.0 MiB)
Downloading [10/10] artifacts (1.9 MiB / 9.0 MiB)
Downloading [10/10] artifacts (1.9 MiB / 9.0 MiB)
Downloading [10/10] artifacts (1.9 MiB / 9.0 MiB)
Downloading [10/10] artifacts (1.9 MiB / 9.0 MiB)
Downloading [10/10] artifacts (1.9 MiB / 9.0 MiB)
Downloading [10/10] artifacts (1.9 MiB / 9.0 MiB)
Downloading [10/10] artifacts (1.9 MiB / 9.0 MiB)
Downloading [10/10] artifacts (2.0 MiB / 9.0 MiB)
Downloading [10/10] artifacts (2.0 MiB / 9.0 MiB)
Downloading [10/10] artifacts (2.0 MiB / 9.0 MiB)
Downloading [10/10] artifacts (2.0 MiB / 9.0 MiB)
Downloading [10/10] artifacts (2.0 MiB / 9.0 MiB)
Downloading [10/10] artifacts (2.0 MiB / 9.0 MiB)
Downloading [10/10] artifacts (2.1 MiB / 9.0 MiB)
Downloading [10/10] artifacts (2.1 MiB / 9.0 MiB)
Downloading [10/10] artifacts (2.1 MiB / 9.0 MiB)
Downloading [10/10] artifacts (2.1 MiB / 9.0 MiB)
Downloading [10/10] artifacts (2.1 MiB / 9.0 MiB)
Downloading [10/10] artifacts (2.1 MiB / 9.0 MiB)
Downloading [10/10] artifacts (2.2 MiB / 9.0 MiB)
Downloading [10/10] artifacts (2.2 MiB / 9.0 MiB)
Downloading [10/10] artifacts (2.2 MiB / 9.0 MiB)
Downloading [10/10] artifacts (2.2 MiB / 9.0 MiB)
Downloading [10/10] artifacts (2.2 MiB / 9.0 MiB)
Downloading [10/10] artifacts (2.2 MiB / 9.0 MiB)
Downloading [10/10] artifacts (2.2 MiB / 9.0 MiB)
Downloading [10/10] artifacts (2.3 MiB / 9.0 MiB)
Downloading [10/10] artifacts (2.3 MiB / 9.0 MiB)
Downloading [10/10] artifacts (2.3 MiB / 9.0 MiB)
Downloading [10/10] artifacts (2.3 MiB / 9.0 MiB)
Downloading [10/10] artifacts (2.3 MiB / 9.0 MiB)
Downloading [10/10] artifacts (2.3 MiB / 9.0 MiB)
Downloading [10/10] artifacts (2.4 MiB / 9.0 MiB)
Downloading [10/10] artifacts (2.4 MiB / 9.0 MiB)
Downloading [10/10] artifacts (2.4 MiB / 9.0 MiB)
Downloading [10/10] artifacts (2.4 MiB / 9.0 MiB)
Downloading [10/10] artifacts (2.4 MiB / 9.0 MiB)
Downloading [10/10] artifacts (2.4 MiB / 9.0 MiB)
Downloading [10/10] artifacts (2.4 MiB / 9.0 MiB)
Downloading [10/10] artifacts (2.5 MiB / 9.0 MiB)
Downloading [10/10] artifacts (2.5 MiB / 9.0 MiB)
Downloading [10/10] artifacts (2.5 MiB / 9.0 MiB)
Downloading [10/10] artifacts (2.5 MiB / 9.0 MiB)
Downloading [10/10] artifacts (2.5 MiB / 9.0 MiB)
Downloading [10/10] artifacts (2.5 MiB / 9.0 MiB)
Downloading [10/10] artifacts (2.6 MiB / 9.0 MiB)
Downloading [10/10] artifacts (2.6 MiB / 9.0 MiB)
Downloading [10/10] artifacts (2.6 MiB / 9.0 MiB)
Downloading [10/10] artifacts (2.6 MiB / 9.0 MiB)
Downloading [10/10] artifacts (2.6 MiB / 9.0 MiB)
Downloading [10/10] artifacts (2.6 MiB / 9.0 MiB)
Downloading [10/10] artifacts (2.7 MiB / 9.0 MiB)
Downloading [10/10] artifacts (2.7 MiB / 9.0 MiB)
Downloading [10/10] artifacts (2.7 MiB / 9.0 MiB)
Downloading [10/10] artifacts (2.7 MiB / 9.0 MiB)
Downloading [10/10] artifacts (2.7 MiB / 9.0 MiB)
Downloading [10/10] artifacts (2.7 MiB / 9.0 MiB)
Downloading [10/10] artifacts (2.7 MiB / 9.0 MiB)
Downloading [10/10] artifacts (2.7 MiB / 9.0 MiB)
Downloading [10/10] artifacts (2.7 MiB / 9.0 MiB)
Downloading [10/10] artifacts (2.7 MiB / 9.0 MiB)
Downloading [10/10] artifacts (2.8 MiB / 9.0 MiB)
Downloading [10/10] artifacts (2.8 MiB / 9.0 MiB)
Downloading [10/10] artifacts (2.8 MiB / 9.0 MiB)
Downloading [10/10] artifacts (2.8 MiB / 9.0 MiB)
Downloading [10/10] artifacts (2.8 MiB / 9.0 MiB)
Downloading [10/10] artifacts (2.8 MiB / 9.0 MiB)
Downloading [10/10] artifacts (2.8 MiB / 9.0 MiB)
Downloading [10/10] artifacts (2.9 MiB / 9.0 MiB)
Downloading [10/10] artifacts (2.9 MiB / 9.0 MiB)
Downloading [10/10] artifacts (2.9 MiB / 9.0 MiB)
Downloading [10/10] artifacts (2.9 MiB / 9.0 MiB)
Downloading [10/10] artifacts (2.9 MiB / 9.0 MiB)
Downloading [10/10] artifacts (2.9 MiB / 9.0 MiB)
Downloading [10/10] artifacts (2.9 MiB / 9.0 MiB)
Downloading [10/10] artifacts (2.9 MiB / 9.0 MiB)
Downloading [10/10] artifacts (2.9 MiB / 9.0 MiB)
Downloading [10/10] artifacts (2.9 MiB / 9.0 MiB)
Downloading [10/10] artifacts (2.9 MiB / 9.0 MiB)
Downloading [10/10] artifacts (2.9 MiB / 9.0 MiB)
Downloading [10/10] artifacts (3.0 MiB / 9.0 MiB)
Downloading [10/10] artifacts (3.0 MiB / 9.0 MiB)
Downloading [10/10] artifacts (3.0 MiB / 9.0 MiB)
Downloading [10/10] artifacts (3.0 MiB / 9.0 MiB)
Downloading [10/10] artifacts (3.0 MiB / 9.0 MiB)
Downloading [10/10] artifacts (3.0 MiB / 9.0 MiB)
Downloading [10/10] artifacts (3.0 MiB / 9.0 MiB)
Downloading [10/10] artifacts (3.1 MiB / 9.0 MiB)
Downloading [10/10] artifacts (3.1 MiB / 9.0 MiB)
Downloading [10/10] artifacts (3.1 MiB / 9.0 MiB)
Downloading [10/10] artifacts (3.1 MiB / 9.0 MiB)
Downloading [10/10] artifacts (3.1 MiB / 9.0 MiB)
Downloading [10/10] artifacts (3.1 MiB / 9.0 MiB)
Downloading [10/10] artifacts (3.2 MiB / 9.0 MiB)
Downloading [10/10] artifacts (3.2 MiB / 9.0 MiB)
Downloading [10/10] artifacts (3.2 MiB / 9.0 MiB)
Downloading [10/10] artifacts (3.2 MiB / 9.0 MiB)
Downloading [10/10] artifacts (3.2 MiB / 9.0 MiB)
Downloading [10/10] artifacts (3.2 MiB / 9.0 MiB)
Downloading [10/10] artifacts (3.2 MiB / 9.0 MiB)
Downloading [10/10] artifacts (3.3 MiB / 9.0 MiB)
Downloading [10/10] artifacts (3.3 MiB / 9.0 MiB)
Downloading [10/10] artifacts (3.3 MiB / 9.0 MiB)
Downloading [10/10] artifacts (3.3 MiB / 9.0 MiB)
Downloading [10/10] artifacts (3.3 MiB / 9.0 MiB)
Downloading [10/10] artifacts (3.3 MiB / 9.0 MiB)
Downloading [10/10] artifacts (3.4 MiB / 9.0 MiB)
Downloading [10/10] artifacts (3.4 MiB / 9.0 MiB)
Downloading [10/10] artifacts (3.4 MiB / 9.0 MiB)
Downloading [10/10] artifacts (3.4 MiB / 9.0 MiB)
Downloading [10/10] artifacts (3.4 MiB / 9.0 MiB)
Downloading [10/10] artifacts (3.4 MiB / 9.0 MiB)
Downloading [10/10] artifacts (3.5 MiB / 9.0 MiB)
Downloading [10/10] artifacts (3.5 MiB / 9.0 MiB)
Downloading [10/10] artifacts (3.5 MiB / 9.0 MiB)
Downloading [10/10] artifacts (3.5 MiB / 9.0 MiB)
Downloading [10/10] artifacts (3.5 MiB / 9.0 MiB)
Downloading [10/10] artifacts (3.5 MiB / 9.0 MiB)
Downloading [10/10] artifacts (3.5 MiB / 9.0 MiB)
Downloading [10/10] artifacts (3.6 MiB / 9.0 MiB)
Downloading [10/10] artifacts (3.6 MiB / 9.0 MiB)
Downloading [10/10] artifacts (3.6 MiB / 9.0 MiB)
Downloading [10/10] artifacts (3.6 MiB / 9.0 MiB)
Downloading [10/10] artifacts (3.6 MiB / 9.0 MiB)
Downloading [10/10] artifacts (3.6 MiB / 9.0 MiB)
Downloading [10/10] artifacts (3.6 MiB / 9.0 MiB)
Downloading [10/10] artifacts (3.6 MiB / 9.0 MiB)
Downloading [10/10] artifacts (3.7 MiB / 9.0 MiB)
Downloading [10/10] artifacts (3.7 MiB / 9.0 MiB)
Downloading [10/10] artifacts (3.7 MiB / 9.0 MiB)
Downloading [10/10] artifacts (3.7 MiB / 9.0 MiB)
Downloading [10/10] artifacts (3.7 MiB / 9.0 MiB)
Downloading [10/10] artifacts (3.7 MiB / 9.0 MiB)
Downloading [10/10] artifacts (3.7 MiB / 9.0 MiB)
Downloading [10/10] artifacts (3.8 MiB / 9.0 MiB)
Downloading [10/10] artifacts (3.8 MiB / 9.0 MiB)
Downloading [10/10] artifacts (3.8 MiB / 9.0 MiB)
Downloading [10/10] artifacts (3.8 MiB / 9.0 MiB)
Downloading [10/10] artifacts (3.8 MiB / 9.0 MiB)
Downloading [10/10] artifacts (3.8 MiB / 9.0 MiB)
Downloading [10/10] artifacts (3.8 MiB / 9.0 MiB)
Downloading [10/10] artifacts (3.9 MiB / 9.0 MiB)
Downloading [10/10] artifacts (3.9 MiB / 9.0 MiB)
Downloading [10/10] artifacts (3.9 MiB / 9.0 MiB)
Downloading [10/10] artifacts (3.9 MiB / 9.0 MiB)
Downloading [10/10] artifacts (3.9 MiB / 9.0 MiB)
Downloading [10/10] artifacts (3.9 MiB / 9.0 MiB)
Downloading [10/10] artifacts (3.9 MiB / 9.0 MiB)
Downloading [10/10] artifacts (3.9 MiB / 9.0 MiB)
Downloading [10/10] artifacts (3.9 MiB / 9.0 MiB)
Downloading [10/10] artifacts (4.0 MiB / 9.0 MiB)
Downloading [10/10] artifacts (4.0 MiB / 9.0 MiB)
Downloading [10/10] artifacts (4.0 MiB / 9.0 MiB)
Downloading [10/10] artifacts (4.0 MiB / 9.0 MiB)
Downloading [10/10] artifacts (4.0 MiB / 9.0 MiB)
Downloading [10/10] artifacts (4.0 MiB / 9.0 MiB)
Downloading [10/10] artifacts (4.0 MiB / 9.0 MiB)
Downloading [10/10] artifacts (4.0 MiB / 9.0 MiB)
Downloading [10/10] artifacts (4.1 MiB / 9.0 MiB)
Downloading [10/10] artifacts (4.1 MiB / 9.0 MiB)
Downloading [10/10] artifacts (4.1 MiB / 9.0 MiB)
Downloading [10/10] artifacts (4.1 MiB / 9.0 MiB)
Downloading [10/10] artifacts (4.1 MiB / 9.0 MiB)
Downloading [10/10] artifacts (4.1 MiB / 9.0 MiB)
Downloading [10/10] artifacts (4.1 MiB / 9.0 MiB)
Downloading [10/10] artifacts (4.2 MiB / 9.0 MiB)
Downloading [10/10] artifacts (4.2 MiB / 9.0 MiB)
Downloading [10/10] artifacts (4.2 MiB / 9.0 MiB)
Downloading [10/10] artifacts (4.2 MiB / 9.0 MiB)
Downloading [10/10] artifacts (4.2 MiB / 9.0 MiB)
Downloading [10/10] artifacts (4.2 MiB / 9.0 MiB)
Downloading [10/10] artifacts (4.2 MiB / 9.0 MiB)
Downloading [10/10] artifacts (4.3 MiB / 9.0 MiB)
Downloading [10/10] artifacts (4.3 MiB / 9.0 MiB)
Downloading [10/10] artifacts (4.3 MiB / 9.0 MiB)
Downloading [10/10] artifacts (4.3 MiB / 9.0 MiB)
Downloading [10/10] artifacts (4.3 MiB / 9.0 MiB)
Downloading [10/10] artifacts (4.3 MiB / 9.0 MiB)
Downloading [10/10] artifacts (4.4 MiB / 9.0 MiB)
Downloading [10/10] artifacts (4.4 MiB / 9.0 MiB)
Downloading [10/10] artifacts (4.4 MiB / 9.0 MiB)
Downloading [10/10] artifacts (4.4 MiB / 9.0 MiB)
Downloading [10/10] artifacts (4.4 MiB / 9.0 MiB)
Downloading [10/10] artifacts (4.4 MiB / 9.0 MiB)
Downloading [10/10] artifacts (4.4 MiB / 9.0 MiB)
Downloading [10/10] artifacts (4.5 MiB / 9.0 MiB)
Downloading [10/10] artifacts (4.5 MiB / 9.0 MiB)
Downloading [10/10] artifacts (4.5 MiB / 9.0 MiB)
Downloading [10/10] artifacts (4.5 MiB / 9.0 MiB)
Downloading [10/10] artifacts (4.5 MiB / 9.0 MiB)
Downloading [10/10] artifacts (4.5 MiB / 9.0 MiB)
Downloading [10/10] artifacts (4.6 MiB / 9.0 MiB)
Downloading [10/10] artifacts (4.6 MiB / 9.0 MiB)
Downloading [10/10] artifacts (4.6 MiB / 9.0 MiB)
Downloading [10/10] artifacts (4.6 MiB / 9.0 MiB)
Downloading [10/10] artifacts (4.6 MiB / 9.0 MiB)
Downloading [10/10] artifacts (4.6 MiB / 9.0 MiB)
Downloading [10/10] artifacts (4.7 MiB / 9.0 MiB)
Downloading [10/10] artifacts (4.7 MiB / 9.0 MiB)
Downloading [10/10] artifacts (4.7 MiB / 9.0 MiB)
Downloading [10/10] artifacts (4.7 MiB / 9.0 MiB)
Downloading [10/10] artifacts (4.7 MiB / 9.0 MiB)
Downloading [10/10] artifacts (4.7 MiB / 9.0 MiB)
Downloading [10/10] artifacts (4.7 MiB / 9.0 MiB)
Downloading [10/10] artifacts (4.8 MiB / 9.0 MiB)
Downloading [10/10] artifacts (4.8 MiB / 9.0 MiB)
Downloading [10/10] artifacts (4.8 MiB / 9.0 MiB)
Downloading [10/10] artifacts (4.8 MiB / 9.0 MiB)
Downloading [10/10] artifacts (4.8 MiB / 9.0 MiB)
Downloading [10/10] artifacts (4.8 MiB / 9.0 MiB)
Downloading [10/10] artifacts (4.8 MiB / 9.0 MiB)
Downloading [10/10] artifacts (4.9 MiB / 9.0 MiB)
Downloading [10/10] artifacts (4.9 MiB / 9.0 MiB)
Downloading [10/10] artifacts (4.9 MiB / 9.0 MiB)
Downloading [10/10] artifacts (4.9 MiB / 9.0 MiB)
Downloading [10/10] artifacts (4.9 MiB / 9.0 MiB)
Downloading [10/10] artifacts (4.9 MiB / 9.0 MiB)
Downloading [10/10] artifacts (5.0 MiB / 9.0 MiB)
Downloading [10/10] artifacts (5.0 MiB / 9.0 MiB)
Downloading [10/10] artifacts (5.0 MiB / 9.0 MiB)
Downloading [10/10] artifacts (5.0 MiB / 9.0 MiB)
Downloading [10/10] artifacts (5.0 MiB / 9.0 MiB)
Downloading [10/10] artifacts (5.0 MiB / 9.0 MiB)
Downloading [10/10] artifacts (5.1 MiB / 9.0 MiB)
Downloading [10/10] artifacts (5.1 MiB / 9.0 MiB)
Downloading [10/10] artifacts (5.1 MiB / 9.0 MiB)
Downloading [10/10] artifacts (5.1 MiB / 9.0 MiB)
Downloading [10/10] artifacts (5.1 MiB / 9.0 MiB)
Downloading [10/10] artifacts (5.1 MiB / 9.0 MiB)
Downloading [10/10] artifacts (5.1 MiB / 9.0 MiB)
Downloading [10/10] artifacts (5.2 MiB / 9.0 MiB)
Downloading [10/10] artifacts (5.2 MiB / 9.0 MiB)
Downloading [10/10] artifacts (5.2 MiB / 9.0 MiB)
Downloading [10/10] artifacts (5.2 MiB / 9.0 MiB)
Downloading [10/10] artifacts (5.2 MiB / 9.0 MiB)
Downloading [10/10] artifacts (5.2 MiB / 9.0 MiB)
Downloading [10/10] artifacts (5.3 MiB / 9.0 MiB)
Downloading [10/10] artifacts (5.3 MiB / 9.0 MiB)
Downloading [10/10] artifacts (5.3 MiB / 9.0 MiB)
Downloading [10/10] artifacts (5.3 MiB / 9.0 MiB)
Downloading [10/10] artifacts (5.3 MiB / 9.0 MiB)
Downloading [10/10] artifacts (5.3 MiB / 9.0 MiB)
Downloading [10/10] artifacts (5.3 MiB / 9.0 MiB)
Downloading [10/10] artifacts (5.4 MiB / 9.0 MiB)
Downloading [10/10] artifacts (5.4 MiB / 9.0 MiB)
Downloading [10/10] artifacts (5.4 MiB / 9.0 MiB)
Downloading [10/10] artifacts (5.4 MiB / 9.0 MiB)
Downloading [10/10] artifacts (5.4 MiB / 9.0 MiB)
Downloading [10/10] artifacts (5.4 MiB / 9.0 MiB)
Downloading [10/10] artifacts (5.5 MiB / 9.0 MiB)
Downloading [10/10] artifacts (5.5 MiB / 9.0 MiB)
Downloading [10/10] artifacts (5.5 MiB / 9.0 MiB)
Downloading [10/10] artifacts (5.5 MiB / 9.0 MiB)
Downloading [10/10] artifacts (5.5 MiB / 9.0 MiB)
Downloading [10/10] artifacts (5.5 MiB / 9.0 MiB)
Downloading [10/10] artifacts (5.6 MiB / 9.0 MiB)
Downloading [10/10] artifacts (5.6 MiB / 9.0 MiB)
Downloading [10/10] artifacts (5.6 MiB / 9.0 MiB)
Downloading [10/10] artifacts (5.6 MiB / 9.0 MiB)
Downloading [10/10] artifacts (5.6 MiB / 9.0 MiB)
Downloading [10/10] artifacts (5.6 MiB / 9.0 MiB)
Downloading [10/10] artifacts (5.6 MiB / 9.0 MiB)
Downloading [10/10] artifacts (5.6 MiB / 9.0 MiB)
Downloading [10/10] artifacts (5.7 MiB / 9.0 MiB)
Downloading [10/10] artifacts (5.7 MiB / 9.0 MiB)
Downloading [10/10] artifacts (5.7 MiB / 9.0 MiB)
Downloading [10/10] artifacts (5.7 MiB / 9.0 MiB)
Downloading [10/10] artifacts (5.7 MiB / 9.0 MiB)
Downloading [10/10] artifacts (5.7 MiB / 9.0 MiB)
Downloading [10/10] artifacts (5.8 MiB / 9.0 MiB)
Downloading [10/10] artifacts (5.8 MiB / 9.0 MiB)
Downloading [10/10] artifacts (5.8 MiB / 9.0 MiB)
Downloading [10/10] artifacts (5.8 MiB / 9.0 MiB)
Downloading [10/10] artifacts (5.8 MiB / 9.0 MiB)
Downloading [10/10] artifacts (5.8 MiB / 9.0 MiB)
Downloading [10/10] artifacts (5.8 MiB / 9.0 MiB)
Downloading [10/10] artifacts (5.9 MiB / 9.0 MiB)
Downloading [10/10] artifacts (5.9 MiB / 9.0 MiB)
Downloading [10/10] artifacts (5.9 MiB / 9.0 MiB)
Downloading [10/10] artifacts (5.9 MiB / 9.0 MiB)
Downloading [10/10] artifacts (5.9 MiB / 9.0 MiB)
Downloading [10/10] artifacts (5.9 MiB / 9.0 MiB)
Downloading [10/10] artifacts (5.9 MiB / 9.0 MiB)
Downloading [10/10] artifacts (6.0 MiB / 9.0 MiB)
Downloading [10/10] artifacts (6.0 MiB / 9.0 MiB)
Downloading [10/10] artifacts (6.0 MiB / 9.0 MiB)
Downloading [10/10] artifacts (6.0 MiB / 9.0 MiB)
Downloading [10/10] artifacts (6.0 MiB / 9.0 MiB)
Downloading [10/10] artifacts (6.0 MiB / 9.0 MiB)
Downloading [10/10] artifacts (6.1 MiB / 9.0 MiB)
Downloading [10/10] artifacts (6.1 MiB / 9.0 MiB)
Downloading [10/10] artifacts (6.1 MiB / 9.0 MiB)
Downloading [10/10] artifacts (6.1 MiB / 9.0 MiB)
Downloading [10/10] artifacts (6.1 MiB / 9.0 MiB)
Downloading [10/10] artifacts (6.1 MiB / 9.0 MiB)
Downloading [10/10] artifacts (6.1 MiB / 9.0 MiB)
Downloading [10/10] artifacts (6.1 MiB / 9.0 MiB)
Downloading [10/10] artifacts (6.1 MiB / 9.0 MiB)
Downloading [10/10] artifacts (6.2 MiB / 9.0 MiB)
Downloading [10/10] artifacts (6.2 MiB / 9.0 MiB)
Downloading [10/10] artifacts (6.2 MiB / 9.0 MiB)
Downloading [10/10] artifacts (6.2 MiB / 9.0 MiB)
Downloading [10/10] artifacts (6.2 MiB / 9.0 MiB)
Downloading [10/10] artifacts (6.2 MiB / 9.0 MiB)
Downloading [10/10] artifacts (6.3 MiB / 9.0 MiB)
Downloading [10/10] artifacts (6.3 MiB / 9.0 MiB)
Downloading [10/10] artifacts (6.3 MiB / 9.0 MiB)
Downloading [10/10] artifacts (6.3 MiB / 9.0 MiB)
Downloading [10/10] artifacts (6.3 MiB / 9.0 MiB)
Downloading [10/10] artifacts (6.3 MiB / 9.0 MiB)
Downloading [10/10] artifacts (6.3 MiB / 9.0 MiB)
Downloading [10/10] artifacts (6.4 MiB / 9.0 MiB)
Downloading [10/10] artifacts (6.4 MiB / 9.0 MiB)
Downloading [10/10] artifacts (6.4 MiB / 9.0 MiB)
Downloading [10/10] artifacts (6.4 MiB / 9.0 MiB)
Downloading [10/10] artifacts (6.4 MiB / 9.0 MiB)
Downloading [10/10] artifacts (6.4 MiB / 9.0 MiB)
Downloading [10/10] artifacts (6.5 MiB / 9.0 MiB)
Downloading [10/10] artifacts (6.5 MiB / 9.0 MiB)
Downloading [10/10] artifacts (6.5 MiB / 9.0 MiB)
Downloading [10/10] artifacts (6.5 MiB / 9.0 MiB)
Downloading [10/10] artifacts (6.5 MiB / 9.0 MiB)
Downloading [10/10] artifacts (6.5 MiB / 9.0 MiB)
Downloading [10/10] artifacts (6.5 MiB / 9.0 MiB)
Downloading [10/10] artifacts (6.6 MiB / 9.0 MiB)
Downloading [10/10] artifacts (6.6 MiB / 9.0 MiB)
Downloading [10/10] artifacts (6.6 MiB / 9.0 MiB)
Downloading [10/10] artifacts (6.6 MiB / 9.0 MiB)
Downloading [10/10] artifacts (6.6 MiB / 9.0 MiB)
Downloading [10/10] artifacts (6.6 MiB / 9.0 MiB)
Downloading [10/10] artifacts (6.7 MiB / 9.0 MiB)
Downloading [10/10] artifacts (6.7 MiB / 9.0 MiB)
Downloading [10/10] artifacts (6.7 MiB / 9.0 MiB)
Downloading [10/10] artifacts (6.7 MiB / 9.0 MiB)
Downloading [10/10] artifacts (6.7 MiB / 9.0 MiB)
Downloading [10/10] artifacts (6.7 MiB / 9.0 MiB)
Downloading [10/10] artifacts (6.7 MiB / 9.0 MiB)
Downloading [10/10] artifacts (6.8 MiB / 9.0 MiB)
Downloading [10/10] artifacts (6.8 MiB / 9.0 MiB)
Downloading [10/10] artifacts (6.8 MiB / 9.0 MiB)
Downloading [10/10] artifacts (6.8 MiB / 9.0 MiB)
Downloading [10/10] artifacts (6.8 MiB / 9.0 MiB)
Downloading [10/10] artifacts (6.8 MiB / 9.0 MiB)
Downloading [10/10] artifacts (6.9 MiB / 9.0 MiB)
Downloading [10/10] artifacts (6.9 MiB / 9.0 MiB)
Downloading [10/10] artifacts (6.9 MiB / 9.0 MiB)
Downloading [10/10] artifacts (6.9 MiB / 9.0 MiB)
Downloading [10/10] artifacts (6.9 MiB / 9.0 MiB)
Downloading [10/10] artifacts (6.9 MiB / 9.0 MiB)
Downloading [10/10] artifacts (6.9 MiB / 9.0 MiB)
Downloading [10/10] artifacts (7.0 MiB / 9.0 MiB)
Downloading [10/10] artifacts (7.0 MiB / 9.0 MiB)
Downloading [10/10] artifacts (7.0 MiB / 9.0 MiB)
Downloading [10/10] artifacts (7.0 MiB / 9.0 MiB)
Downloading [10/10] artifacts (7.0 MiB / 9.0 MiB)
Downloading [10/10] artifacts (7.0 MiB / 9.0 MiB)
Downloading [10/10] artifacts (7.0 MiB / 9.0 MiB)
Downloading [10/10] artifacts (7.1 MiB / 9.0 MiB)
Downloading [10/10] artifacts (7.1 MiB / 9.0 MiB)
Downloading [10/10] artifacts (7.1 MiB / 9.0 MiB)
Downloading [10/10] artifacts (7.1 MiB / 9.0 MiB)
Downloading [10/10] artifacts (7.1 MiB / 9.0 MiB)
Downloading [10/10] artifacts (7.1 MiB / 9.0 MiB)
Downloading [10/10] artifacts (7.1 MiB / 9.0 MiB)
Downloading [10/10] artifacts (7.2 MiB / 9.0 MiB)
Downloading [10/10] artifacts (7.2 MiB / 9.0 MiB)
Downloading [10/10] artifacts (7.2 MiB / 9.0 MiB)
Downloading [10/10] artifacts (7.2 MiB / 9.0 MiB)
Downloading [10/10] artifacts (7.2 MiB / 9.0 MiB)
Downloading [10/10] artifacts (7.2 MiB / 9.0 MiB)
Downloading [10/10] artifacts (7.3 MiB / 9.0 MiB)
Downloading [10/10] artifacts (7.3 MiB / 9.0 MiB)
Downloading [10/10] artifacts (7.3 MiB / 9.0 MiB)
Downloading [10/10] artifacts (7.3 MiB / 9.0 MiB)
Downloading [10/10] artifacts (7.3 MiB / 9.0 MiB)
Downloading [10/10] artifacts (7.3 MiB / 9.0 MiB)
Downloading [10/10] artifacts (7.4 MiB / 9.0 MiB)
Downloading [10/10] artifacts (7.4 MiB / 9.0 MiB)
Downloading [10/10] artifacts (7.4 MiB / 9.0 MiB)
Downloading [10/10] artifacts (7.4 MiB / 9.0 MiB)
Downloading [10/10] artifacts (7.4 MiB / 9.0 MiB)
Downloading [10/10] artifacts (7.4 MiB / 9.0 MiB)
Downloading [10/10] artifacts (7.4 MiB / 9.0 MiB)
Downloading [10/10] artifacts (7.5 MiB / 9.0 MiB)
Downloading [10/10] artifacts (7.5 MiB / 9.0 MiB)
Downloading [10/10] artifacts (7.5 MiB / 9.0 MiB)
Downloading [10/10] artifacts (7.5 MiB / 9.0 MiB)
Downloading [10/10] artifacts (7.5 MiB / 9.0 MiB)
Downloading [10/10] artifacts (7.5 MiB / 9.0 MiB)
Downloading [10/10] artifacts (7.6 MiB / 9.0 MiB)
Downloading [10/10] artifacts (7.6 MiB / 9.0 MiB)
Downloading [10/10] artifacts (7.6 MiB / 9.0 MiB)
Downloading [10/10] artifacts (7.6 MiB / 9.0 MiB)
Downloading [10/10] artifacts (7.6 MiB / 9.0 MiB)
Downloading [10/10] artifacts (7.6 MiB / 9.0 MiB)
Downloading [10/10] artifacts (7.6 MiB / 9.0 MiB)
Downloading [10/10] artifacts (7.6 MiB / 9.0 MiB)
Downloading [10/10] artifacts (7.7 MiB / 9.0 MiB)
Downloading [10/10] artifacts (7.7 MiB / 9.0 MiB)
Downloading [10/10] artifacts (7.7 MiB / 9.0 MiB)
Downloading [10/10] artifacts (7.7 MiB / 9.0 MiB)
Downloading [10/10] artifacts (7.7 MiB / 9.0 MiB)
Downloading [10/10] artifacts (7.7 MiB / 9.0 MiB)
Downloading [10/10] artifacts (7.7 MiB / 9.0 MiB)
Downloading [10/10] artifacts (7.8 MiB / 9.0 MiB)
Downloading [10/10] artifacts (7.8 MiB / 9.0 MiB)
Downloading [10/10] artifacts (7.8 MiB / 9.0 MiB)
Downloading [10/10] artifacts (7.8 MiB / 9.0 MiB)
Downloading [10/10] artifacts (7.8 MiB / 9.0 MiB)
Downloading [10/10] artifacts (7.8 MiB / 9.0 MiB)
Downloading [10/10] artifacts (7.8 MiB / 9.0 MiB)
Downloading [10/10] artifacts (7.9 MiB / 9.0 MiB)
Downloading [10/10] artifacts (7.9 MiB / 9.0 MiB)
Downloading [10/10] artifacts (7.9 MiB / 9.0 MiB)
Downloading [10/10] artifacts (7.9 MiB / 9.0 MiB)
Downloading [10/10] artifacts (7.9 MiB / 9.0 MiB)
Downloading [10/10] artifacts (7.9 MiB / 9.0 MiB)
Downloading [10/10] artifacts (7.9 MiB / 9.0 MiB)
Downloading [10/10] artifacts (8.0 MiB / 9.0 MiB)
Downloading [10/10] artifacts (8.0 MiB / 9.0 MiB)
Downloading [10/10] artifacts (8.0 MiB / 9.0 MiB)
Downloading [10/10] artifacts (8.0 MiB / 9.0 MiB)
Downloading [10/10] artifacts (8.0 MiB / 9.0 MiB)
Downloading [10/10] artifacts (8.0 MiB / 9.0 MiB)
Downloading [10/10] artifacts (8.1 MiB / 9.0 MiB)
Downloading [10/10] artifacts (8.1 MiB / 9.0 MiB)
Downloading [10/10] artifacts (8.1 MiB / 9.0 MiB)
Downloading [10/10] artifacts (8.1 MiB / 9.0 MiB)
Downloading [10/10] artifacts (8.1 MiB / 9.0 MiB)
Downloading [10/10] artifacts (8.1 MiB / 9.0 MiB)
Downloading [10/10] artifacts (8.1 MiB / 9.0 MiB)
Downloading [10/10] artifacts (8.2 MiB / 9.0 MiB)
Downloading [10/10] artifacts (8.2 MiB / 9.0 MiB)
Downloading [10/10] artifacts (8.2 MiB / 9.0 MiB)
Downloading [10/10] artifacts (8.2 MiB / 9.0 MiB)
Downloading [10/10] artifacts (8.2 MiB / 9.0 MiB)
Downloading [10/10] artifacts (8.2 MiB / 9.0 MiB)
Downloading [10/10] artifacts (8.3 MiB / 9.0 MiB)
Downloading [10/10] artifacts (8.3 MiB / 9.0 MiB)
Downloading [10/10] artifacts (8.3 MiB / 9.0 MiB)
Downloading [10/10] artifacts (8.3 MiB / 9.0 MiB)
Downloading [10/10] artifacts (8.3 MiB / 9.0 MiB)
Downloading [10/10] artifacts (8.3 MiB / 9.0 MiB)
Downloading [10/10] artifacts (8.3 MiB / 9.0 MiB)
Downloading [10/10] artifacts (8.4 MiB / 9.0 MiB)
Downloading [10/10] artifacts (8.4 MiB / 9.0 MiB)
Downloading [10/10] artifacts (8.4 MiB / 9.0 MiB)
Downloading [10/10] artifacts (8.4 MiB / 9.0 MiB)
Downloading [10/10] artifacts (8.4 MiB / 9.0 MiB)
Downloading [10/10] artifacts (8.4 MiB / 9.0 MiB)
Downloading [10/10] artifacts (8.5 MiB / 9.0 MiB)
Downloading [10/10] artifacts (8.5 MiB / 9.0 MiB)
Downloading [10/10] artifacts (8.5 MiB / 9.0 MiB)
Downloading [10/10] artifacts (8.5 MiB / 9.0 MiB)
Downloading [10/10] artifacts (8.5 MiB / 9.0 MiB)
Downloading [10/10] artifacts (8.5 MiB / 9.0 MiB)
Downloading [10/10] artifacts (8.6 MiB / 9.0 MiB)
Downloading [10/10] artifacts (8.6 MiB / 9.0 MiB)
Downloading [10/10] artifacts (8.6 MiB / 9.0 MiB)
Downloading [10/10] artifacts (8.6 MiB / 9.0 MiB)
Downloading [10/10] artifacts (8.6 MiB / 9.0 MiB)
Downloading [10/10] artifacts (8.6 MiB / 9.0 MiB)
Downloading [10/10] artifacts (8.6 MiB / 9.0 MiB)
Downloading [10/10] artifacts (8.7 MiB / 9.0 MiB)
Downloading [10/10] artifacts (8.7 MiB / 9.0 MiB)
Downloading [10/10] artifacts (8.7 MiB / 9.0 MiB)
Downloading [10/10] artifacts (8.7 MiB / 9.0 MiB)
Downloading [10/10] artifacts (8.7 MiB / 9.0 MiB)
Downloading [10/10] artifacts (8.7 MiB / 9.0 MiB)
Downloading [10/10] artifacts (8.8 MiB / 9.0 MiB)
Downloading [10/10] artifacts (8.8 MiB / 9.0 MiB)
Downloading [10/10] artifacts (8.8 MiB / 9.0 MiB)
Downloading [10/10] artifacts (8.8 MiB / 9.0 MiB)
Downloading [10/10] artifacts (8.8 MiB / 9.0 MiB)
Downloading [10/10] artifacts (8.8 MiB / 9.0 MiB)
Downloading [10/10] artifacts (8.8 MiB / 9.0 MiB)
Downloading [10/10] artifacts (8.9 MiB / 9.0 MiB)
Downloading [10/10] artifacts (8.9 MiB / 9.0 MiB)
Downloading [10/10] artifacts (8.9 MiB / 9.0 MiB)
Downloading [10/10] artifacts (8.9 MiB / 9.0 MiB)
Downloading [10/10] artifacts (8.9 MiB / 9.0 MiB)
Downloading [10/10] artifacts (8.9 MiB / 9.0 MiB)
Downloading [10/10] artifacts (8.9 MiB / 9.0 MiB)
Downloading [10/10] artifacts (9.0 MiB / 9.0 MiB)
Downloading [10/10] artifacts (9.0 MiB / 9.0 MiB)
Downloading [10/10] artifacts (9.0 MiB / 9.0 MiB)
Downloading [10/10] artifacts (9.0 MiB / 9.0 MiB)
Downloading [10/10] artifacts (9.0 MiB / 9.0 MiB)
